<html>
<body>
<pre>
<h1>µVision Build Log</h1>
<h2>Tool Versions:</h2>
IDE-Version: µVision V5.38.0.0
Copyright (C) 2022 ARM Ltd and ARM Germany GmbH. All rights reserved.
License Information: tuan do, ABC, LIC=14HV2-9TT93-VE3HA-1JP7N-H1EV5-8YPT7
 
Tool Versions:
Toolchain:       MDK-ARM Plus  Version: 5.38.0.0
Toolchain Path:  C:\Keil_v5\ARM\ARMCLANG\Bin
C Compiler:      ArmClang.exe V6.19
Assembler:       Armasm.exe V6.19
Linker/Locator:  ArmLink.exe V6.19
Library Manager: ArmAr.exe V6.19
Hex Converter:   FromElf.exe V6.19
CPU DLL:         SARMCM3.DLL V5.38.0.0
Dialog DLL:      DCM.DLL V1.17.5.0
Target DLL:      STLink\ST-LINKIII-KEIL_SWO.dll V3.1.0.0
Dialog DLL:      TCM.DLL V1.56.4.0
 
<h2>Project:</h2>
D:\STM32\STM32_KEILC\STM32F1_ENC28J60\MDK-ARM\STM32F1_ENC28J60.uvprojx
Project File Date:  12/17/2023

<h2>Output:</h2>
*** Using Compiler 'V6.19', folder: 'C:\Keil_v5\ARM\ARMCLANG\Bin'
Build target 'STM32F1_ENC28J60'
assembling startup_stm32f103xb.s...
compiling stm32f1xx_it.c...
compiling stm32f1xx_hal_msp.c...
compiling uart.c...
compiling stm32f1xx_hal_gpio_ex.c...
../Lib/enc28j60.c(92): warning: logical not is only applied to the left hand side of this bitwise operator [-Wlogical-not-parentheses]
 while(!ENC28J60_read_command(ENC28J60_READ_CTRL_REG,ESTAT)&ESTAT_CLKRDY); //cho bit CLKRDY duoc set
       ^                                                   ~
../Lib/enc28j60.c(92): note: add parentheses after the '!' to evaluate the bitwise operator first
 while(!ENC28J60_read_command(ENC28J60_READ_CTRL_REG,ESTAT)&ESTAT_CLKRDY); //cho bit CLKRDY duoc set
       ^
        (                                                               )
../Lib/enc28j60.c(92): note: add parentheses around left hand side expression to silence this warning
 while(!ENC28J60_read_command(ENC28J60_READ_CTRL_REG,ESTAT)&ESTAT_CLKRDY); //cho bit CLKRDY duoc set
       ^
       (                                                   )
1 warning generated.
compiling enc28j60.c...
compiling main.c...
compiling stm32f1xx_hal_spi.c...
compiling stm32f1xx_hal.c...
compiling stm32f1xx_hal_rcc_ex.c...
compiling stm32f1xx_hal_cortex.c...
compiling stm32f1xx_hal_gpio.c...
compiling stm32f1xx_hal_dma.c...
compiling stm32f1xx_hal_rcc.c...
compiling stm32f1xx_hal_pwr.c...
compiling stm32f1xx_hal_flash.c...
compiling stm32f1xx_hal_flash_ex.c...
compiling stm32f1xx_hal_exti.c...
compiling api_lib.c...
compiling stm32f1xx_hal_uart.c...
compiling err.c...
compiling api_msg.c...
compiling stm32f1xx_hal_tim_ex.c...
compiling system_stm32f1xx.c...
compiling if_api.c...
compiling netdb.c...
compiling stm32f1xx_hal_tim.c...
compiling tcpip.c...
compiling netbuf.c...
compiling netifapi.c...
compiling sockets.c...
compiling altcp.c...
compiling mqtt.c...
compiling altcp_alloc.c...
compiling altcp_tcp.c...
compiling def.c...
compiling inet_chksum.c...
compiling dns.c...
compiling init.c...
compiling ip.c...
compiling mem.c...
compiling memp.c...
compiling raw.c...
compiling netif.c...
compiling pbuf.c...
compiling stats.c...
compiling sys.c...
compiling bridgeif.c...
compiling bridgeif_fdb.c...
compiling tcp.c...
compiling timeouts.c...
compiling tcp_in.c...
compiling udp.c...
compiling tcp_out.c...
compiling lowpan6_ble.c...
compiling lowpan6.c...
compiling ethernet.c...
compiling lowpan6_common.c...
compiling zepif.c...
compiling slipif.c...
compiling autoip.c...
compiling dhcp.c...
compiling igmp.c...
compiling icmp.c...
compiling ip4_addr.c...
compiling etharp.c...
compiling ip4.c...
compiling ip4_frag.c...
compiling lwip_user.c...
compiling SEGGER_RTT_printf.c...
../app_debug/app_debug.c(26): warning: format specifies type 'unsigned long' but the argument has type 'uint32_t' (aka 'unsigned int') [-Wformat]
    p += sprintf(m_debug_buffer, "<%lu>: ", sys_get_tick_ms());
                                   ~~~      ^~~~~~~~~~~~~~~~~
                                   %u
1 warning generated.
compiling app_debug.c...
compiling SEGGER_RTT.c...
compiling ethernetif.c...
compiling mqtt_client.c...
linking...
Program Size: Code=87276 RO-data=2512 RW-data=32 ZI-data=20408  
FromELF: creating hex file...
"STM32F1_ENC28J60\STM32F1_ENC28J60.axf" - 0 Error(s), 2 Warning(s).

<h2>Software Packages used:</h2>

Package Vendor: ARM
                http://www.keil.com/pack/ARM.CMSIS.5.9.0.pack
                ARM.CMSIS.5.9.0
                CMSIS (Common Microcontroller Software Interface Standard)
   * Component: CORE Version: 5.6.0

Package Vendor: Keil
                https://www.keil.com/pack/Keil.STM32F1xx_DFP.2.4.1.pack
                Keil.STM32F1xx_DFP.2.4.1
                STMicroelectronics STM32F1 Series Device Support, Drivers and Examples

<h2>Collection of Component include folders:</h2>
  ./RTE/_STM32F1_ENC28J60
  C:/Users/admin/AppData/Local/Arm/Packs/ARM/CMSIS/5.9.0/CMSIS/Core/Include
  C:/Users/admin/AppData/Local/Arm/Packs/Keil/STM32F1xx_DFP/2.4.1/Device/Include

<h2>Collection of Component Files used:</h2>

   * Component: ARM::CMSIS:CORE:5.6.0
      Include file:  CMSIS/Core/Include/tz_context.h
Build Time Elapsed:  00:00:05
</pre>
</body>
</html>
