<html>
<body>
<pre>
<h1>µVision Build Log</h1>
<h2>Tool Versions:</h2>
IDE-Version: µVision V5.38.0.0
Copyright (C) 2022 ARM Ltd and ARM Germany GmbH. All rights reserved.
License Information: tuan do, ABC, LIC=14HV2-9TT93-VE3HA-1JP7N-H1EV5-8YPT7
 
Tool Versions:
Toolchain:       MDK-ARM Plus  Version: 5.38.0.0
Toolchain Path:  C:\Keil_v5\ARM\ARMCLANG\Bin
C Compiler:      ArmClang.exe V6.19
Assembler:       Armasm.exe V6.19
Linker/Locator:  ArmLink.exe V6.19
Library Manager: ArmAr.exe V6.19
Hex Converter:   FromElf.exe V6.19
CPU DLL:         SARMCM3.DLL V5.38.0.0
Dialog DLL:      DCM.DLL V1.17.5.0
Target DLL:      STLink\ST-LINKIII-KEIL_SWO.dll V3.1.0.0
Dialog DLL:      TCM.DLL V1.56.4.0
 
<h2>Project:</h2>
D:\STM32\STM32_KEILC\F4_CONTROL_STEP_V3\MDK-ARM\F4_CONTROL_STEP_V3.uvprojx
Project File Date:  04/25/2024

<h2>Output:</h2>
*** Using Compiler 'V6.19', folder: 'C:\Keil_v5\ARM\ARMCLANG\Bin'
Rebuild target 'F4_CONTROL_STEP_V3'
compiling gpio.c...
compiling tim.c...
compiling stm32f4xx_it.c...
compiling dma.c...
compiling spi.c...
compiling main.c...
assembling startup_stm32f401xc.s...
compiling stm32f4xx_hal_msp.c...
compiling stm32f4xx_hal_flash_ramfunc.c...
compiling stm32f4xx_hal_rcc_ex.c...
compiling stm32f4xx_hal_flash.c...
compiling stm32f4xx_hal_flash_ex.c...
compiling stm32f4xx_hal_rcc.c...
compiling stm32f4xx_hal_gpio.c...
compiling stm32f4xx_hal_dma_ex.c...
compiling stm32f4xx_hal_pwr.c...
compiling stm32f4xx_hal_pwr_ex.c...
compiling stm32f4xx_hal_dma.c...
compiling stm32f4xx_hal_cortex.c...
compiling stm32f4xx_hal_spi.c...
compiling stm32f4xx_hal.c...
compiling stm32f4xx_hal_exti.c...
compiling system_stm32f4xx.c...
compiling ILI9341_GFX.c...
compiling KEYPAD.c...
compiling KEYPAD_cfg.c...
compiling stm32f4xx_hal_tim_ex.c...
compiling ILI9341_STM32_Driver.c...
../Lib/STEP/drivenStep.c(39): warning: implicit conversion from enumeration type 'Direction_t' to different enumeration type 'GPIO_PinState' [-Wenum-conversion]
    HAL_GPIO_WritePin(step->gpio_port_dir, step->gpio_pin_dir, dir);
    ~~~~~~~~~~~~~~~~~                                          ^~~
../Lib/STEP/drivenStep.c(43): warning: implicit conversion from enumeration type 'Direction_t' to different enumeration type 'GPIO_PinState' [-Wenum-conversion]
        HAL_GPIO_WritePin(step->gpio_port_pul, step->gpio_pin_pul, dir);
        ~~~~~~~~~~~~~~~~~                                          ^~~
2 warnings generated.
compiling drivenStep.c...
compiling config.c...
compiling stepPosition.c...
compiling lcd_user.c...
compiling keypad_user.c...
compiling stm32f4xx_hal_tim.c...
linking...
Program Size: Code=23620 RO-data=804 RW-data=20 ZI-data=2044  
FromELF: creating hex file...
"F4_CONTROL_STEP_V3\F4_CONTROL_STEP_V3.axf" - 0 Error(s), 2 Warning(s).

<h2>Software Packages used:</h2>

Package Vendor: ARM
                https://www.keil.com/pack/ARM.CMSIS.6.0.0.pack
                ARM.CMSIS.6.0.0
                CMSIS (Common Microcontroller Software Interface Standard)
   * Component: CORE Version: 6.0.0

Package Vendor: Keil
                https://www.keil.com/pack/Keil.STM32F4xx_DFP.2.17.1.pack
                Keil.STM32F4xx_DFP.2.17.1
                STMicroelectronics STM32F4 Series Device Support, Drivers and Examples

<h2>Collection of Component include folders:</h2>
  ./RTE/_F4_CONTROL_STEP_V3
  C:/Users/admin/AppData/Local/Arm/Packs/ARM/CMSIS/6.0.0/CMSIS/Core/Include
  C:/Users/admin/AppData/Local/Arm/Packs/Keil/STM32F4xx_DFP/2.17.1/Drivers/CMSIS/Device/ST/STM32F4xx/Include

<h2>Collection of Component Files used:</h2>

   * Component: ARM::CMSIS:CORE:6.0.0
Build Time Elapsed:  00:00:03
</pre>
</body>
</html>
