Component: Arm Compiler for Embedded 6.19 Tool: armlink [5e73cb00]

==============================================================================

Section Cross References

    startup_stm32f401xc.o(STACK) refers (Special) to heapauxi.o(.text) for __use_two_region_memory
    startup_stm32f401xc.o(HEAP) refers (Special) to heapauxi.o(.text) for __use_two_region_memory
    startup_stm32f401xc.o(RESET) refers (Special) to heapauxi.o(.text) for __use_two_region_memory
    startup_stm32f401xc.o(RESET) refers to startup_stm32f401xc.o(STACK) for __initial_sp
    startup_stm32f401xc.o(RESET) refers to startup_stm32f401xc.o(.text) for Reset_Handler
    startup_stm32f401xc.o(RESET) refers to stm32f4xx_it.o(.text.NMI_Handler) for NMI_Handler
    startup_stm32f401xc.o(RESET) refers to stm32f4xx_it.o(.text.HardFault_Handler) for HardFault_Handler
    startup_stm32f401xc.o(RESET) refers to stm32f4xx_it.o(.text.MemManage_Handler) for MemManage_Handler
    startup_stm32f401xc.o(RESET) refers to stm32f4xx_it.o(.text.BusFault_Handler) for BusFault_Handler
    startup_stm32f401xc.o(RESET) refers to stm32f4xx_it.o(.text.UsageFault_Handler) for UsageFault_Handler
    startup_stm32f401xc.o(RESET) refers to stm32f4xx_it.o(.text.SVC_Handler) for SVC_Handler
    startup_stm32f401xc.o(RESET) refers to stm32f4xx_it.o(.text.DebugMon_Handler) for DebugMon_Handler
    startup_stm32f401xc.o(RESET) refers to stm32f4xx_it.o(.text.PendSV_Handler) for PendSV_Handler
    startup_stm32f401xc.o(RESET) refers to stm32f4xx_it.o(.text.SysTick_Handler) for SysTick_Handler
    startup_stm32f401xc.o(RESET) refers to stm32f4xx_it.o(.text.EXTI0_IRQHandler) for EXTI0_IRQHandler
    startup_stm32f401xc.o(RESET) refers to stm32f4xx_it.o(.text.EXTI9_5_IRQHandler) for EXTI9_5_IRQHandler
    startup_stm32f401xc.o(RESET) refers to stm32f4xx_it.o(.text.TIM1_UP_TIM10_IRQHandler) for TIM1_UP_TIM10_IRQHandler
    startup_stm32f401xc.o(RESET) refers to stm32f4xx_it.o(.text.TIM1_TRG_COM_TIM11_IRQHandler) for TIM1_TRG_COM_TIM11_IRQHandler
    startup_stm32f401xc.o(RESET) refers to stm32f4xx_it.o(.text.SPI1_IRQHandler) for SPI1_IRQHandler
    startup_stm32f401xc.o(RESET) refers to stm32f4xx_it.o(.text.DMA2_Stream3_IRQHandler) for DMA2_Stream3_IRQHandler
    startup_stm32f401xc.o(.text) refers (Special) to heapauxi.o(.text) for __use_two_region_memory
    startup_stm32f401xc.o(.text) refers to system_stm32f4xx.o(.text.SystemInit) for SystemInit
    startup_stm32f401xc.o(.text) refers to __main.o(!!!main) for __main
    startup_stm32f401xc.o(.text) refers to startup_stm32f401xc.o(HEAP) for Heap_Mem
    startup_stm32f401xc.o(.text) refers to startup_stm32f401xc.o(STACK) for Stack_Mem
    main.o(.text.HAL_TIM_PeriodElapsedCallback) refers to tim.o(.bss.htim11) for htim11
    main.o(.text.HAL_TIM_PeriodElapsedCallback) refers to keypad_user.o(.text.keypad_handler) for keypad_handler
    main.o(.text.HAL_TIM_PeriodElapsedCallback) refers to tim.o(.bss.htim10) for htim10
    main.o(.text.HAL_TIM_PeriodElapsedCallback) refers to stepposition.o(.text.step_position_handler) for step_position_handler
    main.o(.ARM.exidx.text.HAL_TIM_PeriodElapsedCallback) refers to main.o(.text.HAL_TIM_PeriodElapsedCallback) for [Anonymous Symbol]
    main.o(.ARM.exidx.text.HAL_GPIO_EXTI_Callback) refers to main.o(.text.HAL_GPIO_EXTI_Callback) for [Anonymous Symbol]
    main.o(.text.main) refers to stm32f4xx_hal.o(.text.HAL_Init) for HAL_Init
    main.o(.text.main) refers to main.o(.text.SystemClock_Config) for SystemClock_Config
    main.o(.text.main) refers to gpio.o(.text.MX_GPIO_Init) for MX_GPIO_Init
    main.o(.text.main) refers to dma.o(.text.MX_DMA_Init) for MX_DMA_Init
    main.o(.text.main) refers to spi.o(.text.MX_SPI1_Init) for MX_SPI1_Init
    main.o(.text.main) refers to tim.o(.text.MX_TIM11_Init) for MX_TIM11_Init
    main.o(.text.main) refers to tim.o(.text.MX_TIM10_Init) for MX_TIM10_Init
    main.o(.text.main) refers to keypad_user.o(.text.keypad_init) for keypad_init
    main.o(.text.main) refers to lcd_user.o(.text.lcd_init) for lcd_init
    main.o(.text.main) refers to stepposition.o(.bss..L_MergedGlobals) for step_position
    main.o(.text.main) refers to stepposition.o(.text.step_position_ctor) for step_position_ctor
    main.o(.text.main) refers to tim.o(.bss.htim10) for htim10
    main.o(.text.main) refers to stm32f4xx_hal_tim.o(.text.HAL_TIM_Base_Start_IT) for HAL_TIM_Base_Start_IT
    main.o(.text.main) refers to drivenstep.o(.text.setPulse) for setPulse
    main.o(.text.main) refers to stepposition.o(.text.set_position) for set_position
    main.o(.text.main) refers to drivenstep.o(.text.move_to) for move_to
    main.o(.ARM.exidx.text.main) refers to main.o(.text.main) for [Anonymous Symbol]
    main.o(.text.SystemClock_Config) refers to stm32f4xx_hal_rcc.o(.text.HAL_RCC_OscConfig) for HAL_RCC_OscConfig
    main.o(.text.SystemClock_Config) refers to stm32f4xx_hal_rcc.o(.text.HAL_RCC_ClockConfig) for HAL_RCC_ClockConfig
[...]
    RESET                                    0x08000000   Section      404  startup_stm32f401xc.o(RESET)
    !!!main                                  0x08000194   Section        8  __main.o(!!!main)
    !!!scatter                               0x0800019c   Section       52  __scatter.o(!!!scatter)
    !!handler_copy                           0x080001d0   Section       26  __scatter_copy.o(!!handler_copy)
    !!handler_zi                             0x080001ec   Section       28  __scatter_zi.o(!!handler_zi)
    .ARM.Collect$$libinit$$00000000          0x08000208   Section        2  libinit.o(.ARM.Collect$$libinit$$00000000)
    .ARM.Collect$$libinit$$00000001          0x0800020a   Section        4  libinit2.o(.ARM.Collect$$libinit$$00000001)
    .ARM.Collect$$libinit$$00000004          0x0800020e   Section        0  libinit2.o(.ARM.Collect$$libinit$$00000004)
    .ARM.Collect$$libinit$$00000006          0x0800020e   Section        0  libinit2.o(.ARM.Collect$$libinit$$00000006)
    .ARM.Collect$$libinit$$0000000C          0x0800020e   Section        0  libinit2.o(.ARM.Collect$$libinit$$0000000C)
    .ARM.Collect$$libinit$$0000000E          0x0800020e   Section        0  libinit2.o(.ARM.Collect$$libinit$$0000000E)
    .ARM.Collect$$libinit$$00000010          0x0800020e   Section        0  libinit2.o(.ARM.Collect$$libinit$$00000010)
    .ARM.Collect$$libinit$$00000013          0x0800020e   Section        0  libinit2.o(.ARM.Collect$$libinit$$00000013)
    .ARM.Collect$$libinit$$00000015          0x0800020e   Section        0  libinit2.o(.ARM.Collect$$libinit$$00000015)
    .ARM.Collect$$libinit$$00000017          0x0800020e   Section        0  libinit2.o(.ARM.Collect$$libinit$$00000017)
    .ARM.Collect$$libinit$$00000019          0x0800020e   Section        0  libinit2.o(.ARM.Collect$$libinit$$00000019)
    .ARM.Collect$$libinit$$0000001B          0x0800020e   Section        0  libinit2.o(.ARM.Collect$$libinit$$0000001B)
    .ARM.Collect$$libinit$$0000001D          0x0800020e   Section        0  libinit2.o(.ARM.Collect$$libinit$$0000001D)
    .ARM.Collect$$libinit$$0000001F          0x0800020e   Section        0  libinit2.o(.ARM.Collect$$libinit$$0000001F)
    .ARM.Collect$$libinit$$00000021          0x0800020e   Section        0  libinit2.o(.ARM.Collect$$libinit$$00000021)
    .ARM.Collect$$libinit$$00000023          0x0800020e   Section        0  libinit2.o(.ARM.Collect$$libinit$$00000023)
    .ARM.Collect$$libinit$$00000025          0x0800020e   Section        0  libinit2.o(.ARM.Collect$$libinit$$00000025)
    .ARM.Collect$$libinit$$00000027          0x0800020e   Section        0  libinit2.o(.ARM.Collect$$libinit$$00000027)
    .ARM.Collect$$libinit$$0000002E          0x0800020e   Section        0  libinit2.o(.ARM.Collect$$libinit$$0000002E)
    .ARM.Collect$$libinit$$00000030          0x0800020e   Section        0  libinit2.o(.ARM.Collect$$libinit$$00000030)
    .ARM.Collect$$libinit$$00000032          0x0800020e   Section        0  libinit2.o(.ARM.Collect$$libinit$$00000032)
    .ARM.Collect$$libinit$$00000034          0x0800020e   Section        0  libinit2.o(.ARM.Collect$$libinit$$00000034)
    .ARM.Collect$$libinit$$00000035          0x0800020e   Section        2  libinit2.o(.ARM.Collect$$libinit$$00000035)
    .ARM.Collect$$libshutdown$$00000000      0x08000210   Section        2  libshutdown.o(.ARM.Collect$$libshutdown$$00000000)
    .ARM.Collect$$libshutdown$$00000002      0x08000212   Section        0  libshutdown2.o(.ARM.Collect$$libshutdown$$00000002)
    .ARM.Collect$$libshutdown$$00000004      0x08000212   Section        0  libshutdown2.o(.ARM.Collect$$libshutdown$$00000004)
    .ARM.Collect$$libshutdown$$00000007      0x08000212   Section        0  libshutdown2.o(.ARM.Collect$$libshutdown$$00000007)
    .ARM.Collect$$libshutdown$$0000000A      0x08000212   Section        0  libshutdown2.o(.ARM.Collect$$libshutdown$$0000000A)
    .ARM.Collect$$libshutdown$$0000000C      0x08000212   Section        0  libshutdown2.o(.ARM.Collect$$libshutdown$$0000000C)
    .ARM.Collect$$libshutdown$$0000000F      0x08000212   Section        0  libshutdown2.o(.ARM.Collect$$libshutdown$$0000000F)
    .ARM.Collect$$libshutdown$$00000010      0x08000212   Section        2  libshutdown2.o(.ARM.Collect$$libshutdown$$00000010)
    .ARM.Collect$$rtentry$$00000000          0x08000214   Section        0  __rtentry.o(.ARM.Collect$$rtentry$$00000000)
    .ARM.Collect$$rtentry$$00000002          0x08000214   Section        0  __rtentry2.o(.ARM.Collect$$rtentry$$00000002)
    .ARM.Collect$$rtentry$$00000004          0x08000214   Section        6  __rtentry4.o(.ARM.Collect$$rtentry$$00000004)
    .ARM.Collect$$rtentry$$00000009          0x0800021a   Section        0  __rtentry2.o(.ARM.Collect$$rtentry$$00000009)
    .ARM.Collect$$rtentry$$0000000A          0x0800021a   Section        4  __rtentry2.o(.ARM.Collect$$rtentry$$0000000A)
    .ARM.Collect$$rtentry$$0000000C          0x0800021e   Section        0  __rtentry2.o(.ARM.Collect$$rtentry$$0000000C)
    .ARM.Collect$$rtentry$$0000000D          0x0800021e   Section        8  __rtentry2.o(.ARM.Collect$$rtentry$$0000000D)
    .ARM.Collect$$rtexit$$00000000           0x08000226   Section        2  rtexit.o(.ARM.Collect$$rtexit$$00000000)
    .ARM.Collect$$rtexit$$00000002           0x08000228   Section        0  rtexit2.o(.ARM.Collect$$rtexit$$00000002)
    .ARM.Collect$$rtexit$$00000003           0x08000228   Section        4  rtexit2.o(.ARM.Collect$$rtexit$$00000003)
    .ARM.Collect$$rtexit$$00000004           0x0800022c   Section        6  rtexit2.o(.ARM.Collect$$rtexit$$00000004)
    $v0                                      0x08000234   Number         0  startup_stm32f401xc.o(.text)
    .text                                    0x08000234   Section       64  startup_stm32f401xc.o(.text)
    .text                                    0x08000274   Section      240  lludivv7m.o(.text)
    .text                                    0x08000364   Section        0  heapauxi.o(.text)
    .text                                    0x0800036a   Section        0  _rserrno.o(.text)
    .text                                    0x08000380   Section        8  rt_errno_addr_intlibspace.o(.text)
    .text                                    0x08000388   Section        8  libspace.o(.text)
    .text                                    0x08000390   Section       74  sys_stackheap_outer.o(.text)
    .text                                    0x080003da   Section        0  exit.o(.text)
    .text                                    0x080003ec   Section        0  sys_exit.o(.text)
    .text                                    0x080003f8   Section        2  use_no_semi.o(.text)
    .text                                    0x080003fa   Section        0  indicate_semi.o(.text)
    [Anonymous Symbol]                       0x080003fc   Section        0  stm32f4xx_it.o(.text.BusFault_Handler)
    [Anonymous Symbol]                       0x08000400   Section        0  stm32f4xx_it.o(.text.DMA2_Stream3_IRQHandler)
    [Anonymous Symbol]                       0x0800040c   Section        0  stm32f4xx_it.o(.text.DebugMon_Handler)
    [Anonymous Symbol]                       0x08000410   Section        0  stm32f4xx_it.o(.text.EXTI0_IRQHandler)
    [Anonymous Symbol]                       0x08000418   Section        0  stm32f4xx_it.o(.text.EXTI9_5_IRQHandler)
    [Anonymous Symbol]                       0x08000420   Section        0  main.o(.text.Error_Handler)
    [Anonymous Symbol]                       0x08000428   Section        0  stm32f4xx_hal_dma.o(.text.HAL_DMA_Abort_IT)
    [Anonymous Symbol]                       0x0800044c   Section        0  stm32f4xx_hal_dma.o(.text.HAL_DMA_IRQHandler)
    [Anonymous Symbol]                       0x0800060c   Section        0  stm32f4xx_hal_dma.o(.text.HAL_DMA_Init)
    [Anonymous Symbol]                       0x08000770   Section        0  stm32f4xx_hal_dma.o(.text.HAL_DMA_Start_IT)
    [Anonymous Symbol]                       0x08000810   Section        0  stm32f4xx_hal.o(.text.HAL_Delay)
    [Anonymous Symbol]                       0x08000838   Section        0  main.o(.text.HAL_GPIO_EXTI_Callback)
    [Anonymous Symbol]                       0x0800083c   Section        0  stm32f4xx_hal_gpio.o(.text.HAL_GPIO_EXTI_IRQHandler)
    [Anonymous Symbol]                       0x08000854   Section        0  stm32f4xx_hal_gpio.o(.text.HAL_GPIO_Init)
    [Anonymous Symbol]                       0x080009fc   Section        0  stm32f4xx_hal_gpio.o(.text.HAL_GPIO_ReadPin)
    [Anonymous Symbol]                       0x08000a08   Section        0  stm32f4xx_hal_gpio.o(.text.HAL_GPIO_WritePin)
    [Anonymous Symbol]                       0x08000a14   Section        0  stm32f4xx_hal.o(.text.HAL_GetTick)
    [Anonymous Symbol]                       0x08000a20   Section        0  stm32f4xx_hal.o(.text.HAL_IncTick)
    [Anonymous Symbol]                       0x08000a3c   Section        0  stm32f4xx_hal.o(.text.HAL_Init)
    [Anonymous Symbol]                       0x08000a74   Section        0  stm32f4xx_hal.o(.text.HAL_InitTick)
    [Anonymous Symbol]                       0x08000abc   Section        0  stm32f4xx_hal_msp.o(.text.HAL_MspInit)
    [Anonymous Symbol]                       0x08000af4   Section        0  stm32f4xx_hal_cortex.o(.text.HAL_NVIC_EnableIRQ)
    [Anonymous Symbol]                       0x08000b1c   Section        0  stm32f4xx_hal_cortex.o(.text.HAL_NVIC_SetPriority)
    [Anonymous Symbol]                       0x08000b74   Section        0  stm32f4xx_hal_cortex.o(.text.HAL_NVIC_SetPriorityGrouping)
    [Anonymous Symbol]                       0x08000b94   Section        0  stm32f4xx_hal_rcc.o(.text.HAL_RCC_ClockConfig)
    [Anonymous Symbol]                       0x08000cf4   Section        0  stm32f4xx_hal_rcc.o(.text.HAL_RCC_GetSysClockFreq)
    [Anonymous Symbol]                       0x08000d60   Section        0  stm32f4xx_hal_rcc.o(.text.HAL_RCC_OscConfig)
    [Anonymous Symbol]                       0x080010d4   Section        0  stm32f4xx_hal_spi.o(.text.HAL_SPI_ErrorCallback)
    [Anonymous Symbol]                       0x080010d8   Section        0  stm32f4xx_hal_spi.o(.text.HAL_SPI_IRQHandler)
    [Anonymous Symbol]                       0x08001204   Section        0  stm32f4xx_hal_spi.o(.text.HAL_SPI_Init)
    [Anonymous Symbol]                       0x080012b8   Section        0  spi.o(.text.HAL_SPI_MspInit)
    [Anonymous Symbol]                       0x08001370   Section        0  stm32f4xx_hal_spi.o(.text.HAL_SPI_Transmit)
    [Anonymous Symbol]                       0x08001608   Section        0  stm32f4xx_hal_spi.o(.text.HAL_SPI_Transmit_DMA)
    [Anonymous Symbol]                       0x080016e0   Section        0  stm32f4xx_hal_spi.o(.text.HAL_SPI_TxCpltCallback)
    [Anonymous Symbol]                       0x080016e4   Section        0  stm32f4xx_hal_spi.o(.text.HAL_SPI_TxHalfCpltCallback)
    [Anonymous Symbol]                       0x080016e8   Section        0  stm32f4xx_hal_cortex.o(.text.HAL_SYSTICK_Config)
    [Anonymous Symbol]                       0x08001714   Section        0  stm32f4xx_hal_tim_ex.o(.text.HAL_TIMEx_BreakCallback)
    [Anonymous Symbol]                       0x08001718   Section        0  stm32f4xx_hal_tim_ex.o(.text.HAL_TIMEx_CommutCallback)
    [Anonymous Symbol]                       0x0800171c   Section        0  stm32f4xx_hal_tim.o(.text.HAL_TIM_Base_Init)
    [Anonymous Symbol]                       0x08001778   Section        0  tim.o(.text.HAL_TIM_Base_MspInit)
    [Anonymous Symbol]                       0x080017f4   Section        0  stm32f4xx_hal_tim.o(.text.HAL_TIM_Base_Start_IT)
    [Anonymous Symbol]                       0x08001878   Section        0  stm32f4xx_hal_tim.o(.text.HAL_TIM_IC_CaptureCallback)
    [Anonymous Symbol]                       0x0800187c   Section        0  stm32f4xx_hal_tim.o(.text.HAL_TIM_IRQHandler)
    [Anonymous Symbol]                       0x080019cc   Section        0  stm32f4xx_hal_tim.o(.text.HAL_TIM_OC_DelayElapsedCallback)
    [Anonymous Symbol]                       0x080019d0   Section        0  stm32f4xx_hal_tim.o(.text.HAL_TIM_PWM_PulseFinishedCallback)
    [Anonymous Symbol]                       0x080019d4   Section        0  main.o(.text.HAL_TIM_PeriodElapsedCallback)
    [Anonymous Symbol]                       0x08001a08   Section        0  stm32f4xx_hal_tim.o(.text.HAL_TIM_TriggerCallback)
    [Anonymous Symbol]                       0x08001a0c   Section        0  stm32f4xx_it.o(.text.HardFault_Handler)
    [Anonymous Symbol]                       0x08001a10   Section        0  ili9341_stm32_driver.o(.text.ILI9341_Draw_Colour_Burst)
    [Anonymous Symbol]                       0x08001ae4   Section        0  ili9341_gfx.o(.text.ILI9341_Draw_Filled_Circle)
    [Anonymous Symbol]                       0x08001bd4   Section        0  ili9341_gfx.o(.text.ILI9341_Draw_Filled_Rectangle_Coord)
    [Anonymous Symbol]                       0x08001c10   Section        0  ili9341_gfx.o(.text.ILI9341_Draw_Hollow_Circle)
    [Anonymous Symbol]                       0x08001d0c   Section        0  ili9341_stm32_driver.o(.text.ILI9341_Draw_Line)
    [Anonymous Symbol]                       0x08001f64   Section        0  ili9341_stm32_driver.o(.text.ILI9341_Draw_Pixel)
    [Anonymous Symbol]                       0x080020e4   Section        0  ili9341_stm32_driver.o(.text.ILI9341_Draw_Rectangle)
    [Anonymous Symbol]                       0x08002140   Section        0  ili9341_stm32_driver.o(.text.ILI9341_Fill_Screen)
    [Anonymous Symbol]                       0x08002168   Section        0  ili9341_stm32_driver.o(.text.ILI9341_Init)
    [Anonymous Symbol]                       0x08003158   Section        0  ili9341_stm32_driver.o(.text.ILI9341_Set_Address)
    [Anonymous Symbol]                       0x08003388   Section        0  ili9341_stm32_driver.o(.text.ILI9341_Set_Rotation)
    [Anonymous Symbol]                       0x080034b0   Section        0  keypad.o(.text.KEYPAD_Init)
    [Anonymous Symbol]                       0x0800397c   Section        0  keypad.o(.text.KEYPAD_Scan)
    [Anonymous Symbol]                       0x08003fe4   Section        0  dma.o(.text.MX_DMA_Init)
    [Anonymous Symbol]                       0x0800401c   Section        0  gpio.o(.text.MX_GPIO_Init)
    [Anonymous Symbol]                       0x08004188   Section        0  spi.o(.text.MX_SPI1_Init)
    [Anonymous Symbol]                       0x080041d0   Section        0  tim.o(.text.MX_TIM10_Init)
    [Anonymous Symbol]                       0x08004204   Section        0  tim.o(.text.MX_TIM11_Init)
    [Anonymous Symbol]                       0x08004238   Section        0  stm32f4xx_it.o(.text.MemManage_Handler)
    [Anonymous Symbol]                       0x0800423c   Section        0  stm32f4xx_it.o(.text.NMI_Handler)
    [Anonymous Symbol]                       0x08004240   Section        0  stm32f4xx_it.o(.text.PendSV_Handler)
    [Anonymous Symbol]                       0x08004244   Section        0  stm32f4xx_it.o(.text.SPI1_IRQHandler)
    SPI_DMAAbortOnError                      0x08004251   Thumb Code    12  stm32f4xx_hal_spi.o(.text.SPI_DMAAbortOnError)
    [Anonymous Symbol]                       0x08004250   Section        0  stm32f4xx_hal_spi.o(.text.SPI_DMAAbortOnError)
    SPI_DMAError                             0x0800425d   Thumb Code    30  stm32f4xx_hal_spi.o(.text.SPI_DMAError)
    [Anonymous Symbol]                       0x0800425c   Section        0  stm32f4xx_hal_spi.o(.text.SPI_DMAError)
    SPI_DMAHalfTransmitCplt                  0x0800427d   Thumb Code     6  stm32f4xx_hal_spi.o(.text.SPI_DMAHalfTransmitCplt)
    [Anonymous Symbol]                       0x0800427c   Section        0  stm32f4xx_hal_spi.o(.text.SPI_DMAHalfTransmitCplt)
    SPI_DMATransmitCplt                      0x08004285   Thumb Code   274  stm32f4xx_hal_spi.o(.text.SPI_DMATransmitCplt)
    [Anonymous Symbol]                       0x08004284   Section        0  stm32f4xx_hal_spi.o(.text.SPI_DMATransmitCplt)
    SPI_WaitFlagStateUntilTimeout            0x08004399   Thumb Code   288  stm32f4xx_hal_spi.o(.text.SPI_WaitFlagStateUntilTimeout)
    [Anonymous Symbol]                       0x08004398   Section        0  stm32f4xx_hal_spi.o(.text.SPI_WaitFlagStateUntilTimeout)
    [Anonymous Symbol]                       0x080044b8   Section        0  stm32f4xx_it.o(.text.SVC_Handler)
    [Anonymous Symbol]                       0x080044bc   Section        0  stm32f4xx_it.o(.text.SysTick_Handler)
    [Anonymous Symbol]                       0x080044c0   Section        0  main.o(.text.SystemClock_Config)
    [Anonymous Symbol]                       0x08004564   Section        0  system_stm32f4xx.o(.text.SystemInit)
    [Anonymous Symbol]                       0x08004578   Section        0  stm32f4xx_it.o(.text.TIM1_TRG_COM_TIM11_IRQHandler)
    [Anonymous Symbol]                       0x08004584   Section        0  stm32f4xx_it.o(.text.TIM1_UP_TIM10_IRQHandler)
    [Anonymous Symbol]                       0x08004590   Section        0  stm32f4xx_hal_tim.o(.text.TIM_Base_SetConfig)
    [Anonymous Symbol]                       0x08004690   Section        0  stm32f4xx_it.o(.text.UsageFault_Handler)
    [Anonymous Symbol]                       0x08004694   Section        0  drivenstep.o(.text.getPulse)
    [Anonymous Symbol]                       0x0800469c   Section        0  keypad_user.o(.text.keypad_handler)
    [Anonymous Symbol]                       0x080046a4   Section        0  keypad_user.o(.text.keypad_init)
    [Anonymous Symbol]                       0x080046c4   Section        0  lcd_user.o(.text.lcd_init)
    [Anonymous Symbol]                       0x080046e8   Section        0  main.o(.text.main)
    [Anonymous Symbol]                       0x08004760   Section        0  drivenstep.o(.text.move_to)
    move_to_position                         0x0800477d   Thumb Code   100  stepposition.o(.text.move_to_position)
    [Anonymous Symbol]                       0x0800477c   Section        0  stepposition.o(.text.move_to_position)
    [Anonymous Symbol]                       0x080047e0   Section        0  lcd_user.o(.text.screen_encoder_step)
    [Anonymous Symbol]                       0x08004914   Section        0  drivenstep.o(.text.setPulse)
    [Anonymous Symbol]                       0x0800491c   Section        0  drivenstep.o(.text.set_dir)
    [Anonymous Symbol]                       0x08004928   Section        0  stepposition.o(.text.set_position)
    [Anonymous Symbol]                       0x0800492c   Section        0  drivenstep.o(.text.set_pul)
    [Anonymous Symbol]                       0x08004938   Section        0  drivenstep.o(.text.step_ctor)
    [Anonymous Symbol]                       0x08004960   Section        0  stepposition.o(.text.step_position_ctor)
    [Anonymous Symbol]                       0x08004984   Section        0  stepposition.o(.text.step_position_handler)
    i.__ARM_fpclassify                       0x080049a8   Section        0  fpclassify.o(i.__ARM_fpclassify)
    i.__hardfp_cos                           0x080049d8   Section        0  cos.o(i.__hardfp_cos)
    i.__hardfp_sin                           0x08004aa0   Section        0  sin.o(i.__hardfp_sin)
    i.__ieee754_rem_pio2                     0x08004b68   Section        0  rred.o(i.__ieee754_rem_pio2)
    i.__kernel_cos                           0x08004fa0   Section        0  cos_i.o(i.__kernel_cos)
    i.__kernel_poly                          0x08005110   Section        0  poly.o(i.__kernel_poly)
    i.__kernel_sin                           0x08005208   Section        0  sin_i.o(i.__kernel_sin)
    i.__mathlib_dbl_infnan                   0x08005338   Section        0  dunder.o(i.__mathlib_dbl_infnan)
    i.__mathlib_dbl_invalid                  0x08005350   Section        0  dunder.o(i.__mathlib_dbl_invalid)
    i.__mathlib_dbl_underflow                0x08005370   Section        0  dunder.o(i.__mathlib_dbl_underflow)
    i.fabs                                   0x08005390   Section        0  fabs.o(i.fabs)
    $v0                                      0x080053a8   Number         0  basic.o(x$fpl$basic)
    x$fpl$basic                              0x080053a8   Section       24  basic.o(x$fpl$basic)
    $v0                                      0x080053c0   Number         0  d2f.o(x$fpl$d2f)
    x$fpl$d2f                                0x080053c0   Section       98  d2f.o(x$fpl$d2f)
    $v0                                      0x08005424   Number         0  daddsub_clz.o(x$fpl$dadd)
    x$fpl$dadd                               0x08005424   Section      336  daddsub_clz.o(x$fpl$dadd)
    _dadd1                                   0x08005435   Thumb Code     0  daddsub_clz.o(x$fpl$dadd)
    $v0                                      0x08005574   Number         0  ddiv.o(x$fpl$ddiv)
    x$fpl$ddiv                               0x08005574   Section      692  ddiv.o(x$fpl$ddiv)
    ddiv_entry                               0x0800557b   Thumb Code     0  ddiv.o(x$fpl$ddiv)
    $v0                                      0x08005828   Number         0  dfix.o(x$fpl$dfix)
    x$fpl$dfix                               0x08005828   Section       94  dfix.o(x$fpl$dfix)
    $v0                                      0x08005886   Number         0  dflt_clz.o(x$fpl$dflt)
    x$fpl$dflt                               0x08005886   Section       46  dflt_clz.o(x$fpl$dflt)
    $v0                                      0x080058b4   Number         0  dflt_clz.o(x$fpl$dfltu)
    x$fpl$dfltu                              0x080058b4   Section       38  dflt_clz.o(x$fpl$dfltu)
    $v0                                      0x080058dc   Number         0  dmul.o(x$fpl$dmul)
    x$fpl$dmul                               0x080058dc   Section      340  dmul.o(x$fpl$dmul)
    $v0                                      0x08005a30   Number         0  dnaninf.o(x$fpl$dnaninf)
    x$fpl$dnaninf                            0x08005a30   Section      156  dnaninf.o(x$fpl$dnaninf)
    $v0                                      0x08005acc   Number         0  dretinf.o(x$fpl$dretinf)
    x$fpl$dretinf                            0x08005acc   Section       12  dretinf.o(x$fpl$dretinf)
    $v0                                      0x08005ad8   Number         0  daddsub_clz.o(x$fpl$drsb)
    x$fpl$drsb                               0x08005ad8   Section       22  daddsub_clz.o(x$fpl$drsb)
    $v0                                      0x08005af0   Number         0  daddsub_clz.o(x$fpl$dsub)
    x$fpl$dsub                               0x08005af0   Section      476  daddsub_clz.o(x$fpl$dsub)
    _dsub1                                   0x08005b01   Thumb Code     0  daddsub_clz.o(x$fpl$dsub)
    $v0                                      0x08005ccc   Number         0  f2d.o(x$fpl$f2d)
    x$fpl$f2d                                0x08005ccc   Section       86  f2d.o(x$fpl$f2d)
    $v0                                      0x08005d22   Number         0  fnaninf.o(x$fpl$fnaninf)
    x$fpl$fnaninf                            0x08005d22   Section      140  fnaninf.o(x$fpl$fnaninf)
    $v0                                      0x08005dae   Number         0  fpinit.o(x$fpl$fpinit)
    x$fpl$fpinit                             0x08005dae   Section       26  fpinit.o(x$fpl$fpinit)
    $v0                                      0x08005dc8   Number         0  fretinf.o(x$fpl$fretinf)
    x$fpl$fretinf                            0x08005dc8   Section       10  fretinf.o(x$fpl$fretinf)
    x$fpl$usenofp                            0x08005dd2   Section        0  usenofp.o(x$fpl$usenofp)
    C                                        0x08005dd8   Data          48  cos_i.o(.constdata)
    .constdata                               0x08005dd8   Section       48  cos_i.o(.constdata)
    pio2s                                    0x08005e08   Data          48  rred.o(.constdata)
    .constdata                               0x08005e08   Section      204  rred.o(.constdata)
    twooverpi                                0x08005e38   Data         156  rred.o(.constdata)
    S                                        0x08005ed8   Data          40  sin_i.o(.constdata)
    .constdata                               0x08005ed8   Section       40  sin_i.o(.constdata)
    DMA_CalcBaseAndBitshift.flagBitshiftOffset 0x08005f40   Data           8  stm32f4xx_hal_dma.o(.rodata.cst8)
    [Anonymous Symbol]                       0x08005f40   Section        0  stm32f4xx_hal_dma.o(.rodata.cst8)
    .L_MergedGlobals                         0x20000000   Data           8  stm32f4xx_hal.o(.data..L_MergedGlobals)
    [Anonymous Symbol]                       0x20000000   Section        0  stm32f4xx_hal.o(.data..L_MergedGlobals)
    .L_MergedGlobals                         0x20000008   Data           4  ili9341_stm32_driver.o(.data..L_MergedGlobals)
    [Anonymous Symbol]                       0x20000008   Section        0  ili9341_stm32_driver.o(.data..L_MergedGlobals)
    step_position_ctor.VTableFloor           0x20000010   Data           4  stepposition.o(.data.step_position_ctor.VTableFloor)
    [Anonymous Symbol]                       0x20000010   Section        0  stepposition.o(.data.step_position_ctor.VTableFloor)
    .bss                                     0x20000018   Section       96  libspace.o(.bss)
    .L_MergedGlobals                         0x20000078   Data          48  stepposition.o(.bss..L_MergedGlobals)
    step_position_handler.dir                0x20000078   Data           1  stepposition.o(.bss..L_MergedGlobals)
    [Anonymous Symbol]                       0x20000078   Section        0  stepposition.o(.bss..L_MergedGlobals)
    gs_KEYPAD_info                           0x200000a8   Data           4  keypad.o(.bss.gs_KEYPAD_info)
    [Anonymous Symbol]                       0x200000a8   Section        0  keypad.o(.bss.gs_KEYPAD_info)
    Heap_Mem                                 0x20000210   Data         512  startup_stm32f401xc.o(HEAP)
    HEAP                                     0x20000210   Section      512  startup_stm32f401xc.o(HEAP)
    Stack_Mem                                0x20000410   Data        1024  startup_stm32f401xc.o(STACK)
    STACK                                    0x20000410   Section     1024  startup_stm32f401xc.o(STACK)
    __initial_sp                             0x20000810   Data           0  startup_stm32f401xc.o(STACK)

    Global Symbols

    Symbol Name                              Value     Ov Type        Size  Object(Section)

    BuildAttributes$$THM_ISAv4$E$P$D$K$B$S$7EM$VFPi3$EXTD16$VFPS$VFMA$PE$A:L22UL41UL21$X:L11$S22US41US21$IEEE1$IW$~IW$USESV6$~STKCKD$USESV7$~SHL$OTIME$ROPI$IEEEX$EBA8$UX$STANDARDLIB$REQ8$PRES8$EABIv2 0x00000000   Number         0  anon$$obj.o ABSOLUTE
    __ARM_exceptions_init                     - Undefined Weak Reference
    __alloca_initialize                       - Undefined Weak Reference
    __arm_preinit_                            - Undefined Weak Reference
    __arm_relocate_pie_                       - Undefined Weak Reference
    __cpp_initialize__aeabi_                  - Undefined Weak Reference
    __cxa_finalize                            - Undefined Weak Reference
    __rt_locale                               - Undefined Weak Reference
    __sigvec_lookup                           - Undefined Weak Reference
    _atexit_init                              - Undefined Weak Reference
    _call_atexit_fns                          - Undefined Weak Reference
    _clock_init                               - Undefined Weak Reference
    _fp_trap_init                             - Undefined Weak Reference
    _fp_trap_shutdown                         - Undefined Weak Reference
    _get_lc_collate                           - Undefined Weak Reference
    _get_lc_ctype                             - Undefined Weak Reference
    _get_lc_monetary                          - Undefined Weak Reference
    _get_lc_numeric                           - Undefined Weak Reference
    _get_lc_time                              - Undefined Weak Reference
    _getenv_init                              - Undefined Weak Reference
    _handle_redirection                       - Undefined Weak Reference
    _init_alloc                               - Undefined Weak Reference
    _init_user_alloc                          - Undefined Weak Reference
    _initio                                   - Undefined Weak Reference
    _rand_init                                - Undefined Weak Reference
    _signal_finish                            - Undefined Weak Reference
    _signal_init                              - Undefined Weak Reference
    _terminate_alloc                          - Undefined Weak Reference
    _terminate_user_alloc                     - Undefined Weak Reference
    _terminateio                              - Undefined Weak Reference
    __Vectors_Size                           0x00000194   Number         0  startup_stm32f401xc.o ABSOLUTE
    __Vectors                                0x08000000   Data           4  startup_stm32f401xc.o(RESET)
    __Vectors_End                            0x08000194   Data           0  startup_stm32f401xc.o(RESET)
    __main                                   0x08000195   Thumb Code     8  __main.o(!!!main)
    __scatterload                            0x0800019d   Thumb Code     0  __scatter.o(!!!scatter)
    __scatterload_rt2                        0x0800019d   Thumb Code    44  __scatter.o(!!!scatter)
    __scatterload_rt2_thumb_only             0x0800019d   Thumb Code     0  __scatter.o(!!!scatter)
    __scatterload_null                       0x080001ab   Thumb Code     0  __scatter.o(!!!scatter)
    __scatterload_copy                       0x080001d1   Thumb Code    26  __scatter_copy.o(!!handler_copy)
    __scatterload_zeroinit                   0x080001ed   Thumb Code    28  __scatter_zi.o(!!handler_zi)
    __rt_lib_init                            0x08000209   Thumb Code     0  libinit.o(.ARM.Collect$$libinit$$00000000)
    __rt_lib_init_fp_1                       0x0800020b   Thumb Code     0  libinit2.o(.ARM.Collect$$libinit$$00000001)
    __rt_lib_init_alloca_1                   0x0800020f   Thumb Code     0  libinit2.o(.ARM.Collect$$libinit$$00000030)
    __rt_lib_init_argv_1                     0x0800020f   Thumb Code     0  libinit2.o(.ARM.Collect$$libinit$$0000002E)
    __rt_lib_init_atexit_1                   0x0800020f   Thumb Code     0  libinit2.o(.ARM.Collect$$libinit$$0000001D)
    __rt_lib_init_clock_1                    0x0800020f   Thumb Code     0  libinit2.o(.ARM.Collect$$libinit$$00000023)
    __rt_lib_init_cpp_1                      0x0800020f   Thumb Code     0  libinit2.o(.ARM.Collect$$libinit$$00000034)
    __rt_lib_init_exceptions_1               0x0800020f   Thumb Code     0  libinit2.o(.ARM.Collect$$libinit$$00000032)
    __rt_lib_init_fp_trap_1                  0x0800020f   Thumb Code     0  libinit2.o(.ARM.Collect$$libinit$$00000021)
    __rt_lib_init_getenv_1                   0x0800020f   Thumb Code     0  libinit2.o(.ARM.Collect$$libinit$$00000025)
    __rt_lib_init_heap_1                     0x0800020f   Thumb Code     0  libinit2.o(.ARM.Collect$$libinit$$0000000C)
    __rt_lib_init_lc_collate_1               0x0800020f   Thumb Code     0  libinit2.o(.ARM.Collect$$libinit$$00000013)
    __rt_lib_init_lc_ctype_1                 0x0800020f   Thumb Code     0  libinit2.o(.ARM.Collect$$libinit$$00000015)
    __rt_lib_init_lc_monetary_1              0x0800020f   Thumb Code     0  libinit2.o(.ARM.Collect$$libinit$$00000017)
    __rt_lib_init_lc_numeric_1               0x0800020f   Thumb Code     0  libinit2.o(.ARM.Collect$$libinit$$00000019)
    __rt_lib_init_lc_time_1                  0x0800020f   Thumb Code     0  libinit2.o(.ARM.Collect$$libinit$$0000001B)
    __rt_lib_init_preinit_1                  0x0800020f   Thumb Code     0  libinit2.o(.ARM.Collect$$libinit$$00000006)
    __rt_lib_init_rand_1                     0x0800020f   Thumb Code     0  libinit2.o(.ARM.Collect$$libinit$$00000010)
    __rt_lib_init_relocate_pie_1             0x0800020f   Thumb Code     0  libinit2.o(.ARM.Collect$$libinit$$00000004)
    __rt_lib_init_return                     0x0800020f   Thumb Code     0  libinit2.o(.ARM.Collect$$libinit$$00000035)
    __rt_lib_init_signal_1                   0x0800020f   Thumb Code     0  libinit2.o(.ARM.Collect$$libinit$$0000001F)
    __rt_lib_init_stdio_1                    0x0800020f   Thumb Code     0  libinit2.o(.ARM.Collect$$libinit$$00000027)
    __rt_lib_init_user_alloc_1               0x0800020f   Thumb Code     0  libinit2.o(.ARM.Collect$$libinit$$0000000E)
    __rt_lib_shutdown                        0x08000211   Thumb Code     0  libshutdown.o(.ARM.Collect$$libshutdown$$00000000)
    __rt_lib_shutdown_cpp_1                  0x08000213   Thumb Code     0  libshutdown2.o(.ARM.Collect$$libshutdown$$00000002)
    __rt_lib_shutdown_fp_trap_1              0x08000213   Thumb Code     0  libshutdown2.o(.ARM.Collect$$libshutdown$$00000007)
    __rt_lib_shutdown_heap_1                 0x08000213   Thumb Code     0  libshutdown2.o(.ARM.Collect$$libshutdown$$0000000F)
    __rt_lib_shutdown_return                 0x08000213   Thumb Code     0  libshutdown2.o(.ARM.Collect$$libshutdown$$00000010)
    __rt_lib_shutdown_signal_1               0x08000213   Thumb Code     0  libshutdown2.o(.ARM.Collect$$libshutdown$$0000000A)
    __rt_lib_shutdown_stdio_1                0x08000213   Thumb Code     0  libshutdown2.o(.ARM.Collect$$libshutdown$$00000004)
    __rt_lib_shutdown_user_alloc_1           0x08000213   Thumb Code     0  libshutdown2.o(.ARM.Collect$$libshutdown$$0000000C)
    __rt_entry                               0x08000215   Thumb Code     0  __rtentry.o(.ARM.Collect$$rtentry$$00000000)
    __rt_entry_presh_1                       0x08000215   Thumb Code     0  __rtentry2.o(.ARM.Collect$$rtentry$$00000002)
    __rt_entry_sh                            0x08000215   Thumb Code     0  __rtentry4.o(.ARM.Collect$$rtentry$$00000004)
    __rt_entry_li                            0x0800021b   Thumb Code     0  __rtentry2.o(.ARM.Collect$$rtentry$$0000000A)
    __rt_entry_postsh_1                      0x0800021b   Thumb Code     0  __rtentry2.o(.ARM.Collect$$rtentry$$00000009)
    __rt_entry_main                          0x0800021f   Thumb Code     0  __rtentry2.o(.ARM.Collect$$rtentry$$0000000D)
    __rt_entry_postli_1                      0x0800021f   Thumb Code     0  __rtentry2.o(.ARM.Collect$$rtentry$$0000000C)
    __rt_exit                                0x08000227   Thumb Code     0  rtexit.o(.ARM.Collect$$rtexit$$00000000)
    __rt_exit_ls                             0x08000229   Thumb Code     0  rtexit2.o(.ARM.Collect$$rtexit$$00000003)
    __rt_exit_prels_1                        0x08000229   Thumb Code     0  rtexit2.o(.ARM.Collect$$rtexit$$00000002)
    __rt_exit_exit                           0x0800022d   Thumb Code     0  rtexit2.o(.ARM.Collect$$rtexit$$00000004)
    Reset_Handler                            0x08000235   Thumb Code     8  startup_stm32f401xc.o(.text)
    ADC_IRQHandler                           0x0800024f   Thumb Code     0  startup_stm32f401xc.o(.text)
    DMA1_Stream0_IRQHandler                  0x0800024f   Thumb Code     0  startup_stm32f401xc.o(.text)
    DMA1_Stream1_IRQHandler                  0x0800024f   Thumb Code     0  startup_stm32f401xc.o(.text)
    DMA1_Stream2_IRQHandler                  0x0800024f   Thumb Code     0  startup_stm32f401xc.o(.text)
    DMA1_Stream3_IRQHandler                  0x0800024f   Thumb Code     0  startup_stm32f401xc.o(.text)
    DMA1_Stream4_IRQHandler                  0x0800024f   Thumb Code     0  startup_stm32f401xc.o(.text)
    DMA1_Stream5_IRQHandler                  0x0800024f   Thumb Code     0  startup_stm32f401xc.o(.text)
    DMA1_Stream6_IRQHandler                  0x0800024f   Thumb Code     0  startup_stm32f401xc.o(.text)
    DMA1_Stream7_IRQHandler                  0x0800024f   Thumb Code     0  startup_stm32f401xc.o(.text)
    DMA2_Stream0_IRQHandler                  0x0800024f   Thumb Code     0  startup_stm32f401xc.o(.text)
    DMA2_Stream1_IRQHandler                  0x0800024f   Thumb Code     0  startup_stm32f401xc.o(.text)
    DMA2_Stream2_IRQHandler                  0x0800024f   Thumb Code     0  startup_stm32f401xc.o(.text)
    DMA2_Stream4_IRQHandler                  0x0800024f   Thumb Code     0  startup_stm32f401xc.o(.text)
    DMA2_Stream5_IRQHandler                  0x0800024f   Thumb Code     0  startup_stm32f401xc.o(.text)
    DMA2_Stream6_IRQHandler                  0x0800024f   Thumb Code     0  startup_stm32f401xc.o(.text)
    DMA2_Stream7_IRQHandler                  0x0800024f   Thumb Code     0  startup_stm32f401xc.o(.text)
    EXTI15_10_IRQHandler                     0x0800024f   Thumb Code     0  startup_stm32f401xc.o(.text)
    EXTI1_IRQHandler                         0x0800024f   Thumb Code     0  startup_stm32f401xc.o(.text)
    EXTI2_IRQHandler                         0x0800024f   Thumb Code     0  startup_stm32f401xc.o(.text)
    EXTI3_IRQHandler                         0x0800024f   Thumb Code     0  startup_stm32f401xc.o(.text)
    EXTI4_IRQHandler                         0x0800024f   Thumb Code     0  startup_stm32f401xc.o(.text)
    FLASH_IRQHandler                         0x0800024f   Thumb Code     0  startup_stm32f401xc.o(.text)
    FPU_IRQHandler                           0x0800024f   Thumb Code     0  startup_stm32f401xc.o(.text)
    I2C1_ER_IRQHandler                       0x0800024f   Thumb Code     0  startup_stm32f401xc.o(.text)
    I2C1_EV_IRQHandler                       0x0800024f   Thumb Code     0  startup_stm32f401xc.o(.text)
    I2C2_ER_IRQHandler                       0x0800024f   Thumb Code     0  startup_stm32f401xc.o(.text)
    I2C2_EV_IRQHandler                       0x0800024f   Thumb Code     0  startup_stm32f401xc.o(.text)
    I2C3_ER_IRQHandler                       0x0800024f   Thumb Code     0  startup_stm32f401xc.o(.text)
    I2C3_EV_IRQHandler                       0x0800024f   Thumb Code     0  startup_stm32f401xc.o(.text)
    OTG_FS_IRQHandler                        0x0800024f   Thumb Code     0  startup_stm32f401xc.o(.text)
    OTG_FS_WKUP_IRQHandler                   0x0800024f   Thumb Code     0  startup_stm32f401xc.o(.text)
    PVD_IRQHandler                           0x0800024f   Thumb Code     0  startup_stm32f401xc.o(.text)
    RCC_IRQHandler                           0x0800024f   Thumb Code     0  startup_stm32f401xc.o(.text)
    RTC_Alarm_IRQHandler                     0x0800024f   Thumb Code     0  startup_stm32f401xc.o(.text)
    RTC_WKUP_IRQHandler                      0x0800024f   Thumb Code     0  startup_stm32f401xc.o(.text)
    SDIO_IRQHandler                          0x0800024f   Thumb Code     0  startup_stm32f401xc.o(.text)
    SPI2_IRQHandler                          0x0800024f   Thumb Code     0  startup_stm32f401xc.o(.text)
    SPI3_IRQHandler                          0x0800024f   Thumb Code     0  startup_stm32f401xc.o(.text)
    SPI4_IRQHandler                          0x0800024f   Thumb Code     0  startup_stm32f401xc.o(.text)
    TAMP_STAMP_IRQHandler                    0x0800024f   Thumb Code     0  startup_stm32f401xc.o(.text)
    TIM1_BRK_TIM9_IRQHandler                 0x0800024f   Thumb Code     0  startup_stm32f401xc.o(.text)
    TIM1_CC_IRQHandler                       0x0800024f   Thumb Code     0  startup_stm32f401xc.o(.text)
    TIM2_IRQHandler                          0x0800024f   Thumb Code     0  startup_stm32f401xc.o(.text)
    TIM3_IRQHandler                          0x0800024f   Thumb Code     0  startup_stm32f401xc.o(.text)
    TIM4_IRQHandler                          0x0800024f   Thumb Code     0  startup_stm32f401xc.o(.text)
    TIM5_IRQHandler                          0x0800024f   Thumb Code     0  startup_stm32f401xc.o(.text)
    USART1_IRQHandler                        0x0800024f   Thumb Code     0  startup_stm32f401xc.o(.text)
    USART2_IRQHandler                        0x0800024f   Thumb Code     0  startup_stm32f401xc.o(.text)
    USART6_IRQHandler                        0x0800024f   Thumb Code     0  startup_stm32f401xc.o(.text)
    WWDG_IRQHandler                          0x0800024f   Thumb Code     0  startup_stm32f401xc.o(.text)
    __user_initial_stackheap                 0x08000251   Thumb Code     0  startup_stm32f401xc.o(.text)
    __aeabi_uldivmod                         0x08000275   Thumb Code     0  lludivv7m.o(.text)
    _ll_udiv                                 0x08000275   Thumb Code   240  lludivv7m.o(.text)
    __use_two_region_memory                  0x08000365   Thumb Code     2  heapauxi.o(.text)
    __rt_heap_escrow$2region                 0x08000367   Thumb Code     2  heapauxi.o(.text)
    __rt_heap_expand$2region                 0x08000369   Thumb Code     2  heapauxi.o(.text)
    __read_errno                             0x0800036b   Thumb Code    10  _rserrno.o(.text)
    __set_errno                              0x08000375   Thumb Code    12  _rserrno.o(.text)
    __aeabi_errno_addr                       0x08000381   Thumb Code     8  rt_errno_addr_intlibspace.o(.text)
    __errno$intlibspace                      0x08000381   Thumb Code     0  rt_errno_addr_intlibspace.o(.text)
    __rt_errno_addr$intlibspace              0x08000381   Thumb Code     0  rt_errno_addr_intlibspace.o(.text)
    __user_libspace                          0x08000389   Thumb Code     8  libspace.o(.text)
    __user_perproc_libspace                  0x08000389   Thumb Code     0  libspace.o(.text)
    __user_perthread_libspace                0x08000389   Thumb Code     0  libspace.o(.text)
    __user_setup_stackheap                   0x08000391   Thumb Code    74  sys_stackheap_outer.o(.text)
    exit                                     0x080003db   Thumb Code    18  exit.o(.text)
    _sys_exit                                0x080003ed   Thumb Code     8  sys_exit.o(.text)
    __I$use$semihosting                      0x080003f9   Thumb Code     0  use_no_semi.o(.text)
    __use_no_semihosting_swi                 0x080003f9   Thumb Code     2  use_no_semi.o(.text)
    __semihosting_library_function           0x080003fb   Thumb Code     0  indicate_semi.o(.text)
    BusFault_Handler                         0x080003fd   Thumb Code     2  stm32f4xx_it.o(.text.BusFault_Handler)
    DMA2_Stream3_IRQHandler                  0x08000401   Thumb Code    12  stm32f4xx_it.o(.text.DMA2_Stream3_IRQHandler)
    DebugMon_Handler                         0x0800040d   Thumb Code     2  stm32f4xx_it.o(.text.DebugMon_Handler)
    EXTI0_IRQHandler                         0x08000411   Thumb Code     6  stm32f4xx_it.o(.text.EXTI0_IRQHandler)
    EXTI9_5_IRQHandler                       0x08000419   Thumb Code     6  stm32f4xx_it.o(.text.EXTI9_5_IRQHandler)
    Error_Handler                            0x08000421   Thumb Code     6  main.o(.text.Error_Handler)
    HAL_DMA_Abort_IT                         0x08000429   Thumb Code    36  stm32f4xx_hal_dma.o(.text.HAL_DMA_Abort_IT)
    HAL_DMA_IRQHandler                       0x0800044d   Thumb Code   448  stm32f4xx_hal_dma.o(.text.HAL_DMA_IRQHandler)
    HAL_DMA_Init                             0x0800060d   Thumb Code   354  stm32f4xx_hal_dma.o(.text.HAL_DMA_Init)
    HAL_DMA_Start_IT                         0x08000771   Thumb Code   158  stm32f4xx_hal_dma.o(.text.HAL_DMA_Start_IT)
    HAL_Delay                                0x08000811   Thumb Code    40  stm32f4xx_hal.o(.text.HAL_Delay)
    HAL_GPIO_EXTI_Callback                   0x08000839   Thumb Code     2  main.o(.text.HAL_GPIO_EXTI_Callback)
    HAL_GPIO_EXTI_IRQHandler                 0x0800083d   Thumb Code    22  stm32f4xx_hal_gpio.o(.text.HAL_GPIO_EXTI_IRQHandler)
    HAL_GPIO_Init                            0x08000855   Thumb Code   422  stm32f4xx_hal_gpio.o(.text.HAL_GPIO_Init)
    HAL_GPIO_ReadPin                         0x080009fd   Thumb Code    10  stm32f4xx_hal_gpio.o(.text.HAL_GPIO_ReadPin)
    HAL_GPIO_WritePin                        0x08000a09   Thumb Code    10  stm32f4xx_hal_gpio.o(.text.HAL_GPIO_WritePin)
    HAL_GetTick                              0x08000a15   Thumb Code    12  stm32f4xx_hal.o(.text.HAL_GetTick)
    HAL_IncTick                              0x08000a21   Thumb Code    26  stm32f4xx_hal.o(.text.HAL_IncTick)
    HAL_Init                                 0x08000a3d   Thumb Code    54  stm32f4xx_hal.o(.text.HAL_Init)
    HAL_InitTick                             0x08000a75   Thumb Code    72  stm32f4xx_hal.o(.text.HAL_InitTick)
    HAL_MspInit                              0x08000abd   Thumb Code    56  stm32f4xx_hal_msp.o(.text.HAL_MspInit)
    HAL_NVIC_EnableIRQ                       0x08000af5   Thumb Code    38  stm32f4xx_hal_cortex.o(.text.HAL_NVIC_EnableIRQ)
    HAL_NVIC_SetPriority                     0x08000b1d   Thumb Code    86  stm32f4xx_hal_cortex.o(.text.HAL_NVIC_SetPriority)
    HAL_NVIC_SetPriorityGrouping             0x08000b75   Thumb Code    32  stm32f4xx_hal_cortex.o(.text.HAL_NVIC_SetPriorityGrouping)
    HAL_RCC_ClockConfig                      0x08000b95   Thumb Code   352  stm32f4xx_hal_rcc.o(.text.HAL_RCC_ClockConfig)
    HAL_RCC_GetSysClockFreq                  0x08000cf5   Thumb Code   106  stm32f4xx_hal_rcc.o(.text.HAL_RCC_GetSysClockFreq)
    HAL_RCC_OscConfig                        0x08000d61   Thumb Code   884  stm32f4xx_hal_rcc.o(.text.HAL_RCC_OscConfig)
    HAL_SPI_ErrorCallback                    0x080010d5   Thumb Code     2  stm32f4xx_hal_spi.o(.text.HAL_SPI_ErrorCallback)
    HAL_SPI_IRQHandler                       0x080010d9   Thumb Code   300  stm32f4xx_hal_spi.o(.text.HAL_SPI_IRQHandler)
    HAL_SPI_Init                             0x08001205   Thumb Code   180  stm32f4xx_hal_spi.o(.text.HAL_SPI_Init)
    HAL_SPI_MspInit                          0x080012b9   Thumb Code   182  spi.o(.text.HAL_SPI_MspInit)
    HAL_SPI_Transmit                         0x08001371   Thumb Code   664  stm32f4xx_hal_spi.o(.text.HAL_SPI_Transmit)
    HAL_SPI_Transmit_DMA                     0x08001609   Thumb Code   216  stm32f4xx_hal_spi.o(.text.HAL_SPI_Transmit_DMA)
    HAL_SPI_TxCpltCallback                   0x080016e1   Thumb Code     2  stm32f4xx_hal_spi.o(.text.HAL_SPI_TxCpltCallback)
    HAL_SPI_TxHalfCpltCallback               0x080016e5   Thumb Code     2  stm32f4xx_hal_spi.o(.text.HAL_SPI_TxHalfCpltCallback)
    HAL_SYSTICK_Config                       0x080016e9   Thumb Code    44  stm32f4xx_hal_cortex.o(.text.HAL_SYSTICK_Config)
    HAL_TIMEx_BreakCallback                  0x08001715   Thumb Code     2  stm32f4xx_hal_tim_ex.o(.text.HAL_TIMEx_BreakCallback)
    HAL_TIMEx_CommutCallback                 0x08001719   Thumb Code     2  stm32f4xx_hal_tim_ex.o(.text.HAL_TIMEx_CommutCallback)
    HAL_TIM_Base_Init                        0x0800171d   Thumb Code    90  stm32f4xx_hal_tim.o(.text.HAL_TIM_Base_Init)
    HAL_TIM_Base_MspInit                     0x08001779   Thumb Code   124  tim.o(.text.HAL_TIM_Base_MspInit)
    HAL_TIM_Base_Start_IT                    0x080017f5   Thumb Code   132  stm32f4xx_hal_tim.o(.text.HAL_TIM_Base_Start_IT)
    HAL_TIM_IC_CaptureCallback               0x08001879   Thumb Code     2  stm32f4xx_hal_tim.o(.text.HAL_TIM_IC_CaptureCallback)
    HAL_TIM_IRQHandler                       0x0800187d   Thumb Code   334  stm32f4xx_hal_tim.o(.text.HAL_TIM_IRQHandler)
    HAL_TIM_OC_DelayElapsedCallback          0x080019cd   Thumb Code     2  stm32f4xx_hal_tim.o(.text.HAL_TIM_OC_DelayElapsedCallback)
    HAL_TIM_PWM_PulseFinishedCallback        0x080019d1   Thumb Code     2  stm32f4xx_hal_tim.o(.text.HAL_TIM_PWM_PulseFinishedCallback)
    HAL_TIM_PeriodElapsedCallback            0x080019d5   Thumb Code    50  main.o(.text.HAL_TIM_PeriodElapsedCallback)
    HAL_TIM_TriggerCallback                  0x08001a09   Thumb Code     2  stm32f4xx_hal_tim.o(.text.HAL_TIM_TriggerCallback)
    HardFault_Handler                        0x08001a0d   Thumb Code     2  stm32f4xx_it.o(.text.HardFault_Handler)
    ILI9341_Draw_Colour_Burst                0x08001a11   Thumb Code   210  ili9341_stm32_driver.o(.text.ILI9341_Draw_Colour_Burst)
    ILI9341_Draw_Filled_Circle               0x08001ae5   Thumb Code   238  ili9341_gfx.o(.text.ILI9341_Draw_Filled_Circle)
    ILI9341_Draw_Filled_Rectangle_Coord      0x08001bd5   Thumb Code    60  ili9341_gfx.o(.text.ILI9341_Draw_Filled_Rectangle_Coord)
    ILI9341_Draw_Hollow_Circle               0x08001c11   Thumb Code   250  ili9341_gfx.o(.text.ILI9341_Draw_Hollow_Circle)
    ILI9341_Draw_Line                        0x08001d0d   Thumb Code   598  ili9341_stm32_driver.o(.text.ILI9341_Draw_Line)
    ILI9341_Draw_Pixel                       0x08001f65   Thumb Code   384  ili9341_stm32_driver.o(.text.ILI9341_Draw_Pixel)
    ILI9341_Draw_Rectangle                   0x080020e5   Thumb Code    92  ili9341_stm32_driver.o(.text.ILI9341_Draw_Rectangle)
    ILI9341_Fill_Screen                      0x08002141   Thumb Code    40  ili9341_stm32_driver.o(.text.ILI9341_Fill_Screen)
    ILI9341_Init                             0x08002169   Thumb Code  4078  ili9341_stm32_driver.o(.text.ILI9341_Init)
    ILI9341_Set_Address                      0x08003159   Thumb Code   558  ili9341_stm32_driver.o(.text.ILI9341_Set_Address)
    ILI9341_Set_Rotation                     0x08003389   Thumb Code   296  ili9341_stm32_driver.o(.text.ILI9341_Set_Rotation)
    KEYPAD_Init                              0x080034b1   Thumb Code  1226  keypad.o(.text.KEYPAD_Init)
    KEYPAD_Scan                              0x0800397d   Thumb Code  1638  keypad.o(.text.KEYPAD_Scan)
    MX_DMA_Init                              0x08003fe5   Thumb Code    56  dma.o(.text.MX_DMA_Init)
    MX_GPIO_Init                             0x0800401d   Thumb Code   364  gpio.o(.text.MX_GPIO_Init)
    MX_SPI1_Init                             0x08004189   Thumb Code    70  spi.o(.text.MX_SPI1_Init)
    MX_TIM10_Init                            0x080041d1   Thumb Code    52  tim.o(.text.MX_TIM10_Init)
    MX_TIM11_Init                            0x08004205   Thumb Code    52  tim.o(.text.MX_TIM11_Init)
    MemManage_Handler                        0x08004239   Thumb Code     2  stm32f4xx_it.o(.text.MemManage_Handler)
    NMI_Handler                              0x0800423d   Thumb Code     2  stm32f4xx_it.o(.text.NMI_Handler)
    PendSV_Handler                           0x08004241   Thumb Code     2  stm32f4xx_it.o(.text.PendSV_Handler)
    SPI1_IRQHandler                          0x08004245   Thumb Code    12  stm32f4xx_it.o(.text.SPI1_IRQHandler)
    SVC_Handler                              0x080044b9   Thumb Code     2  stm32f4xx_it.o(.text.SVC_Handler)
    SysTick_Handler                          0x080044bd   Thumb Code     4  stm32f4xx_it.o(.text.SysTick_Handler)
    SystemClock_Config                       0x080044c1   Thumb Code   164  main.o(.text.SystemClock_Config)
    SystemInit                               0x08004565   Thumb Code    18  system_stm32f4xx.o(.text.SystemInit)
    TIM1_TRG_COM_TIM11_IRQHandler            0x08004579   Thumb Code    12  stm32f4xx_it.o(.text.TIM1_TRG_COM_TIM11_IRQHandler)
    TIM1_UP_TIM10_IRQHandler                 0x08004585   Thumb Code    12  stm32f4xx_it.o(.text.TIM1_UP_TIM10_IRQHandler)
    TIM_Base_SetConfig                       0x08004591   Thumb Code   254  stm32f4xx_hal_tim.o(.text.TIM_Base_SetConfig)
    UsageFault_Handler                       0x08004691   Thumb Code     2  stm32f4xx_it.o(.text.UsageFault_Handler)
    getPulse                                 0x08004695   Thumb Code     6  drivenstep.o(.text.getPulse)
    keypad_handler                           0x0800469d   Thumb Code     6  keypad_user.o(.text.keypad_handler)
    keypad_init                              0x080046a5   Thumb Code    32  keypad_user.o(.text.keypad_init)
    lcd_init                                 0x080046c5   Thumb Code    36  lcd_user.o(.text.lcd_init)
    main                                     0x080046e9   Thumb Code   118  main.o(.text.main)
    move_to                                  0x08004761   Thumb Code    28  drivenstep.o(.text.move_to)
    screen_encoder_step                      0x080047e1   Thumb Code   308  lcd_user.o(.text.screen_encoder_step)
    setPulse                                 0x08004915   Thumb Code     6  drivenstep.o(.text.setPulse)
    set_dir                                  0x0800491d   Thumb Code    12  drivenstep.o(.text.set_dir)
    set_position                             0x08004929   Thumb Code     4  stepposition.o(.text.set_position)
    set_pul                                  0x0800492d   Thumb Code    12  drivenstep.o(.text.set_pul)
    step_ctor                                0x08004939   Thumb Code    40  drivenstep.o(.text.step_ctor)
    step_position_ctor                       0x08004961   Thumb Code    36  stepposition.o(.text.step_position_ctor)
    step_position_handler                    0x08004985   Thumb Code    36  stepposition.o(.text.step_position_handler)
    __ARM_fpclassify                         0x080049a9   Thumb Code    48  fpclassify.o(i.__ARM_fpclassify)
    __hardfp_cos                             0x080049d9   Thumb Code   180  cos.o(i.__hardfp_cos)
    __hardfp_sin                             0x08004aa1   Thumb Code   180  sin.o(i.__hardfp_sin)
    __ieee754_rem_pio2                       0x08004b69   Thumb Code   938  rred.o(i.__ieee754_rem_pio2)
    __kernel_cos                             0x08004fa1   Thumb Code   322  cos_i.o(i.__kernel_cos)
    __kernel_poly                            0x08005111   Thumb Code   248  poly.o(i.__kernel_poly)
    __kernel_sin                             0x08005209   Thumb Code   280  sin_i.o(i.__kernel_sin)
    __mathlib_dbl_infnan                     0x08005339   Thumb Code    20  dunder.o(i.__mathlib_dbl_infnan)
    __mathlib_dbl_invalid                    0x08005351   Thumb Code    24  dunder.o(i.__mathlib_dbl_invalid)
    __mathlib_dbl_underflow                  0x08005371   Thumb Code    24  dunder.o(i.__mathlib_dbl_underflow)
    fabs                                     0x08005391   Thumb Code    24  fabs.o(i.fabs)
    __aeabi_dneg                             0x080053a9   Thumb Code     0  basic.o(x$fpl$basic)
    _dneg                                    0x080053a9   Thumb Code     6  basic.o(x$fpl$basic)
    __aeabi_fneg                             0x080053af   Thumb Code     0  basic.o(x$fpl$basic)
    _fneg                                    0x080053af   Thumb Code     6  basic.o(x$fpl$basic)
    _dabs                                    0x080053b5   Thumb Code     6  basic.o(x$fpl$basic)
    _fabs                                    0x080053bb   Thumb Code     6  basic.o(x$fpl$basic)
    __aeabi_d2f                              0x080053c1   Thumb Code     0  d2f.o(x$fpl$d2f)
    _d2f                                     0x080053c1   Thumb Code    98  d2f.o(x$fpl$d2f)
    __aeabi_dadd                             0x08005425   Thumb Code     0  daddsub_clz.o(x$fpl$dadd)
    _dadd                                    0x08005425   Thumb Code   332  daddsub_clz.o(x$fpl$dadd)
    __aeabi_ddiv                             0x08005575   Thumb Code     0  ddiv.o(x$fpl$ddiv)
    _ddiv                                    0x08005575   Thumb Code   556  ddiv.o(x$fpl$ddiv)
    __aeabi_d2iz                             0x08005829   Thumb Code     0  dfix.o(x$fpl$dfix)
    _dfix                                    0x08005829   Thumb Code    94  dfix.o(x$fpl$dfix)
    __aeabi_i2d                              0x08005887   Thumb Code     0  dflt_clz.o(x$fpl$dflt)
    _dflt                                    0x08005887   Thumb Code    46  dflt_clz.o(x$fpl$dflt)
    __aeabi_ui2d                             0x080058b5   Thumb Code     0  dflt_clz.o(x$fpl$dfltu)
    _dfltu                                   0x080058b5   Thumb Code    38  dflt_clz.o(x$fpl$dfltu)
    __aeabi_dmul                             0x080058dd   Thumb Code     0  dmul.o(x$fpl$dmul)
    _dmul                                    0x080058dd   Thumb Code   332  dmul.o(x$fpl$dmul)
    __fpl_dnaninf                            0x08005a31   Thumb Code   156  dnaninf.o(x$fpl$dnaninf)
    __fpl_dretinf                            0x08005acd   Thumb Code    12  dretinf.o(x$fpl$dretinf)
    __aeabi_drsub                            0x08005ad9   Thumb Code     0  daddsub_clz.o(x$fpl$drsb)
    _drsb                                    0x08005ad9   Thumb Code    22  daddsub_clz.o(x$fpl$drsb)
    __aeabi_dsub                             0x08005af1   Thumb Code     0  daddsub_clz.o(x$fpl$dsub)
    _dsub                                    0x08005af1   Thumb Code   472  daddsub_clz.o(x$fpl$dsub)
    __aeabi_f2d                              0x08005ccd   Thumb Code     0  f2d.o(x$fpl$f2d)
    _f2d                                     0x08005ccd   Thumb Code    86  f2d.o(x$fpl$f2d)
    __fpl_fnaninf                            0x08005d23   Thumb Code   140  fnaninf.o(x$fpl$fnaninf)
    _fp_init                                 0x08005daf   Thumb Code    26  fpinit.o(x$fpl$fpinit)
    __fplib_config_fpu_vfp                   0x08005dc7   Thumb Code     0  fpinit.o(x$fpl$fpinit)
    __fplib_config_pureend_doubles           0x08005dc7   Thumb Code     0  fpinit.o(x$fpl$fpinit)
    __fpl_fretinf                            0x08005dc9   Thumb Code    10  fretinf.o(x$fpl$fretinf)
    __I$use$fp                               0x08005dd2   Number         0  usenofp.o(x$fpl$usenofp)
    AHBPrescTable                            0x08005f00   Data          16  system_stm32f4xx.o(.rodata.AHBPrescTable)
    KEYPAD_CfgParam                          0x08005f10   Data          48  keypad_cfg.o(.rodata.KEYPAD_CfgParam)
    Region$$Table$$Base                      0x08005f48   Number         0  anon$$obj.o(Region$$Table)
    Region$$Table$$Limit                     0x08005f68   Number         0  anon$$obj.o(Region$$Table)
    uwTickFreq                               0x20000000   Data           1  stm32f4xx_hal.o(.data..L_MergedGlobals)
    uwTickPrio                               0x20000004   Data           4  stm32f4xx_hal.o(.data..L_MergedGlobals)
    LCD_HEIGHT                               0x20000008   Data           2  ili9341_stm32_driver.o(.data..L_MergedGlobals)
    LCD_WIDTH                                0x2000000a   Data           2  ili9341_stm32_driver.o(.data..L_MergedGlobals)
    SystemCoreClock                          0x2000000c   Data           4  system_stm32f4xx.o(.data.SystemCoreClock)
    __libspace_start                         0x20000018   Data          96  libspace.o(.bss)
    __temporary_stack_top$libspace           0x20000078   Data           0  libspace.o(.bss)
    pulse_step                               0x2000007a   Data           2  stepposition.o(.bss..L_MergedGlobals)
    step_position                            0x20000080   Data          40  stepposition.o(.bss..L_MergedGlobals)
    hdma_spi1_tx                             0x200000ac   Data          96  spi.o(.bss.hdma_spi1_tx)
    hspi1                                    0x2000010c   Data          88  spi.o(.bss.hspi1)
    htim10                                   0x20000164   Data          72  tim.o(.bss.htim10)
    htim11                                   0x200001ac   Data          72  tim.o(.bss.htim11)
    u8_KeyStatesArr                          0x200001f4   Data          16  keypad_user.o(.bss.u8_KeyStatesArr)
    user_data                                0x20000204   Data           1  config.o(.bss.user_data)
    uwTick                                   0x20000208   Data           4  stm32f4xx_hal.o(.bss.uwTick)



==============================================================================

Memory Map of the image

  Image Entry point : 0x08000195

  Load Region LR_IROM1 (Base: 0x08000000, Size: 0x00005f80, Max: 0x00040000, ABSOLUTE)

    Execution Region ER_IROM1 (Exec base: 0x08000000, Load base: 0x08000000, Size: 0x00005f68, Max: 0x00040000, ABSOLUTE)

    Exec Addr    Load Addr    Size         Type   Attr      Idx    E Section Name        Object

    0x08000000   0x08000000   0x00000194   Data   RO            3    RESET               startup_stm32f401xc.o
    0x08000194   0x08000194   0x00000008   Code   RO         1161  * !!!main             c_w.l(__main.o)
    0x0800019c   0x0800019c   0x00000034   Code   RO         1429    !!!scatter          c_w.l(__scatter.o)
    0x080001d0   0x080001d0   0x0000001a   Code   RO         1431    !!handler_copy      c_w.l(__scatter_copy.o)
    0x080001ea   0x080001ea   0x00000002   PAD
    0x080001ec   0x080001ec   0x0000001c   Code   RO         1433    !!handler_zi        c_w.l(__scatter_zi.o)
    0x08000208   0x08000208   0x00000002   Code   RO         1294    .ARM.Collect$$libinit$$00000000  c_w.l(libinit.o)
    0x0800020a   0x0800020a   0x00000004   Code   RO         1303    .ARM.Collect$$libinit$$00000001  c_w.l(libinit2.o)
    0x0800020e   0x0800020e   0x00000000   Code   RO         1306    .ARM.Collect$$libinit$$00000004  c_w.l(libinit2.o)
    0x0800020e   0x0800020e   0x00000000   Code   RO         1308    .ARM.Collect$$libinit$$00000006  c_w.l(libinit2.o)
    0x0800020e   0x0800020e   0x00000000   Code   RO         1311    .ARM.Collect$$libinit$$0000000C  c_w.l(libinit2.o)
    0x0800020e   0x0800020e   0x00000000   Code   RO         1313    .ARM.Collect$$libinit$$0000000E  c_w.l(libinit2.o)
    0x0800020e   0x0800020e   0x00000000   Code   RO         1315    .ARM.Collect$$libinit$$00000010  c_w.l(libinit2.o)
    0x0800020e   0x0800020e   0x00000000   Code   RO         1318    .ARM.Collect$$libinit$$00000013  c_w.l(libinit2.o)
    0x0800020e   0x0800020e   0x00000000   Code   RO         1320    .ARM.Collect$$libinit$$00000015  c_w.l(libinit2.o)
    0x0800020e   0x0800020e   0x00000000   Code   RO         1322    .ARM.Collect$$libinit$$00000017  c_w.l(libinit2.o)
    0x0800020e   0x0800020e   0x00000000   Code   RO         1324    .ARM.Collect$$libinit$$00000019  c_w.l(libinit2.o)
    0x0800020e   0x0800020e   0x00000000   Code   RO         1326    .ARM.Collect$$libinit$$0000001B  c_w.l(libinit2.o)
    0x0800020e   0x0800020e   0x00000000   Code   RO         1328    .ARM.Collect$$libinit$$0000001D  c_w.l(libinit2.o)
    0x0800020e   0x0800020e   0x00000000   Code   RO         1330    .ARM.Collect$$libinit$$0000001F  c_w.l(libinit2.o)
    0x0800020e   0x0800020e   0x00000000   Code   RO         1332    .ARM.Collect$$libinit$$00000021  c_w.l(libinit2.o)
    0x0800020e   0x0800020e   0x00000000   Code   RO         1334    .ARM.Collect$$libinit$$00000023  c_w.l(libinit2.o)
    0x0800020e   0x0800020e   0x00000000   Code   RO         1336    .ARM.Collect$$libinit$$00000025  c_w.l(libinit2.o)
    0x0800020e   0x0800020e   0x00000000   Code   RO         1338    .ARM.Collect$$libinit$$00000027  c_w.l(libinit2.o)
    0x0800020e   0x0800020e   0x00000000   Code   RO         1342    .ARM.Collect$$libinit$$0000002E  c_w.l(libinit2.o)
    0x0800020e   0x0800020e   0x00000000   Code   RO         1344    .ARM.Collect$$libinit$$00000030  c_w.l(libinit2.o)
    0x0800020e   0x0800020e   0x00000000   Code   RO         1346    .ARM.Collect$$libinit$$00000032  c_w.l(libinit2.o)
    0x0800020e   0x0800020e   0x00000000   Code   RO         1348    .ARM.Collect$$libinit$$00000034  c_w.l(libinit2.o)
    0x0800020e   0x0800020e   0x00000002   Code   RO         1349    .ARM.Collect$$libinit$$00000035  c_w.l(libinit2.o)
    0x08000210   0x08000210   0x00000002   Code   RO         1384    .ARM.Collect$$libshutdown$$00000000  c_w.l(libshutdown.o)
    0x08000212   0x08000212   0x00000000   Code   RO         1412    .ARM.Collect$$libshutdown$$00000002  c_w.l(libshutdown2.o)
    0x08000212   0x08000212   0x00000000   Code   RO         1414    .ARM.Collect$$libshutdown$$00000004  c_w.l(libshutdown2.o)
    0x08000212   0x08000212   0x00000000   Code   RO         1417    .ARM.Collect$$libshutdown$$00000007  c_w.l(libshutdown2.o)
    0x08000212   0x08000212   0x00000000   Code   RO         1420    .ARM.Collect$$libshutdown$$0000000A  c_w.l(libshutdown2.o)
    0x08000212   0x08000212   0x00000000   Code   RO         1422    .ARM.Collect$$libshutdown$$0000000C  c_w.l(libshutdown2.o)
    0x08000212   0x08000212   0x00000000   Code   RO         1425    .ARM.Collect$$libshutdown$$0000000F  c_w.l(libshutdown2.o)
    0x08000212   0x08000212   0x00000002   Code   RO         1426    .ARM.Collect$$libshutdown$$00000010  c_w.l(libshutdown2.o)
    0x08000214   0x08000214   0x00000000   Code   RO         1181    .ARM.Collect$$rtentry$$00000000  c_w.l(__rtentry.o)
    0x08000214   0x08000214   0x00000000   Code   RO         1227    .ARM.Collect$$rtentry$$00000002  c_w.l(__rtentry2.o)
    0x08000214   0x08000214   0x00000006   Code   RO         1239    .ARM.Collect$$rtentry$$00000004  c_w.l(__rtentry4.o)
    0x0800021a   0x0800021a   0x00000000   Code   RO         1229    .ARM.Collect$$rtentry$$00000009  c_w.l(__rtentry2.o)
    0x0800021a   0x0800021a   0x00000004   Code   RO         1230    .ARM.Collect$$rtentry$$0000000A  c_w.l(__rtentry2.o)
    0x0800021e   0x0800021e   0x00000000   Code   RO         1232    .ARM.Collect$$rtentry$$0000000C  c_w.l(__rtentry2.o)
    0x0800021e   0x0800021e   0x00000008   Code   RO         1233    .ARM.Collect$$rtentry$$0000000D  c_w.l(__rtentry2.o)
    0x08000226   0x08000226   0x00000002   Code   RO         1295    .ARM.Collect$$rtexit$$00000000  c_w.l(rtexit.o)
    0x08000228   0x08000228   0x00000000   Code   RO         1355    .ARM.Collect$$rtexit$$00000002  c_w.l(rtexit2.o)
    0x08000228   0x08000228   0x00000004   Code   RO         1356    .ARM.Collect$$rtexit$$00000003  c_w.l(rtexit2.o)
    0x0800022c   0x0800022c   0x00000006   Code   RO         1357    .ARM.Collect$$rtexit$$00000004  c_w.l(rtexit2.o)
    0x08000232   0x08000232   0x00000002   PAD
    0x08000234   0x08000234   0x00000040   Code   RO            4    .text               startup_stm32f401xc.o
    0x08000274   0x08000274   0x000000f0   Code   RO         1155    .text               c_w.l(lludivv7m.o)
    0x08000364   0x08000364   0x00000006   Code   RO         1159    .text               c_w.l(heapauxi.o)
    0x0800036a   0x0800036a   0x00000016   Code   RO         1186    .text               c_w.l(_rserrno.o)
    0x08000380   0x08000380   0x00000008   Code   RO         1246    .text               c_w.l(rt_errno_addr_intlibspace.o)
    0x08000388   0x08000388   0x00000008   Code   RO         1278    .text               c_w.l(libspace.o)
    0x08000390   0x08000390   0x0000004a   Code   RO         1281    .text               c_w.l(sys_stackheap_outer.o)
    0x080003da   0x080003da   0x00000012   Code   RO         1283    .text               c_w.l(exit.o)
    0x080003ec   0x080003ec   0x0000000c   Code   RO         1350    .text               c_w.l(sys_exit.o)
    0x080003f8   0x080003f8   0x00000002   Code   RO         1373    .text               c_w.l(use_no_semi.o)
    0x080003fa   0x080003fa   0x00000000   Code   RO         1375    .text               c_w.l(indicate_semi.o)
    0x080003fa   0x080003fa   0x00000002   PAD
    0x080003fc   0x080003fc   0x00000002   Code   RO           88    .text.BusFault_Handler  stm32f4xx_it.o
    0x080003fe   0x080003fe   0x00000002   PAD
    0x08000400   0x08000400   0x0000000c   Code   RO          110    .text.DMA2_Stream3_IRQHandler  stm32f4xx_it.o
    0x0800040c   0x0800040c   0x00000002   Code   RO           94    .text.DebugMon_Handler  stm32f4xx_it.o
    0x0800040e   0x0800040e   0x00000002   PAD
    0x08000410   0x08000410   0x00000006   Code   RO          100    .text.EXTI0_IRQHandler  stm32f4xx_it.o
    0x08000416   0x08000416   0x00000002   PAD
    0x08000418   0x08000418   0x00000006   Code   RO          102    .text.EXTI9_5_IRQHandler  stm32f4xx_it.o
    0x0800041e   0x0800041e   0x00000002   PAD
    0x08000420   0x08000420   0x00000006   Code   RO           19    .text.Error_Handler  main.o
    0x08000426   0x08000426   0x00000002   PAD
    0x08000428   0x08000428   0x00000024   Code   RO          407    .text.HAL_DMA_Abort_IT  stm32f4xx_hal_dma.o
    0x0800044c   0x0800044c   0x000001c0   Code   RO          411    .text.HAL_DMA_IRQHandler  stm32f4xx_hal_dma.o
    0x0800060c   0x0800060c   0x00000162   Code   RO          397    .text.HAL_DMA_Init  stm32f4xx_hal_dma.o
    0x0800076e   0x0800076e   0x00000002   PAD
    0x08000770   0x08000770   0x0000009e   Code   RO          403    .text.HAL_DMA_Start_IT  stm32f4xx_hal_dma.o
    0x0800080e   0x0800080e   0x00000002   PAD
    0x08000810   0x08000810   0x00000028   Code   RO          568    .text.HAL_Delay     stm32f4xx_hal.o
    0x08000838   0x08000838   0x00000002   Code   RO           13    .text.HAL_GPIO_EXTI_Callback  main.o
    0x0800083a   0x0800083a   0x00000002   PAD
    0x0800083c   0x0800083c   0x00000016   Code   RO          371    .text.HAL_GPIO_EXTI_IRQHandler  stm32f4xx_hal_gpio.o
    0x08000852   0x08000852   0x00000002   PAD
    0x08000854   0x08000854   0x000001a6   Code   RO          359    .text.HAL_GPIO_Init  stm32f4xx_hal_gpio.o
    0x080009fa   0x080009fa   0x00000002   PAD
    0x080009fc   0x080009fc   0x0000000a   Code   RO          363    .text.HAL_GPIO_ReadPin  stm32f4xx_hal_gpio.o
    0x08000a06   0x08000a06   0x00000002   PAD
    0x08000a08   0x08000a08   0x0000000a   Code   RO          365    .text.HAL_GPIO_WritePin  stm32f4xx_hal_gpio.o
    0x08000a12   0x08000a12   0x00000002   PAD
    0x08000a14   0x08000a14   0x0000000c   Code   RO          560    .text.HAL_GetTick   stm32f4xx_hal.o
    0x08000a20   0x08000a20   0x0000001a   Code   RO          558    .text.HAL_IncTick   stm32f4xx_hal.o
    0x08000a3a   0x08000a3a   0x00000002   PAD
    0x08000a3c   0x08000a3c   0x00000036   Code   RO          548    .text.HAL_Init      stm32f4xx_hal.o
    0x08000a72   0x08000a72   0x00000002   PAD
    0x08000a74   0x08000a74   0x00000048   Code   RO          550    .text.HAL_InitTick  stm32f4xx_hal.o
    0x08000abc   0x08000abc   0x00000038   Code   RO          119    .text.HAL_MspInit   stm32f4xx_hal_msp.o
    0x08000af4   0x08000af4   0x00000026   Code   RO          504    .text.HAL_NVIC_EnableIRQ  stm32f4xx_hal_cortex.o
    0x08000b1a   0x08000b1a   0x00000002   PAD
    0x08000b1c   0x08000b1c   0x00000056   Code   RO          502    .text.HAL_NVIC_SetPriority  stm32f4xx_hal_cortex.o
    0x08000b72   0x08000b72   0x00000002   PAD
    0x08000b74   0x08000b74   0x00000020   Code   RO          500    .text.HAL_NVIC_SetPriorityGrouping  stm32f4xx_hal_cortex.o
    0x08000b94   0x08000b94   0x00000160   Code   RO          245    .text.HAL_RCC_ClockConfig  stm32f4xx_hal_rcc.o
    0x08000cf4   0x08000cf4   0x0000006a   Code   RO          247    .text.HAL_RCC_GetSysClockFreq  stm32f4xx_hal_rcc.o
    0x08000d5e   0x08000d5e   0x00000002   PAD
    0x08000d60   0x08000d60   0x00000374   Code   RO          243    .text.HAL_RCC_OscConfig  stm32f4xx_hal_rcc.o
    0x080010d4   0x080010d4   0x00000002   Code   RO          207    .text.HAL_SPI_ErrorCallback  stm32f4xx_hal_spi.o
    0x080010d6   0x080010d6   0x00000002   PAD
    0x080010d8   0x080010d8   0x0000012c   Code   RO          203    .text.HAL_SPI_IRQHandler  stm32f4xx_hal_spi.o
    0x08001204   0x08001204   0x000000b4   Code   RO          127    .text.HAL_SPI_Init  stm32f4xx_hal_spi.o
    0x080012b8   0x080012b8   0x000000b6   Code   RO           50    .text.HAL_SPI_MspInit  spi.o
    0x0800136e   0x0800136e   0x00000002   PAD
    0x08001370   0x08001370   0x00000298   Code   RO          135    .text.HAL_SPI_Transmit  stm32f4xx_hal_spi.o
    0x08001608   0x08001608   0x000000d8   Code   RO          163    .text.HAL_SPI_Transmit_DMA  stm32f4xx_hal_spi.o
    0x080016e0   0x080016e0   0x00000002   Code   RO          209    .text.HAL_SPI_TxCpltCallback  stm32f4xx_hal_spi.o
    0x080016e2   0x080016e2   0x00000002   PAD
    0x080016e4   0x080016e4   0x00000002   Code   RO          215    .text.HAL_SPI_TxHalfCpltCallback  stm32f4xx_hal_spi.o
    0x080016e6   0x080016e6   0x00000002   PAD
    0x080016e8   0x080016e8   0x0000002c   Code   RO          512    .text.HAL_SYSTICK_Config  stm32f4xx_hal_cortex.o
    0x08001714   0x08001714   0x00000002   Code   RO          943    .text.HAL_TIMEx_BreakCallback  stm32f4xx_hal_tim_ex.o
    0x08001716   0x08001716   0x00000002   PAD
    0x08001718   0x08001718   0x00000002   Code   RO          939    .text.HAL_TIMEx_CommutCallback  stm32f4xx_hal_tim_ex.o
    0x0800171a   0x0800171a   0x00000002   PAD
    0x0800171c   0x0800171c   0x0000005a   Code   RO          638    .text.HAL_TIM_Base_Init  stm32f4xx_hal_tim.o
    0x08001776   0x08001776   0x00000002   PAD
    0x08001778   0x08001778   0x0000007c   Code   RO           68    .text.HAL_TIM_Base_MspInit  tim.o
    0x080017f4   0x080017f4   0x00000084   Code   RO          652    .text.HAL_TIM_Base_Start_IT  stm32f4xx_hal_tim.o
    0x08001878   0x08001878   0x00000002   Code   RO          774    .text.HAL_TIM_IC_CaptureCallback  stm32f4xx_hal_tim.o
    0x0800187a   0x0800187a   0x00000002   PAD
    0x0800187c   0x0800187c   0x0000014e   Code   RO          772    .text.HAL_TIM_IRQHandler  stm32f4xx_hal_tim.o
    0x080019ca   0x080019ca   0x00000002   PAD
    0x080019cc   0x080019cc   0x00000002   Code   RO          776    .text.HAL_TIM_OC_DelayElapsedCallback  stm32f4xx_hal_tim.o
    0x080019ce   0x080019ce   0x00000002   PAD
    0x080019d0   0x080019d0   0x00000002   Code   RO          778    .text.HAL_TIM_PWM_PulseFinishedCallback  stm32f4xx_hal_tim.o
    0x080019d2   0x080019d2   0x00000002   PAD
    0x080019d4   0x080019d4   0x00000032   Code   RO           11    .text.HAL_TIM_PeriodElapsedCallback  main.o
    0x08001a06   0x08001a06   0x00000002   PAD
    0x08001a08   0x08001a08   0x00000002   Code   RO          782    .text.HAL_TIM_TriggerCallback  stm32f4xx_hal_tim.o
    0x08001a0a   0x08001a0a   0x00000002   PAD
    0x08001a0c   0x08001a0c   0x00000002   Code   RO           84    .text.HardFault_Handler  stm32f4xx_it.o
    0x08001a0e   0x08001a0e   0x00000002   PAD
    0x08001a10   0x08001a10   0x000000d2   Code   RO         1022    .text.ILI9341_Draw_Colour_Burst  ili9341_stm32_driver.o
    0x08001ae2   0x08001ae2   0x00000002   PAD
    0x08001ae4   0x08001ae4   0x000000ee   Code   RO          974    .text.ILI9341_Draw_Filled_Circle  ili9341_gfx.o
    0x08001bd2   0x08001bd2   0x00000002   PAD
    0x08001bd4   0x08001bd4   0x0000003c   Code   RO          978    .text.ILI9341_Draw_Filled_Rectangle_Coord  ili9341_gfx.o
    0x08001c10   0x08001c10   0x000000fa   Code   RO          972    .text.ILI9341_Draw_Hollow_Circle  ili9341_gfx.o
    0x08001d0a   0x08001d0a   0x00000002   PAD
    0x08001d0c   0x08001d0c   0x00000256   Code   RO         1034    .text.ILI9341_Draw_Line  ili9341_stm32_driver.o
    0x08001f62   0x08001f62   0x00000002   PAD
    0x08001f64   0x08001f64   0x00000180   Code   RO         1026    .text.ILI9341_Draw_Pixel  ili9341_stm32_driver.o
    0x080020e4   0x080020e4   0x0000005c   Code   RO         1028    .text.ILI9341_Draw_Rectangle  ili9341_stm32_driver.o
    0x08002140   0x08002140   0x00000028   Code   RO         1024    .text.ILI9341_Fill_Screen  ili9341_stm32_driver.o
    0x08002168   0x08002168   0x00000fee   Code   RO         1018    .text.ILI9341_Init  ili9341_stm32_driver.o
    0x08003156   0x08003156   0x00000002   PAD
    0x08003158   0x08003158   0x0000022e   Code   RO         1010    .text.ILI9341_Set_Address  ili9341_stm32_driver.o
    0x08003386   0x08003386   0x00000002   PAD
    0x08003388   0x08003388   0x00000128   Code   RO         1014    .text.ILI9341_Set_Rotation  ili9341_stm32_driver.o
    0x080034b0   0x080034b0   0x000004ca   Code   RO         1045    .text.KEYPAD_Init   keypad.o
    0x0800397a   0x0800397a   0x00000002   PAD
    0x0800397c   0x0800397c   0x00000666   Code   RO         1047    .text.KEYPAD_Scan   keypad.o
    0x08003fe2   0x08003fe2   0x00000002   PAD
    0x08003fe4   0x08003fe4   0x00000038   Code   RO           39    .text.MX_DMA_Init   dma.o
    0x0800401c   0x0800401c   0x0000016c   Code   RO           30    .text.MX_GPIO_Init  gpio.o
    0x08004188   0x08004188   0x00000046   Code   RO           48    .text.MX_SPI1_Init  spi.o
    0x080041ce   0x080041ce   0x00000002   PAD
    0x080041d0   0x080041d0   0x00000034   Code   RO           64    .text.MX_TIM10_Init  tim.o
    0x08004204   0x08004204   0x00000034   Code   RO           66    .text.MX_TIM11_Init  tim.o
    0x08004238   0x08004238   0x00000002   Code   RO           86    .text.MemManage_Handler  stm32f4xx_it.o
    0x0800423a   0x0800423a   0x00000002   PAD
    0x0800423c   0x0800423c   0x00000002   Code   RO           82    .text.NMI_Handler   stm32f4xx_it.o
    0x0800423e   0x0800423e   0x00000002   PAD
    0x08004240   0x08004240   0x00000002   Code   RO           96    .text.PendSV_Handler  stm32f4xx_it.o
    0x08004242   0x08004242   0x00000002   PAD
    0x08004244   0x08004244   0x0000000c   Code   RO          108    .text.SPI1_IRQHandler  stm32f4xx_it.o
    0x08004250   0x08004250   0x0000000c   Code   RO          205    .text.SPI_DMAAbortOnError  stm32f4xx_hal_spi.o
    0x0800425c   0x0800425c   0x0000001e   Code   RO          169    .text.SPI_DMAError  stm32f4xx_hal_spi.o
    0x0800427a   0x0800427a   0x00000002   PAD
    0x0800427c   0x0800427c   0x00000006   Code   RO          165    .text.SPI_DMAHalfTransmitCplt  stm32f4xx_hal_spi.o
    0x08004282   0x08004282   0x00000002   PAD
    0x08004284   0x08004284   0x00000112   Code   RO          167    .text.SPI_DMATransmitCplt  stm32f4xx_hal_spi.o
    0x08004396   0x08004396   0x00000002   PAD
    0x08004398   0x08004398   0x00000120   Code   RO          231    .text.SPI_WaitFlagStateUntilTimeout  stm32f4xx_hal_spi.o
    0x080044b8   0x080044b8   0x00000002   Code   RO           92    .text.SVC_Handler   stm32f4xx_it.o
    0x080044ba   0x080044ba   0x00000002   PAD
    0x080044bc   0x080044bc   0x00000004   Code   RO           98    .text.SysTick_Handler  stm32f4xx_it.o
    0x080044c0   0x080044c0   0x000000a4   Code   RO           17    .text.SystemClock_Config  main.o
    0x08004564   0x08004564   0x00000012   Code   RO          957    .text.SystemInit    system_stm32f4xx.o
    0x08004576   0x08004576   0x00000002   PAD
    0x08004578   0x08004578   0x0000000c   Code   RO          106    .text.TIM1_TRG_COM_TIM11_IRQHandler  stm32f4xx_it.o
    0x08004584   0x08004584   0x0000000c   Code   RO          104    .text.TIM1_UP_TIM10_IRQHandler  stm32f4xx_it.o
    0x08004590   0x08004590   0x000000fe   Code   RO          642    .text.TIM_Base_SetConfig  stm32f4xx_hal_tim.o
    0x0800468e   0x0800468e   0x00000002   PAD
    0x08004690   0x08004690   0x00000002   Code   RO           90    .text.UsageFault_Handler  stm32f4xx_it.o
    0x08004692   0x08004692   0x00000002   PAD
    0x08004694   0x08004694   0x00000006   Code   RO         1070    .text.getPulse      drivenstep.o
    0x0800469a   0x0800469a   0x00000002   PAD
    0x0800469c   0x0800469c   0x00000006   Code   RO         1133    .text.keypad_handler  keypad_user.o
    0x080046a2   0x080046a2   0x00000002   PAD
    0x080046a4   0x080046a4   0x00000020   Code   RO         1135    .text.keypad_init   keypad_user.o
    0x080046c4   0x080046c4   0x00000024   Code   RO         1110    .text.lcd_init      lcd_user.o
    0x080046e8   0x080046e8   0x00000076   Code   RO           15    .text.main          main.o
    0x0800475e   0x0800475e   0x00000002   PAD
    0x08004760   0x08004760   0x0000001c   Code   RO         1076    .text.move_to       drivenstep.o
    0x0800477c   0x0800477c   0x00000064   Code   RO         1088    .text.move_to_position  stepposition.o
    0x080047e0   0x080047e0   0x00000134   Code   RO         1112    .text.screen_encoder_step  lcd_user.o
    0x08004914   0x08004914   0x00000006   Code   RO         1068    .text.setPulse      drivenstep.o
    0x0800491a   0x0800491a   0x00000002   PAD
    0x0800491c   0x0800491c   0x0000000c   Code   RO         1072    .text.set_dir       drivenstep.o
    0x08004928   0x08004928   0x00000004   Code   RO         1090    .text.set_position  stepposition.o
    0x0800492c   0x0800492c   0x0000000c   Code   RO         1074    .text.set_pul       drivenstep.o
    0x08004938   0x08004938   0x00000028   Code   RO         1064    .text.step_ctor     drivenstep.o
    0x08004960   0x08004960   0x00000024   Code   RO         1086    .text.step_position_ctor  stepposition.o
    0x08004984   0x08004984   0x00000024   Code   RO         1098    .text.step_position_handler  stepposition.o
    0x080049a8   0x080049a8   0x00000030   Code   RO         1274    i.__ARM_fpclassify  m_wm.l(fpclassify.o)
    0x080049d8   0x080049d8   0x000000c8   Code   RO         1169    i.__hardfp_cos      m_wm.l(cos.o)
    0x08004aa0   0x08004aa0   0x000000c8   Code   RO         1175    i.__hardfp_sin      m_wm.l(sin.o)
    0x08004b68   0x08004b68   0x00000438   Code   RO         1218    i.__ieee754_rem_pio2  m_wm.l(rred.o)
    0x08004fa0   0x08004fa0   0x00000170   Code   RO         1201    i.__kernel_cos      m_wm.l(cos_i.o)
    0x08005110   0x08005110   0x000000f8   Code   RO         1276    i.__kernel_poly     m_wm.l(poly.o)
    0x08005208   0x08005208   0x00000130   Code   RO         1223    i.__kernel_sin      m_wm.l(sin_i.o)
    0x08005338   0x08005338   0x00000014   Code   RO         1205    i.__mathlib_dbl_infnan  m_wm.l(dunder.o)
    0x0800534c   0x0800534c   0x00000004   PAD
    0x08005350   0x08005350   0x00000020   Code   RO         1207    i.__mathlib_dbl_invalid  m_wm.l(dunder.o)
    0x08005370   0x08005370   0x00000020   Code   RO         1210    i.__mathlib_dbl_underflow  m_wm.l(dunder.o)
    0x08005390   0x08005390   0x00000018   Code   RO         1270    i.fabs              m_wm.l(fabs.o)
    0x080053a8   0x080053a8   0x00000018   Code   RO         1190    x$fpl$basic         fz_wm.l(basic.o)
    0x080053c0   0x080053c0   0x00000062   Code   RO         1163    x$fpl$d2f           fz_wm.l(d2f.o)
    0x08005422   0x08005422   0x00000002   PAD
    0x08005424   0x08005424   0x00000150   Code   RO         1248    x$fpl$dadd          fz_wm.l(daddsub_clz.o)
    0x08005574   0x08005574   0x000002b4   Code   RO         1255    x$fpl$ddiv          fz_wm.l(ddiv.o)
    0x08005828   0x08005828   0x0000005e   Code   RO         1258    x$fpl$dfix          fz_wm.l(dfix.o)
    0x08005886   0x08005886   0x0000002e   Code   RO         1263    x$fpl$dflt          fz_wm.l(dflt_clz.o)
    0x080058b4   0x080058b4   0x00000026   Code   RO         1262    x$fpl$dfltu         fz_wm.l(dflt_clz.o)
    0x080058da   0x080058da   0x00000002   PAD
    0x080058dc   0x080058dc   0x00000154   Code   RO         1165    x$fpl$dmul          fz_wm.l(dmul.o)
    0x08005a30   0x08005a30   0x0000009c   Code   RO         1192    x$fpl$dnaninf       fz_wm.l(dnaninf.o)
    0x08005acc   0x08005acc   0x0000000c   Code   RO         1194    x$fpl$dretinf       fz_wm.l(dretinf.o)
    0x08005ad8   0x08005ad8   0x00000016   Code   RO         1249    x$fpl$drsb          fz_wm.l(daddsub_clz.o)
    0x08005aee   0x08005aee   0x00000002   PAD
    0x08005af0   0x08005af0   0x000001dc   Code   RO         1250    x$fpl$dsub          fz_wm.l(daddsub_clz.o)
    0x08005ccc   0x08005ccc   0x00000056   Code   RO         1167    x$fpl$f2d           fz_wm.l(f2d.o)
    0x08005d22   0x08005d22   0x0000008c   Code   RO         1196    x$fpl$fnaninf       fz_wm.l(fnaninf.o)
    0x08005dae   0x08005dae   0x0000001a   Code   RO         1367    x$fpl$fpinit        fz_wm.l(fpinit.o)
    0x08005dc8   0x08005dc8   0x0000000a   Code   RO         1198    x$fpl$fretinf       fz_wm.l(fretinf.o)
    0x08005dd2   0x08005dd2   0x00000000   Code   RO         1200    x$fpl$usenofp       fz_wm.l(usenofp.o)
    0x08005dd2   0x08005dd2   0x00000006   PAD
    0x08005dd8   0x08005dd8   0x00000030   Data   RO         1202    .constdata          m_wm.l(cos_i.o)
    0x08005e08   0x08005e08   0x000000cc   Data   RO         1220    .constdata          m_wm.l(rred.o)
    0x08005ed4   0x08005ed4   0x00000004   PAD
    0x08005ed8   0x08005ed8   0x00000028   Data   RO         1224    .constdata          m_wm.l(sin_i.o)
    0x08005f00   0x08005f00   0x00000010   Data   RO          962    .rodata.AHBPrescTable  system_stm32f4xx.o
    0x08005f10   0x08005f10   0x00000030   Data   RO         1058    .rodata.KEYPAD_CfgParam  keypad_cfg.o
    0x08005f40   0x08005f40   0x00000008   Data   RO          421    .rodata.cst8        stm32f4xx_hal_dma.o
    0x08005f48   0x08005f48   0x00000020   Data   RO         1428    Region$$Table       anon$$obj.o


    Execution Region RW_IRAM1 (Exec base: 0x20000000, Load base: 0x08005f68, Size: 0x00000810, Max: 0x00010000, ABSOLUTE)

    Exec Addr    Load Addr    Size         Type   Attr      Idx    E Section Name        Object

    0x20000000   0x08005f68   0x00000008   Data   RW          603    .data..L_MergedGlobals  stm32f4xx_hal.o
    0x20000008   0x08005f70   0x00000004   Data   RW         1036    .data..L_MergedGlobals  ili9341_stm32_driver.o
    0x2000000c   0x08005f74   0x00000004   Data   RW          961    .data.SystemCoreClock  system_stm32f4xx.o
    0x20000010   0x08005f78   0x00000004   Data   RW         1100    .data.step_position_ctor.VTableFloor  stepposition.o
    0x20000014   0x08005f7c   0x00000004   PAD
    0x20000018        -       0x00000060   Zero   RW         1279    .bss                c_w.l(libspace.o)
    0x20000078        -       0x00000030   Zero   RW         1101    .bss..L_MergedGlobals  stepposition.o
    0x200000a8        -       0x00000004   Zero   RW         1049    .bss.gs_KEYPAD_info  keypad.o
    0x200000ac        -       0x00000060   Zero   RW           55    .bss.hdma_spi1_tx   spi.o
    0x2000010c        -       0x00000058   Zero   RW           54    .bss.hspi1          spi.o
    0x20000164        -       0x00000048   Zero   RW           72    .bss.htim10         tim.o
    0x200001ac        -       0x00000048   Zero   RW           73    .bss.htim11         tim.o
    0x200001f4        -       0x00000010   Zero   RW         1140    .bss.u8_KeyStatesArr  keypad_user.o
    0x20000204        -       0x00000001   Zero   RW         1148    .bss.user_data      config.o
    0x20000205   0x08005f7c   0x00000003   PAD
    0x20000208        -       0x00000004   Zero   RW          602    .bss.uwTick         stm32f4xx_hal.o
    0x2000020c   0x08005f7c   0x00000004   PAD
    0x20000210        -       0x00000200   Zero   RW            2    HEAP                startup_stm32f401xc.o
    0x20000410        -       0x00000400   Zero   RW            1    STACK               startup_stm32f401xc.o


==============================================================================

Image component sizes


      Code (inc. data)   RO Data    RW Data    ZI Data      Debug   Object Name

         0          0          0          0          1        459   config.o
        56          0          0          0          0       3001   dma.o
       104          0          0          0          0       3173   drivenstep.o
       364          0          0          0          0       3722   gpio.o
       548          0          0          0          0      11615   ili9341_gfx.o
      6256          6          0          4          0      18391   ili9341_stm32_driver.o
      2864         54          0          0          4       5725   keypad.o
         0          0         48          0          0       1044   keypad_cfg.o
        38          0          0          0         16       4415   keypad_user.o
       344         28          0          0          0       2707   lcd_user.o
       340          0          0          0          0       6676   main.o
       252          0          0          0        184       6534   spi.o
        64         26        404          0       1536        840   startup_stm32f401xc.o
       176          0          0          4         48       3722   stepposition.o
       204          0          0          8          4       6847   stm32f4xx_hal.o
       200          0          0          0          0      10101   stm32f4xx_hal_cortex.o
       996          6          8          0          0      10545   stm32f4xx_hal_dma.o
       464          0          0          0          0       5299   stm32f4xx_hal_gpio.o
        56          0          0          0          0       1506   stm32f4xx_hal_msp.o
      1342          0          0          0          0       7404   stm32f4xx_hal_rcc.o
      1976          0          0          0          0      26144   stm32f4xx_hal_spi.o
       818          0          0          0          0      54442   stm32f4xx_hal_tim.o
         4          0          0          0          0      21010   stm32f4xx_hal_tim_ex.o
        80          0          0          0          0       6252   stm32f4xx_it.o
        18          0         16          4          0       2697   system_stm32f4xx.o
       228          0          0          0        144       6639   tim.o

    ----------------------------------------------------------------------
     17900        120        508         20       1948     230910   Object Totals
         0          0         32          0          0          0   (incl. Generated)
       108          0          0          0         11          0   (incl. Padding)

    ----------------------------------------------------------------------

      Code (inc. data)   RO Data    RW Data    ZI Data      Debug   Library Member Name

         8          0          0          0          0         68   __main.o
         0          0          0          0          0          0   __rtentry.o
        12          0          0          0          0          0   __rtentry2.o
         6          0          0          0          0          0   __rtentry4.o
        52          8          0          0          0          0   __scatter.o
        26          0          0          0          0          0   __scatter_copy.o
        28          0          0          0          0          0   __scatter_zi.o
        22          0          0          0          0        100   _rserrno.o
        18          0          0          0          0         80   exit.o
         6          0          0          0          0        152   heapauxi.o
         0          0          0          0          0          0   indicate_semi.o
         2          0          0          0          0          0   libinit.o
         6          0          0          0          0          0   libinit2.o
         2          0          0          0          0          0   libshutdown.o
         2          0          0          0          0          0   libshutdown2.o
         8          4          0          0         96         68   libspace.o
       240          0          0          0          0        100   lludivv7m.o
         8          4          0          0          0         68   rt_errno_addr_intlibspace.o
         2          0          0          0          0          0   rtexit.o
        10          0          0          0          0          0   rtexit2.o
        12          4          0          0          0         68   sys_exit.o
        74          0          0          0          0         80   sys_stackheap_outer.o
         2          0          0          0          0         68   use_no_semi.o
        24          0          0          0          0        164   basic.o
        98          4          0          0          0        140   d2f.o
       834         16          0          0          0        516   daddsub_clz.o
       692        140          0          0          0        264   ddiv.o
        94          4          0          0          0        140   dfix.o
        84          0          0          0          0        232   dflt_clz.o
       340         12          0          0          0        152   dmul.o
       156          4          0          0          0        140   dnaninf.o
        12          0          0          0          0        116   dretinf.o
        86          4          0          0          0        132   f2d.o
       140          4          0          0          0        132   fnaninf.o
        26          0          0          0          0        116   fpinit.o
        10          0          0          0          0        116   fretinf.o
         0          0          0          0          0          0   usenofp.o
       200         20          0          0          0        164   cos.o
       368         46         48          0          0        200   cos_i.o
        84         16          0          0          0        372   dunder.o
        24          0          0          0          0        124   fabs.o
        48          0          0          0          0        124   fpclassify.o
       248          0          0          0          0        152   poly.o
      1080        142        204          0          0        188   rred.o
       200         20          0          0          0        164   sin.o
       304         24         40          0          0        208   sin_i.o

    ----------------------------------------------------------------------
      5720        476        296          0         96       4908   Library Totals
        22          0          4          0          0          0   (incl. Padding)

    ----------------------------------------------------------------------

      Code (inc. data)   RO Data    RW Data    ZI Data      Debug   Library Name

       546         20          0          0         96        852   c_w.l
      2596        188          0          0          0       2360   fz_wm.l
      2556        268        292          0          0       1696   m_wm.l

    ----------------------------------------------------------------------
      5720        476        296          0         96       4908   Library Totals

    ----------------------------------------------------------------------

==============================================================================


      Code (inc. data)   RO Data    RW Data    ZI Data      Debug   

     23620        596        804         20       2044     232566   Grand Totals
     23620        596        804         20       2044     232566   ELF Image Totals
     23620        596        804         20          0          0   ROM Totals

==============================================================================

    Total RO  Size (Code + RO Data)                24424 (  23.85kB)
    Total RW  Size (RW Data + ZI Data)              2064 (   2.02kB)
    Total ROM Size (Code + RO Data + RW Data)      24444 (  23.87kB)

==============================================================================

