Component: Arm Compiler for Embedded 6.19 Tool: armlink [5e73cb00]

==============================================================================

Section Cross References

    startup_stm32f103xb.o(STACK) refers (Special) to heapauxi.o(.text) for __use_two_region_memory
    startup_stm32f103xb.o(HEAP) refers (Special) to heapauxi.o(.text) for __use_two_region_memory
    startup_stm32f103xb.o(RESET) refers (Special) to heapauxi.o(.text) for __use_two_region_memory
    startup_stm32f103xb.o(RESET) refers to startup_stm32f103xb.o(STACK) for __initial_sp
    startup_stm32f103xb.o(RESET) refers to startup_stm32f103xb.o(.text) for Reset_Handler
    startup_stm32f103xb.o(RESET) refers to stm32f1xx_it.o(.text.NMI_Handler) for NMI_Handler
    startup_stm32f103xb.o(RESET) refers to stm32f1xx_it.o(.text.HardFault_Handler) for HardFault_Handler
    startup_stm32f103xb.o(RESET) refers to stm32f1xx_it.o(.text.MemManage_Handler) for MemManage_Handler
    startup_stm32f103xb.o(RESET) refers to stm32f1xx_it.o(.text.BusFault_Handler) for BusFault_Handler
    startup_stm32f103xb.o(RESET) refers to stm32f1xx_it.o(.text.UsageFault_Handler) for UsageFault_Handler
    startup_stm32f103xb.o(RESET) refers to stm32f1xx_it.o(.text.SVC_Handler) for SVC_Handler
    startup_stm32f103xb.o(RESET) refers to stm32f1xx_it.o(.text.DebugMon_Handler) for DebugMon_Handler
    startup_stm32f103xb.o(RESET) refers to stm32f1xx_it.o(.text.PendSV_Handler) for PendSV_Handler
    startup_stm32f103xb.o(RESET) refers to stm32f1xx_it.o(.text.SysTick_Handler) for SysTick_Handler
    startup_stm32f103xb.o(RESET) refers to stm32f1xx_it.o(.text.I2C1_EV_IRQHandler) for I2C1_EV_IRQHandler
    startup_stm32f103xb.o(RESET) refers to stm32f1xx_it.o(.text.I2C1_ER_IRQHandler) for I2C1_ER_IRQHandler
    startup_stm32f103xb.o(.text) refers (Special) to heapauxi.o(.text) for __use_two_region_memory
    startup_stm32f103xb.o(.text) refers to system_stm32f1xx.o(.text.SystemInit) for SystemInit
    startup_stm32f103xb.o(.text) refers to __main.o(!!!main) for __main
    startup_stm32f103xb.o(.text) refers to startup_stm32f103xb.o(HEAP) for Heap_Mem
    startup_stm32f103xb.o(.text) refers to startup_stm32f103xb.o(STACK) for Stack_Mem
    main.o(.text.main) refers to stm32f1xx_hal.o(.text.HAL_Init) for HAL_Init
    main.o(.text.main) refers to stm32f1xx_hal_rcc.o(.text.HAL_RCC_OscConfig) for HAL_RCC_OscConfig
    main.o(.text.main) refers to stm32f1xx_hal_rcc.o(.text.HAL_RCC_ClockConfig) for HAL_RCC_ClockConfig
    main.o(.text.main) refers to stm32f1xx_hal_gpio.o(.text.HAL_GPIO_WritePin) for HAL_GPIO_WritePin
    main.o(.text.main) refers to stm32f1xx_hal_gpio.o(.text.HAL_GPIO_Init) for HAL_GPIO_Init
    main.o(.text.main) refers to main.o(.bss..L_MergedGlobals) for .L_MergedGlobals
    main.o(.text.main) refers to stm32f1xx_hal_i2c.o(.text.HAL_I2C_Init) for HAL_I2C_Init
    main.o(.text.main) refers to main.o(.data.Dev) for Dev
    main.o(.text.main) refers to vl53l0x_api.o(.text.VL53L0X_WaitDeviceBooted) for VL53L0X_WaitDeviceBooted
    main.o(.text.main) refers to vl53l0x_api.o(.text.VL53L0X_DataInit) for VL53L0X_DataInit
    main.o(.text.main) refers to vl53l0x_api.o(.text.VL53L0X_StaticInit) for VL53L0X_StaticInit
    main.o(.text.main) refers to vl53l0x_api.o(.text.VL53L0X_PerformRefCalibration) for VL53L0X_PerformRefCalibration
    main.o(.text.main) refers to vl53l0x_api.o(.text.VL53L0X_PerformRefSpadManagement) for VL53L0X_PerformRefSpadManagement
    main.o(.text.main) refers to vl53l0x_api.o(.text.VL53L0X_SetDeviceMode) for VL53L0X_SetDeviceMode
    main.o(.text.main) refers to vl53l0x_api.o(.text.VL53L0X_SetLimitCheckEnable) for VL53L0X_SetLimitCheckEnable
    main.o(.text.main) refers to vl53l0x_api.o(.text.VL53L0X_SetLimitCheckValue) for VL53L0X_SetLimitCheckValue
    main.o(.text.main) refers to vl53l0x_api.o(.text.VL53L0X_SetMeasurementTimingBudgetMicroSeconds) for VL53L0X_SetMeasurementTimingBudgetMicroSeconds
    main.o(.text.main) refers to vl53l0x_api.o(.text.VL53L0X_SetVcselPulsePeriod) for VL53L0X_SetVcselPulsePeriod
    main.o(.text.main) refers to vl53l0x_api.o(.text.VL53L0X_PerformSingleRangingMeasurement) for VL53L0X_PerformSingleRangingMeasurement
    main.o(.ARM.exidx.text.main) refers to main.o(.text.main) for [Anonymous Symbol]
    main.o(.text.SystemClock_Config) refers to stm32f1xx_hal_rcc.o(.text.HAL_RCC_OscConfig) for HAL_RCC_OscConfig
    main.o(.text.SystemClock_Config) refers to stm32f1xx_hal_rcc.o(.text.HAL_RCC_ClockConfig) for HAL_RCC_ClockConfig
    main.o(.ARM.exidx.text.SystemClock_Config) refers to main.o(.text.SystemClock_Config) for [Anonymous Symbol]
    main.o(.ARM.exidx.text.Error_Handler) refers to main.o(.text.Error_Handler) for [Anonymous Symbol]
    main.o(.data.Dev) refers to main.o(.bss.vl53l0x_c) for vl53l0x_c
    stm32f1xx_it.o(.ARM.exidx.text.NMI_Handler) refers to stm32f1xx_it.o(.text.NMI_Handler) for [Anonymous Symbol]
[...]
    Removing vl53l0x_api_strings.o(.ARM.exidx.text.VL53L0X_get_limit_check_info), (8 bytes).
    Removing vl53l0x_api_strings.o(.rodata.str1.4), (716 bytes).
    Removing vl53l0x_api_strings.o(.rodata.str1.1), (5 bytes).
    Removing vl53l0x_platform.o(.text), (0 bytes).
    Removing vl53l0x_platform.o(.text._I2CWrite), (34 bytes).
    Removing vl53l0x_platform.o(.ARM.exidx.text._I2CWrite), (8 bytes).
    Removing vl53l0x_platform.o(.text._I2CRead), (38 bytes).
    Removing vl53l0x_platform.o(.ARM.exidx.text._I2CRead), (8 bytes).
    Removing vl53l0x_platform.o(.ARM.exidx.text.VL53L0X_WriteMulti), (8 bytes).
    Removing vl53l0x_platform.o(.ARM.exidx.text.VL53L0X_ReadMulti), (8 bytes).
    Removing vl53l0x_platform.o(.ARM.exidx.text.VL53L0X_WrByte), (8 bytes).
    Removing vl53l0x_platform.o(.ARM.exidx.text.VL53L0X_WrWord), (8 bytes).
    Removing vl53l0x_platform.o(.text.VL53L0X_WrDWord), (66 bytes).
    Removing vl53l0x_platform.o(.ARM.exidx.text.VL53L0X_WrDWord), (8 bytes).
    Removing vl53l0x_platform.o(.ARM.exidx.text.VL53L0X_UpdateByte), (8 bytes).
    Removing vl53l0x_platform.o(.ARM.exidx.text.VL53L0X_RdByte), (8 bytes).
    Removing vl53l0x_platform.o(.ARM.exidx.text.VL53L0X_RdWord), (8 bytes).
    Removing vl53l0x_platform.o(.ARM.exidx.text.VL53L0X_RdDWord), (8 bytes).
    Removing vl53l0x_platform.o(.ARM.exidx.text.VL53L0X_PollingDelay), (8 bytes).
    Removing vl53l0x_platform_log.o(.text), (0 bytes).
    Removing vl53l0x_platform_log.o(.data._trace_level), (4 bytes).
    Removing vl53l0x_platform_log.o(.bss._trace_modules), (4 bytes).
    Removing vl53l0x_platform_log.o(.bss._trace_functions), (4 bytes).

682 unused section(s) (total 31940 bytes) removed from the image.

==============================================================================

Image Symbol Table

    Local Symbols

    Symbol Name                              Value     Ov Type        Size  Object(Section)

    ../clib/angel/boardlib.s                 0x00000000   Number         0  boardinit1.o ABSOLUTE
    ../clib/angel/boardlib.s                 0x00000000   Number         0  boardinit2.o ABSOLUTE
    ../clib/angel/boardlib.s                 0x00000000   Number         0  boardinit3.o ABSOLUTE
    ../clib/angel/boardlib.s                 0x00000000   Number         0  boardshut.o ABSOLUTE
    ../clib/angel/handlers.s                 0x00000000   Number         0  __scatter_copy.o ABSOLUTE
    ../clib/angel/handlers.s                 0x00000000   Number         0  __scatter_zi.o ABSOLUTE
    ../clib/angel/kernel.s                   0x00000000   Number         0  __rtentry.o ABSOLUTE
    ../clib/angel/kernel.s                   0x00000000   Number         0  __rtentry2.o ABSOLUTE
    ../clib/angel/kernel.s                   0x00000000   Number         0  __rtentry4.o ABSOLUTE
    ../clib/angel/kernel.s                   0x00000000   Number         0  rtexit.o ABSOLUTE
    ../clib/angel/kernel.s                   0x00000000   Number         0  rtexit2.o ABSOLUTE
    ../clib/angel/rt.s                       0x00000000   Number         0  rt_raise.o ABSOLUTE
    ../clib/angel/scatter.s                  0x00000000   Number         0  __scatter.o ABSOLUTE
    ../clib/angel/startup.s                  0x00000000   Number         0  __main.o ABSOLUTE
    ../clib/angel/sys.s                      0x00000000   Number         0  sys_stackheap_outer.o ABSOLUTE
    ../clib/angel/sys.s                      0x00000000   Number         0  libspace.o ABSOLUTE
    ../clib/angel/sys.s                      0x00000000   Number         0  use_no_semi.o ABSOLUTE
    ../clib/angel/sys.s                      0x00000000   Number         0  indicate_semi.o ABSOLUTE
    ../clib/angel/sysapp.c                   0x00000000   Number         0  sys_exit.o ABSOLUTE
    ../clib/angel/sysapp.c                   0x00000000   Number         0  sys_exit_hlt.o ABSOLUTE
    ../clib/angel/sysapp.c                   0x00000000   Number         0  sys_command.o ABSOLUTE
    ../clib/angel/sysapp.c                   0x00000000   Number         0  sys_command_hlt.o ABSOLUTE
    ../clib/angel/sysapp.c                   0x00000000   Number         0  sys_wrch.o ABSOLUTE
    ../clib/angel/sysapp.c                   0x00000000   Number         0  sys_wrch_hlt.o ABSOLUTE
    ../clib/armsys.c                         0x00000000   Number         0  argv_veneer.o ABSOLUTE
    ../clib/armsys.c                         0x00000000   Number         0  argv_veneer.o ABSOLUTE
    ../clib/armsys.c                         0x00000000   Number         0  _get_argv_nomalloc.o ABSOLUTE
    ../clib/armsys.c                         0x00000000   Number         0  no_argv.o ABSOLUTE
    ../clib/heapalloc.c                      0x00000000   Number         0  hrguard.o ABSOLUTE
    ../clib/heapaux.c                        0x00000000   Number         0  heapauxi.o ABSOLUTE
    ../clib/libinit.s                        0x00000000   Number         0  libinit.o ABSOLUTE
    ../clib/libinit.s                        0x00000000   Number         0  libinit2.o ABSOLUTE
    ../clib/libinit.s                        0x00000000   Number         0  libshutdown.o ABSOLUTE
    ../clib/libinit.s                        0x00000000   Number         0  libshutdown2.o ABSOLUTE
    ../clib/memcpset.s                       0x00000000   Number         0  rt_memcpy_v6.o ABSOLUTE
    ../clib/memcpset.s                       0x00000000   Number         0  rt_memclr_w.o ABSOLUTE
    ../clib/memcpset.s                       0x00000000   Number         0  rt_memcpy_w.o ABSOLUTE
    ../clib/signal.c                         0x00000000   Number         0  defsig_rtmem_outer.o ABSOLUTE
    ../clib/signal.c                         0x00000000   Number         0  defsig_rtmem_formal.o ABSOLUTE
    ../clib/signal.c                         0x00000000   Number         0  defsig_exit.o ABSOLUTE
    ../clib/signal.c                         0x00000000   Number         0  defsig_rtmem_inner.o ABSOLUTE
    ../clib/signal.c                         0x00000000   Number         0  __raise.o ABSOLUTE
    ../clib/signal.c                         0x00000000   Number         0  defsig_general.o ABSOLUTE
    ../clib/signal.c                         0x00000000   Number         0  defsig_abrt_inner.o ABSOLUTE
    ../clib/signal.c                         0x00000000   Number         0  defsig_fpe_inner.o ABSOLUTE
    ../clib/signal.c                         0x00000000   Number         0  defsig_rtred_inner.o ABSOLUTE
    ../clib/signal.c                         0x00000000   Number         0  defsig_stak_inner.o ABSOLUTE
    ../clib/signal.c                         0x00000000   Number         0  defsig_pvfn_inner.o ABSOLUTE
    ../clib/signal.c                         0x00000000   Number         0  defsig_cppl_inner.o ABSOLUTE
    ../clib/signal.c                         0x00000000   Number         0  defsig_segv_inner.o ABSOLUTE
    ../clib/signal.c                         0x00000000   Number         0  defsig_other.o ABSOLUTE
    ../clib/signal.s                         0x00000000   Number         0  defsig.o ABSOLUTE
    ../clib/stdlib.c                         0x00000000   Number         0  exit.o ABSOLUTE
    ../clib/string.c                         0x00000000   Number         0  strcpy.o ABSOLUTE
    ../fplib/fpinit.s                        0x00000000   Number         0  fpinit.o ABSOLUTE
    ../fplib/fpinit_empty.s                  0x00000000   Number         0  fpinit_empty.o ABSOLUTE
    dc.s                                     0x00000000   Number         0  dc.o ABSOLUTE
    main.c                                   0x00000000   Number         0  main.o ABSOLUTE
    startup_stm32f103xb.s                    0x00000000   Number         0  startup_stm32f103xb.o ABSOLUTE
    stm32f1xx_hal.c                          0x00000000   Number         0  stm32f1xx_hal.o ABSOLUTE
    stm32f1xx_hal_cortex.c                   0x00000000   Number         0  stm32f1xx_hal_cortex.o ABSOLUTE
    stm32f1xx_hal_dma.c                      0x00000000   Number         0  stm32f1xx_hal_dma.o ABSOLUTE
    stm32f1xx_hal_exti.c                     0x00000000   Number         0  stm32f1xx_hal_exti.o ABSOLUTE
    stm32f1xx_hal_flash.c                    0x00000000   Number         0  stm32f1xx_hal_flash.o ABSOLUTE
    stm32f1xx_hal_flash_ex.c                 0x00000000   Number         0  stm32f1xx_hal_flash_ex.o ABSOLUTE
    stm32f1xx_hal_gpio.c                     0x00000000   Number         0  stm32f1xx_hal_gpio.o ABSOLUTE
    stm32f1xx_hal_gpio_ex.c                  0x00000000   Number         0  stm32f1xx_hal_gpio_ex.o ABSOLUTE
    stm32f1xx_hal_i2c.c                      0x00000000   Number         0  stm32f1xx_hal_i2c.o ABSOLUTE
    stm32f1xx_hal_msp.c                      0x00000000   Number         0  stm32f1xx_hal_msp.o ABSOLUTE
    stm32f1xx_hal_pwr.c                      0x00000000   Number         0  stm32f1xx_hal_pwr.o ABSOLUTE
    stm32f1xx_hal_rcc.c                      0x00000000   Number         0  stm32f1xx_hal_rcc.o ABSOLUTE
    stm32f1xx_hal_rcc_ex.c                   0x00000000   Number         0  stm32f1xx_hal_rcc_ex.o ABSOLUTE
    stm32f1xx_hal_tim.c                      0x00000000   Number         0  stm32f1xx_hal_tim.o ABSOLUTE
    stm32f1xx_hal_tim_ex.c                   0x00000000   Number         0  stm32f1xx_hal_tim_ex.o ABSOLUTE
    stm32f1xx_it.c                           0x00000000   Number         0  stm32f1xx_it.o ABSOLUTE
    system_stm32f1xx.c                       0x00000000   Number         0  system_stm32f1xx.o ABSOLUTE
    vl53l0x_api.c                            0x00000000   Number         0  vl53l0x_api.o ABSOLUTE
    vl53l0x_api_calibration.c                0x00000000   Number         0  vl53l0x_api_calibration.o ABSOLUTE
    vl53l0x_api_core.c                       0x00000000   Number         0  vl53l0x_api_core.o ABSOLUTE
    vl53l0x_api_ranging.c                    0x00000000   Number         0  vl53l0x_api_ranging.o ABSOLUTE
    vl53l0x_api_strings.c                    0x00000000   Number         0  vl53l0x_api_strings.o ABSOLUTE
    vl53l0x_platform.c                       0x00000000   Number         0  vl53l0x_platform.o ABSOLUTE
    vl53l0x_platform_log.c                   0x00000000   Number         0  vl53l0x_platform_log.o ABSOLUTE
    RESET                                    0x08000000   Section      236  startup_stm32f103xb.o(RESET)
    !!!main                                  0x080000ec   Section        8  __main.o(!!!main)
    !!!scatter                               0x080000f4   Section       52  __scatter.o(!!!scatter)
    !!handler_copy                           0x08000128   Section       26  __scatter_copy.o(!!handler_copy)
    !!handler_zi                             0x08000144   Section       28  __scatter_zi.o(!!handler_zi)
    .ARM.Collect$$libinit$$00000000          0x08000160   Section        2  libinit.o(.ARM.Collect$$libinit$$00000000)
    .ARM.Collect$$libinit$$00000002          0x08000162   Section        0  libinit2.o(.ARM.Collect$$libinit$$00000002)
    .ARM.Collect$$libinit$$00000004          0x08000162   Section        0  libinit2.o(.ARM.Collect$$libinit$$00000004)
    .ARM.Collect$$libinit$$00000006          0x08000162   Section        0  libinit2.o(.ARM.Collect$$libinit$$00000006)
    .ARM.Collect$$libinit$$0000000C          0x08000162   Section        0  libinit2.o(.ARM.Collect$$libinit$$0000000C)
    .ARM.Collect$$libinit$$0000000E          0x08000162   Section        0  libinit2.o(.ARM.Collect$$libinit$$0000000E)
    .ARM.Collect$$libinit$$00000010          0x08000162   Section        0  libinit2.o(.ARM.Collect$$libinit$$00000010)
    .ARM.Collect$$libinit$$00000013          0x08000162   Section        0  libinit2.o(.ARM.Collect$$libinit$$00000013)
    .ARM.Collect$$libinit$$00000015          0x08000162   Section        0  libinit2.o(.ARM.Collect$$libinit$$00000015)
    .ARM.Collect$$libinit$$00000017          0x08000162   Section        0  libinit2.o(.ARM.Collect$$libinit$$00000017)
    .ARM.Collect$$libinit$$00000019          0x08000162   Section        0  libinit2.o(.ARM.Collect$$libinit$$00000019)
    .ARM.Collect$$libinit$$0000001B          0x08000162   Section        0  libinit2.o(.ARM.Collect$$libinit$$0000001B)
    .ARM.Collect$$libinit$$0000001D          0x08000162   Section        0  libinit2.o(.ARM.Collect$$libinit$$0000001D)
    .ARM.Collect$$libinit$$0000001F          0x08000162   Section        0  libinit2.o(.ARM.Collect$$libinit$$0000001F)
    .ARM.Collect$$libinit$$00000021          0x08000162   Section        0  libinit2.o(.ARM.Collect$$libinit$$00000021)
    .ARM.Collect$$libinit$$00000023          0x08000162   Section        0  libinit2.o(.ARM.Collect$$libinit$$00000023)
    .ARM.Collect$$libinit$$00000025          0x08000162   Section        0  libinit2.o(.ARM.Collect$$libinit$$00000025)
    .ARM.Collect$$libinit$$00000027          0x08000162   Section        0  libinit2.o(.ARM.Collect$$libinit$$00000027)
    .ARM.Collect$$libinit$$0000002E          0x08000162   Section        0  libinit2.o(.ARM.Collect$$libinit$$0000002E)
    .ARM.Collect$$libinit$$00000030          0x08000162   Section        0  libinit2.o(.ARM.Collect$$libinit$$00000030)
    .ARM.Collect$$libinit$$00000032          0x08000162   Section        0  libinit2.o(.ARM.Collect$$libinit$$00000032)
    .ARM.Collect$$libinit$$00000034          0x08000162   Section        0  libinit2.o(.ARM.Collect$$libinit$$00000034)
    .ARM.Collect$$libinit$$00000035          0x08000162   Section        2  libinit2.o(.ARM.Collect$$libinit$$00000035)
    .ARM.Collect$$libshutdown$$00000000      0x08000164   Section        2  libshutdown.o(.ARM.Collect$$libshutdown$$00000000)
    .ARM.Collect$$libshutdown$$00000002      0x08000166   Section        0  libshutdown2.o(.ARM.Collect$$libshutdown$$00000002)
    .ARM.Collect$$libshutdown$$00000004      0x08000166   Section        0  libshutdown2.o(.ARM.Collect$$libshutdown$$00000004)
    .ARM.Collect$$libshutdown$$00000007      0x08000166   Section        0  libshutdown2.o(.ARM.Collect$$libshutdown$$00000007)
    .ARM.Collect$$libshutdown$$0000000A      0x08000166   Section        0  libshutdown2.o(.ARM.Collect$$libshutdown$$0000000A)
    .ARM.Collect$$libshutdown$$0000000C      0x08000166   Section        0  libshutdown2.o(.ARM.Collect$$libshutdown$$0000000C)
    .ARM.Collect$$libshutdown$$0000000F      0x08000166   Section        0  libshutdown2.o(.ARM.Collect$$libshutdown$$0000000F)
    .ARM.Collect$$libshutdown$$00000010      0x08000166   Section        2  libshutdown2.o(.ARM.Collect$$libshutdown$$00000010)
    .ARM.Collect$$rtentry$$00000000          0x08000168   Section        0  __rtentry.o(.ARM.Collect$$rtentry$$00000000)
    .ARM.Collect$$rtentry$$00000002          0x08000168   Section        0  __rtentry2.o(.ARM.Collect$$rtentry$$00000002)
    .ARM.Collect$$rtentry$$00000004          0x08000168   Section        6  __rtentry4.o(.ARM.Collect$$rtentry$$00000004)
    .ARM.Collect$$rtentry$$00000009          0x0800016e   Section        0  __rtentry2.o(.ARM.Collect$$rtentry$$00000009)
    .ARM.Collect$$rtentry$$0000000A          0x0800016e   Section        4  __rtentry2.o(.ARM.Collect$$rtentry$$0000000A)
    .ARM.Collect$$rtentry$$0000000C          0x08000172   Section        0  __rtentry2.o(.ARM.Collect$$rtentry$$0000000C)
    .ARM.Collect$$rtentry$$0000000D          0x08000172   Section        8  __rtentry2.o(.ARM.Collect$$rtentry$$0000000D)
    .ARM.Collect$$rtexit$$00000000           0x0800017a   Section        2  rtexit.o(.ARM.Collect$$rtexit$$00000000)
    .ARM.Collect$$rtexit$$00000002           0x0800017c   Section        0  rtexit2.o(.ARM.Collect$$rtexit$$00000002)
    .ARM.Collect$$rtexit$$00000003           0x0800017c   Section        4  rtexit2.o(.ARM.Collect$$rtexit$$00000003)
    .ARM.Collect$$rtexit$$00000004           0x08000180   Section        6  rtexit2.o(.ARM.Collect$$rtexit$$00000004)
    .text                                    0x08000188   Section       64  startup_stm32f103xb.o(.text)
    .text                                    0x080001c8   Section        0  strcpy.o(.text)
    .text                                    0x08000210   Section      138  rt_memcpy_v6.o(.text)
    .text                                    0x0800029a   Section       78  rt_memclr_w.o(.text)
    .text                                    0x080002e8   Section        0  heapauxi.o(.text)
    .text                                    0x080002ee   Section      100  rt_memcpy_w.o(.text)
    .text                                    0x08000352   Section       74  sys_stackheap_outer.o(.text)
    .text                                    0x0800039c   Section        0  exit.o(.text)
    .text                                    0x080003b0   Section        8  libspace.o(.text)
    .text                                    0x080003b8   Section        0  sys_exit.o(.text)
    .text                                    0x080003c4   Section        2  use_no_semi.o(.text)
    .text                                    0x080003c6   Section        0  indicate_semi.o(.text)
    [Anonymous Symbol]                       0x080003c8   Section        0  stm32f1xx_it.o(.text.BusFault_Handler)
    [Anonymous Symbol]                       0x080003cc   Section        0  stm32f1xx_it.o(.text.DebugMon_Handler)
    [Anonymous Symbol]                       0x080003d0   Section        0  stm32f1xx_hal_dma.o(.text.HAL_DMA_Abort_IT)
    [Anonymous Symbol]                       0x08000484   Section        0  stm32f1xx_hal_dma.o(.text.HAL_DMA_GetState)
    [Anonymous Symbol]                       0x0800048c   Section        0  stm32f1xx_hal.o(.text.HAL_Delay)
    [Anonymous Symbol]                       0x080004b4   Section        0  stm32f1xx_hal_gpio.o(.text.HAL_GPIO_Init)
    [Anonymous Symbol]                       0x080006d0   Section        0  stm32f1xx_hal_gpio.o(.text.HAL_GPIO_WritePin)
    [Anonymous Symbol]                       0x080006dc   Section        0  stm32f1xx_hal.o(.text.HAL_GetTick)
    [Anonymous Symbol]                       0x080006e8   Section        0  stm32f1xx_hal_i2c.o(.text.HAL_I2C_AbortCpltCallback)
    [Anonymous Symbol]                       0x080006ec   Section        0  stm32f1xx_hal_i2c.o(.text.HAL_I2C_AddrCallback)
    [Anonymous Symbol]                       0x080006f0   Section        0  stm32f1xx_hal_i2c.o(.text.HAL_I2C_ER_IRQHandler)
    [Anonymous Symbol]                       0x08000844   Section        0  stm32f1xx_hal_i2c.o(.text.HAL_I2C_EV_IRQHandler)
    [Anonymous Symbol]                       0x08000ea0   Section        0  stm32f1xx_hal_i2c.o(.text.HAL_I2C_ErrorCallback)
    [Anonymous Symbol]                       0x08000ea4   Section        0  stm32f1xx_hal_i2c.o(.text.HAL_I2C_Init)
    [Anonymous Symbol]                       0x0800101c   Section        0  stm32f1xx_hal_i2c.o(.text.HAL_I2C_ListenCpltCallback)
    [Anonymous Symbol]                       0x08001020   Section        0  stm32f1xx_hal_i2c.o(.text.HAL_I2C_MasterRxCpltCallback)
    [Anonymous Symbol]                       0x08001024   Section        0  stm32f1xx_hal_i2c.o(.text.HAL_I2C_MasterTxCpltCallback)
    [Anonymous Symbol]                       0x08001028   Section        0  stm32f1xx_hal_i2c.o(.text.HAL_I2C_Master_Receive)
    [Anonymous Symbol]                       0x08001424   Section        0  stm32f1xx_hal_i2c.o(.text.HAL_I2C_Master_Transmit)
    [Anonymous Symbol]                       0x080015f8   Section        0  stm32f1xx_hal_i2c.o(.text.HAL_I2C_MemRxCpltCallback)
    [Anonymous Symbol]                       0x080015fc   Section        0  stm32f1xx_hal_i2c.o(.text.HAL_I2C_MemTxCpltCallback)
    [Anonymous Symbol]                       0x08001600   Section        0  stm32f1xx_hal_msp.o(.text.HAL_I2C_MspInit)
    [Anonymous Symbol]                       0x08001684   Section        0  stm32f1xx_hal_i2c.o(.text.HAL_I2C_SlaveRxCpltCallback)
    [Anonymous Symbol]                       0x08001688   Section        0  stm32f1xx_hal_i2c.o(.text.HAL_I2C_SlaveTxCpltCallback)
    [Anonymous Symbol]                       0x0800168c   Section        0  stm32f1xx_hal.o(.text.HAL_IncTick)
    [Anonymous Symbol]                       0x080016a8   Section        0  stm32f1xx_hal.o(.text.HAL_Init)
    [Anonymous Symbol]                       0x080016d0   Section        0  stm32f1xx_hal.o(.text.HAL_InitTick)
    [Anonymous Symbol]                       0x08001718   Section        0  stm32f1xx_hal_msp.o(.text.HAL_MspInit)
    [Anonymous Symbol]                       0x0800175c   Section        0  stm32f1xx_hal_cortex.o(.text.HAL_NVIC_EnableIRQ)
    [Anonymous Symbol]                       0x08001784   Section        0  stm32f1xx_hal_cortex.o(.text.HAL_NVIC_SetPriority)
    [Anonymous Symbol]                       0x080017dc   Section        0  stm32f1xx_hal_cortex.o(.text.HAL_NVIC_SetPriorityGrouping)
    [Anonymous Symbol]                       0x080017fc   Section        0  stm32f1xx_hal_rcc.o(.text.HAL_RCC_ClockConfig)
    [Anonymous Symbol]                       0x080019bc   Section        0  stm32f1xx_hal_rcc.o(.text.HAL_RCC_GetPCLK1Freq)
    [Anonymous Symbol]                       0x080019e4   Section        0  stm32f1xx_hal_rcc.o(.text.HAL_RCC_OscConfig)
    [Anonymous Symbol]                       0x08001d98   Section        0  stm32f1xx_hal_cortex.o(.text.HAL_SYSTICK_Config)
    [Anonymous Symbol]                       0x08001dc4   Section        0  stm32f1xx_it.o(.text.HardFault_Handler)
    [Anonymous Symbol]                       0x08001dc8   Section        0  stm32f1xx_it.o(.text.I2C1_ER_IRQHandler)
    [Anonymous Symbol]                       0x08001dd4   Section        0  stm32f1xx_it.o(.text.I2C1_EV_IRQHandler)
    I2C_DMAAbort                             0x08001de1   Thumb Code   290  stm32f1xx_hal_i2c.o(.text.I2C_DMAAbort)
    [Anonymous Symbol]                       0x08001de0   Section        0  stm32f1xx_hal_i2c.o(.text.I2C_DMAAbort)
    I2C_ITError                              0x08001f05   Thumb Code   396  stm32f1xx_hal_i2c.o(.text.I2C_ITError)
    [Anonymous Symbol]                       0x08001f04   Section        0  stm32f1xx_hal_i2c.o(.text.I2C_ITError)
    I2C_MasterReceive_BTF                    0x08002091   Thumb Code   232  stm32f1xx_hal_i2c.o(.text.I2C_MasterReceive_BTF)
    [Anonymous Symbol]                       0x08002090   Section        0  stm32f1xx_hal_i2c.o(.text.I2C_MasterReceive_BTF)
    I2C_MasterReceive_RXNE                   0x08002179   Thumb Code   322  stm32f1xx_hal_i2c.o(.text.I2C_MasterReceive_RXNE)
    [Anonymous Symbol]                       0x08002178   Section        0  stm32f1xx_hal_i2c.o(.text.I2C_MasterReceive_RXNE)
    I2C_MasterTransmit_BTF                   0x080022bd   Thumb Code   130  stm32f1xx_hal_i2c.o(.text.I2C_MasterTransmit_BTF)
    [Anonymous Symbol]                       0x080022bc   Section        0  stm32f1xx_hal_i2c.o(.text.I2C_MasterTransmit_BTF)
    I2C_MasterTransmit_TXE                   0x08002341   Thumb Code   178  stm32f1xx_hal_i2c.o(.text.I2C_MasterTransmit_TXE)
    [Anonymous Symbol]                       0x08002340   Section        0  stm32f1xx_hal_i2c.o(.text.I2C_MasterTransmit_TXE)
    I2C_MemoryTransmit_TXE_BTF               0x080023f5   Thumb Code   190  stm32f1xx_hal_i2c.o(.text.I2C_MemoryTransmit_TXE_BTF)
    [Anonymous Symbol]                       0x080023f4   Section        0  stm32f1xx_hal_i2c.o(.text.I2C_MemoryTransmit_TXE_BTF)
    I2C_WaitOnBTFFlagUntilTimeout            0x080024b5   Thumb Code   190  stm32f1xx_hal_i2c.o(.text.I2C_WaitOnBTFFlagUntilTimeout)
    [Anonymous Symbol]                       0x080024b4   Section        0  stm32f1xx_hal_i2c.o(.text.I2C_WaitOnBTFFlagUntilTimeout)
    I2C_WaitOnFlagUntilTimeout               0x08002575   Thumb Code   466  stm32f1xx_hal_i2c.o(.text.I2C_WaitOnFlagUntilTimeout)
    [Anonymous Symbol]                       0x08002574   Section        0  stm32f1xx_hal_i2c.o(.text.I2C_WaitOnFlagUntilTimeout)
    I2C_WaitOnMasterAddressFlagUntilTimeout  0x08002749   Thumb Code   224  stm32f1xx_hal_i2c.o(.text.I2C_WaitOnMasterAddressFlagUntilTimeout)
    [Anonymous Symbol]                       0x08002748   Section        0  stm32f1xx_hal_i2c.o(.text.I2C_WaitOnMasterAddressFlagUntilTimeout)
    I2C_WaitOnRXNEFlagUntilTimeout           0x08002829   Thumb Code   144  stm32f1xx_hal_i2c.o(.text.I2C_WaitOnRXNEFlagUntilTimeout)
    [Anonymous Symbol]                       0x08002828   Section        0  stm32f1xx_hal_i2c.o(.text.I2C_WaitOnRXNEFlagUntilTimeout)
    I2C_WaitOnTXEFlagUntilTimeout            0x080028b9   Thumb Code   190  stm32f1xx_hal_i2c.o(.text.I2C_WaitOnTXEFlagUntilTimeout)
    [Anonymous Symbol]                       0x080028b8   Section        0  stm32f1xx_hal_i2c.o(.text.I2C_WaitOnTXEFlagUntilTimeout)
    [Anonymous Symbol]                       0x08002978   Section        0  stm32f1xx_it.o(.text.MemManage_Handler)
    [Anonymous Symbol]                       0x0800297c   Section        0  stm32f1xx_it.o(.text.NMI_Handler)
    [Anonymous Symbol]                       0x08002980   Section        0  stm32f1xx_it.o(.text.PendSV_Handler)
    [Anonymous Symbol]                       0x08002984   Section        0  stm32f1xx_it.o(.text.SVC_Handler)
    [Anonymous Symbol]                       0x08002988   Section        0  stm32f1xx_it.o(.text.SysTick_Handler)
    [Anonymous Symbol]                       0x0800298c   Section        0  system_stm32f1xx.o(.text.SystemInit)
    [Anonymous Symbol]                       0x08002990   Section        0  stm32f1xx_it.o(.text.UsageFault_Handler)
    [Anonymous Symbol]                       0x08002994   Section        0  vl53l0x_api.o(.text.VL53L0X_ClearInterruptMask)
    [Anonymous Symbol]                       0x08002a20   Section        0  vl53l0x_api.o(.text.VL53L0X_DataInit)
    [Anonymous Symbol]                       0x08002c10   Section        0  vl53l0x_api.o(.text.VL53L0X_GetDeviceParameters)
    [Anonymous Symbol]                       0x08002d3c   Section        0  vl53l0x_api.o(.text.VL53L0X_GetLimitCheckEnable)
    [Anonymous Symbol]                       0x08002d5c   Section        0  vl53l0x_api.o(.text.VL53L0X_GetLimitCheckValue)
    [Anonymous Symbol]                       0x08002e00   Section        0  vl53l0x_api.o(.text.VL53L0X_GetMeasurementDataReady)
    [Anonymous Symbol]                       0x08002e60   Section        0  vl53l0x_api.o(.text.VL53L0X_GetRangingMeasurementData)
    [Anonymous Symbol]                       0x08002f68   Section        0  vl53l0x_api.o(.text.VL53L0X_GetSequenceStepEnables)
    [Anonymous Symbol]                       0x08002fa8   Section        0  vl53l0x_api.o(.text.VL53L0X_GetVcselPulsePeriod)
    [Anonymous Symbol]                       0x08002fac   Section        0  vl53l0x_api.o(.text.VL53L0X_GetXTalkCompensationEnable)
    [Anonymous Symbol]                       0x08002fb4   Section        0  vl53l0x_api.o(.text.VL53L0X_PerformRefCalibration)
    [Anonymous Symbol]                       0x08002fbc   Section        0  vl53l0x_api.o(.text.VL53L0X_PerformRefSpadManagement)
    [Anonymous Symbol]                       0x08002fc0   Section        0  vl53l0x_api.o(.text.VL53L0X_PerformSingleRangingMeasurement)
    [Anonymous Symbol]                       0x08003084   Section        0  vl53l0x_platform.o(.text.VL53L0X_PollingDelay)
    [Anonymous Symbol]                       0x08003090   Section        0  vl53l0x_platform.o(.text.VL53L0X_RdByte)
    [Anonymous Symbol]                       0x080030e4   Section        0  vl53l0x_platform.o(.text.VL53L0X_RdDWord)
    [Anonymous Symbol]                       0x08003150   Section        0  vl53l0x_platform.o(.text.VL53L0X_RdWord)
    [Anonymous Symbol]                       0x080031bc   Section        0  vl53l0x_platform.o(.text.VL53L0X_ReadMulti)
    [Anonymous Symbol]                       0x08003214   Section        0  vl53l0x_api.o(.text.VL53L0X_SetDeviceMode)
    [Anonymous Symbol]                       0x08003238   Section        0  vl53l0x_api.o(.text.VL53L0X_SetGpioConfig)
    [Anonymous Symbol]                       0x080033f8   Section        0  vl53l0x_api.o(.text.VL53L0X_SetLimitCheckEnable)
    [Anonymous Symbol]                       0x08003494   Section        0  vl53l0x_api.o(.text.VL53L0X_SetLimitCheckValue)
    [Anonymous Symbol]                       0x080034f4   Section        0  vl53l0x_api.o(.text.VL53L0X_SetMeasurementTimingBudgetMicroSeconds)
    [Anonymous Symbol]                       0x080034f8   Section        0  vl53l0x_api.o(.text.VL53L0X_SetVcselPulsePeriod)
    [Anonymous Symbol]                       0x080034fc   Section        0  vl53l0x_api.o(.text.VL53L0X_StartMeasurement)
    [Anonymous Symbol]                       0x08003674   Section        0  vl53l0x_api.o(.text.VL53L0X_StaticInit)
    [Anonymous Symbol]                       0x0800389c   Section        0  vl53l0x_platform.o(.text.VL53L0X_UpdateByte)
    [Anonymous Symbol]                       0x08003928   Section        0  vl53l0x_api.o(.text.VL53L0X_WaitDeviceBooted)
    [Anonymous Symbol]                       0x08003930   Section        0  vl53l0x_platform.o(.text.VL53L0X_WrByte)
    [Anonymous Symbol]                       0x0800396c   Section        0  vl53l0x_platform.o(.text.VL53L0X_WrWord)
    [Anonymous Symbol]                       0x080039a8   Section        0  vl53l0x_platform.o(.text.VL53L0X_WriteMulti)
    [Anonymous Symbol]                       0x080039fc   Section        0  vl53l0x_api_core.o(.text.VL53L0X_calc_dmax)
    [Anonymous Symbol]                       0x08003c48   Section        0  vl53l0x_api_core.o(.text.VL53L0X_calc_sigma_estimate)
    [Anonymous Symbol]                       0x0800418c   Section        0  vl53l0x_api_core.o(.text.VL53L0X_get_info_from_device)
    [Anonymous Symbol]                       0x08004bb8   Section        0  vl53l0x_api_core.o(.text.VL53L0X_get_measurement_timing_budget_micro_seconds)
    [Anonymous Symbol]                       0x08004d30   Section        0  vl53l0x_api_calibration.o(.text.VL53L0X_get_offset_calibration_data_micro_meter)
    [Anonymous Symbol]                       0x08004d70   Section        0  vl53l0x_api_core.o(.text.VL53L0X_get_pal_range_status)
    [Anonymous Symbol]                       0x08004fd8   Section        0  vl53l0x_api_core.o(.text.VL53L0X_get_vcsel_pulse_period)
    [Anonymous Symbol]                       0x08005024   Section        0  vl53l0x_api_core.o(.text.VL53L0X_load_tuning_settings)
    [Anonymous Symbol]                       0x08005114   Section        0  vl53l0x_api_core.o(.text.VL53L0X_measurement_poll_for_completion)
    [Anonymous Symbol]                       0x08005168   Section        0  vl53l0x_api_calibration.o(.text.VL53L0X_perform_phase_calibration)
    [Anonymous Symbol]                       0x08005250   Section        0  vl53l0x_api_calibration.o(.text.VL53L0X_perform_ref_calibration)
    [Anonymous Symbol]                       0x08005294   Section        0  vl53l0x_api_calibration.o(.text.VL53L0X_perform_ref_spad_management)
    [Anonymous Symbol]                       0x080056b0   Section        0  vl53l0x_api_calibration.o(.text.VL53L0X_perform_vhv_calibration)
    [Anonymous Symbol]                       0x08005784   Section        0  vl53l0x_api_core.o(.text.VL53L0X_set_measurement_timing_budget_micro_seconds)
    [Anonymous Symbol]                       0x08005914   Section        0  vl53l0x_api_calibration.o(.text.VL53L0X_set_reference_spads)
    [Anonymous Symbol]                       0x08005a24   Section        0  vl53l0x_api_core.o(.text.VL53L0X_set_vcsel_pulse_period)
    [Anonymous Symbol]                       0x08005dfc   Section        0  vl53l0x_api_calibration.o(.text.enable_ref_spads)
    [Anonymous Symbol]                       0x08006000   Section        0  vl53l0x_api_core.o(.text.get_sequence_step_timeout)
    [Anonymous Symbol]                       0x08006190   Section        0  main.o(.text.main)
    [Anonymous Symbol]                       0x08006340   Section        0  vl53l0x_api_calibration.o(.text.perform_ref_signal_measurement)
    [Anonymous Symbol]                       0x080063ac   Section        0  vl53l0x_api_core.o(.text.set_sequence_step_timeout)
    HAL_RCC_GetSysClockFreq.aPredivFactorTable 0x080065fc   Data           2  stm32f1xx_hal_rcc.o(.rodata.HAL_RCC_GetSysClockFreq.aPredivFactorTable)
    [Anonymous Symbol]                       0x080065fc   Section        0  stm32f1xx_hal_rcc.o(.rodata.HAL_RCC_GetSysClockFreq.aPredivFactorTable)
    HAL_RCC_GetSysClockFreq.aPLLMULFactorTable 0x080065fe   Data          16  stm32f1xx_hal_rcc.o(.rodata.cst16)
    [Anonymous Symbol]                       0x080065fe   Section        0  stm32f1xx_hal_rcc.o(.rodata.cst16)
    .L_MergedGlobals                         0x20000000   Data           8  stm32f1xx_hal.o(.data..L_MergedGlobals)
    [Anonymous Symbol]                       0x20000000   Section        0  stm32f1xx_hal.o(.data..L_MergedGlobals)
    .bss                                     0x200002d0   Section       96  libspace.o(.bss)
    .L_MergedGlobals                         0x20000330   Data         116  main.o(.bss..L_MergedGlobals)
    [Anonymous Symbol]                       0x20000330   Section        0  main.o(.bss..L_MergedGlobals)
    Heap_Mem                                 0x20000560   Data         512  startup_stm32f103xb.o(HEAP)
    HEAP                                     0x20000560   Section      512  startup_stm32f103xb.o(HEAP)
    Stack_Mem                                0x20000760   Data        1024  startup_stm32f103xb.o(STACK)
    STACK                                    0x20000760   Section     1024  startup_stm32f103xb.o(STACK)
    __initial_sp                             0x20000b60   Data           0  startup_stm32f103xb.o(STACK)

    Global Symbols

    Symbol Name                              Value     Ov Type        Size  Object(Section)

    BuildAttributes$$THM_ISAv4$P$D$K$B$S$PE$A:L22UL41UL21$X:L11$S22US41US21$IEEE1$IW$~IW$USESV6$~STKCKD$USESV7$~SHL$OTIME$ROPI$EBA8$UX$STANDARDLIB$REQ8$PRES8$EABIv2 0x00000000   Number         0  anon$$obj.o ABSOLUTE
    __fp_init_empty                          0x00000000   Number         0  fpinit_empty.o ABSOLUTE
    __ARM_exceptions_init                     - Undefined Weak Reference
    __alloca_initialize                       - Undefined Weak Reference
    __arm_preinit_                            - Undefined Weak Reference
    __arm_relocate_pie_                       - Undefined Weak Reference
    __cpp_initialize__aeabi_                  - Undefined Weak Reference
    __cxa_finalize                            - Undefined Weak Reference
    __decompress                              - Undefined Weak Reference
    __rt_locale                               - Undefined Weak Reference
    __sigvec_lookup                           - Undefined Weak Reference
    _atexit_init                              - Undefined Weak Reference
    _call_atexit_fns                          - Undefined Weak Reference
    _clock_init                               - Undefined Weak Reference
    _fp_trap_init                             - Undefined Weak Reference
    _fp_trap_shutdown                         - Undefined Weak Reference
    _get_lc_collate                           - Undefined Weak Reference
    _get_lc_ctype                             - Undefined Weak Reference
    _get_lc_monetary                          - Undefined Weak Reference
    _get_lc_numeric                           - Undefined Weak Reference
    _get_lc_time                              - Undefined Weak Reference
    _getenv_init                              - Undefined Weak Reference
    _handle_redirection                       - Undefined Weak Reference
    _init_alloc                               - Undefined Weak Reference
    _init_user_alloc                          - Undefined Weak Reference
    _initio                                   - Undefined Weak Reference
    _rand_init                                - Undefined Weak Reference
    _signal_finish                            - Undefined Weak Reference
    _signal_init                              - Undefined Weak Reference
    _terminate_alloc                          - Undefined Weak Reference
    _terminate_user_alloc                     - Undefined Weak Reference
    _terminateio                              - Undefined Weak Reference
    __Vectors_Size                           0x000000ec   Number         0  startup_stm32f103xb.o ABSOLUTE
    __Vectors                                0x08000000   Data           4  startup_stm32f103xb.o(RESET)
    __Vectors_End                            0x080000ec   Data           0  startup_stm32f103xb.o(RESET)
    __main                                   0x080000ed   Thumb Code     8  __main.o(!!!main)
    __scatterload                            0x080000f5   Thumb Code     0  __scatter.o(!!!scatter)
    __scatterload_rt2                        0x080000f5   Thumb Code    44  __scatter.o(!!!scatter)
    __scatterload_rt2_thumb_only             0x080000f5   Thumb Code     0  __scatter.o(!!!scatter)
    __scatterload_null                       0x08000103   Thumb Code     0  __scatter.o(!!!scatter)
    __scatterload_copy                       0x08000129   Thumb Code    26  __scatter_copy.o(!!handler_copy)
    __scatterload_zeroinit                   0x08000145   Thumb Code    28  __scatter_zi.o(!!handler_zi)
    __rt_lib_init                            0x08000161   Thumb Code     0  libinit.o(.ARM.Collect$$libinit$$00000000)
    __rt_lib_init_alloca_1                   0x08000163   Thumb Code     0  libinit2.o(.ARM.Collect$$libinit$$00000030)
    __rt_lib_init_argv_1                     0x08000163   Thumb Code     0  libinit2.o(.ARM.Collect$$libinit$$0000002E)
    __rt_lib_init_atexit_1                   0x08000163   Thumb Code     0  libinit2.o(.ARM.Collect$$libinit$$0000001D)
    __rt_lib_init_clock_1                    0x08000163   Thumb Code     0  libinit2.o(.ARM.Collect$$libinit$$00000023)
    __rt_lib_init_cpp_1                      0x08000163   Thumb Code     0  libinit2.o(.ARM.Collect$$libinit$$00000034)
    __rt_lib_init_exceptions_1               0x08000163   Thumb Code     0  libinit2.o(.ARM.Collect$$libinit$$00000032)
    __rt_lib_init_fp_1                       0x08000163   Thumb Code     0  libinit2.o(.ARM.Collect$$libinit$$00000002)
    __rt_lib_init_fp_trap_1                  0x08000163   Thumb Code     0  libinit2.o(.ARM.Collect$$libinit$$00000021)
    __rt_lib_init_getenv_1                   0x08000163   Thumb Code     0  libinit2.o(.ARM.Collect$$libinit$$00000025)
    __rt_lib_init_heap_1                     0x08000163   Thumb Code     0  libinit2.o(.ARM.Collect$$libinit$$0000000C)
    __rt_lib_init_lc_collate_1               0x08000163   Thumb Code     0  libinit2.o(.ARM.Collect$$libinit$$00000013)
    __rt_lib_init_lc_ctype_1                 0x08000163   Thumb Code     0  libinit2.o(.ARM.Collect$$libinit$$00000015)
    __rt_lib_init_lc_monetary_1              0x08000163   Thumb Code     0  libinit2.o(.ARM.Collect$$libinit$$00000017)
    __rt_lib_init_lc_numeric_1               0x08000163   Thumb Code     0  libinit2.o(.ARM.Collect$$libinit$$00000019)
    __rt_lib_init_lc_time_1                  0x08000163   Thumb Code     0  libinit2.o(.ARM.Collect$$libinit$$0000001B)
    __rt_lib_init_preinit_1                  0x08000163   Thumb Code     0  libinit2.o(.ARM.Collect$$libinit$$00000006)
    __rt_lib_init_rand_1                     0x08000163   Thumb Code     0  libinit2.o(.ARM.Collect$$libinit$$00000010)
    __rt_lib_init_relocate_pie_1             0x08000163   Thumb Code     0  libinit2.o(.ARM.Collect$$libinit$$00000004)
    __rt_lib_init_return                     0x08000163   Thumb Code     0  libinit2.o(.ARM.Collect$$libinit$$00000035)
    __rt_lib_init_signal_1                   0x08000163   Thumb Code     0  libinit2.o(.ARM.Collect$$libinit$$0000001F)
    __rt_lib_init_stdio_1                    0x08000163   Thumb Code     0  libinit2.o(.ARM.Collect$$libinit$$00000027)
    __rt_lib_init_user_alloc_1               0x08000163   Thumb Code     0  libinit2.o(.ARM.Collect$$libinit$$0000000E)
    __rt_lib_shutdown                        0x08000165   Thumb Code     0  libshutdown.o(.ARM.Collect$$libshutdown$$00000000)
    __rt_lib_shutdown_cpp_1                  0x08000167   Thumb Code     0  libshutdown2.o(.ARM.Collect$$libshutdown$$00000002)
    __rt_lib_shutdown_fp_trap_1              0x08000167   Thumb Code     0  libshutdown2.o(.ARM.Collect$$libshutdown$$00000007)
    __rt_lib_shutdown_heap_1                 0x08000167   Thumb Code     0  libshutdown2.o(.ARM.Collect$$libshutdown$$0000000F)
    __rt_lib_shutdown_return                 0x08000167   Thumb Code     0  libshutdown2.o(.ARM.Collect$$libshutdown$$00000010)
    __rt_lib_shutdown_signal_1               0x08000167   Thumb Code     0  libshutdown2.o(.ARM.Collect$$libshutdown$$0000000A)
    __rt_lib_shutdown_stdio_1                0x08000167   Thumb Code     0  libshutdown2.o(.ARM.Collect$$libshutdown$$00000004)
    __rt_lib_shutdown_user_alloc_1           0x08000167   Thumb Code     0  libshutdown2.o(.ARM.Collect$$libshutdown$$0000000C)
    __rt_entry                               0x08000169   Thumb Code     0  __rtentry.o(.ARM.Collect$$rtentry$$00000000)
    __rt_entry_presh_1                       0x08000169   Thumb Code     0  __rtentry2.o(.ARM.Collect$$rtentry$$00000002)
    __rt_entry_sh                            0x08000169   Thumb Code     0  __rtentry4.o(.ARM.Collect$$rtentry$$00000004)
    __rt_entry_li                            0x0800016f   Thumb Code     0  __rtentry2.o(.ARM.Collect$$rtentry$$0000000A)
    __rt_entry_postsh_1                      0x0800016f   Thumb Code     0  __rtentry2.o(.ARM.Collect$$rtentry$$00000009)
    __rt_entry_main                          0x08000173   Thumb Code     0  __rtentry2.o(.ARM.Collect$$rtentry$$0000000D)
    __rt_entry_postli_1                      0x08000173   Thumb Code     0  __rtentry2.o(.ARM.Collect$$rtentry$$0000000C)
    __rt_exit                                0x0800017b   Thumb Code     0  rtexit.o(.ARM.Collect$$rtexit$$00000000)
    __rt_exit_ls                             0x0800017d   Thumb Code     0  rtexit2.o(.ARM.Collect$$rtexit$$00000003)
    __rt_exit_prels_1                        0x0800017d   Thumb Code     0  rtexit2.o(.ARM.Collect$$rtexit$$00000002)
    __rt_exit_exit                           0x08000181   Thumb Code     0  rtexit2.o(.ARM.Collect$$rtexit$$00000004)
    Reset_Handler                            0x08000189   Thumb Code     8  startup_stm32f103xb.o(.text)
    ADC1_2_IRQHandler                        0x080001a3   Thumb Code     0  startup_stm32f103xb.o(.text)
    CAN1_RX1_IRQHandler                      0x080001a3   Thumb Code     0  startup_stm32f103xb.o(.text)
    CAN1_SCE_IRQHandler                      0x080001a3   Thumb Code     0  startup_stm32f103xb.o(.text)
    DMA1_Channel1_IRQHandler                 0x080001a3   Thumb Code     0  startup_stm32f103xb.o(.text)
    DMA1_Channel2_IRQHandler                 0x080001a3   Thumb Code     0  startup_stm32f103xb.o(.text)
    DMA1_Channel3_IRQHandler                 0x080001a3   Thumb Code     0  startup_stm32f103xb.o(.text)
    DMA1_Channel4_IRQHandler                 0x080001a3   Thumb Code     0  startup_stm32f103xb.o(.text)
    DMA1_Channel5_IRQHandler                 0x080001a3   Thumb Code     0  startup_stm32f103xb.o(.text)
    DMA1_Channel6_IRQHandler                 0x080001a3   Thumb Code     0  startup_stm32f103xb.o(.text)
    DMA1_Channel7_IRQHandler                 0x080001a3   Thumb Code     0  startup_stm32f103xb.o(.text)
    EXTI0_IRQHandler                         0x080001a3   Thumb Code     0  startup_stm32f103xb.o(.text)
    EXTI15_10_IRQHandler                     0x080001a3   Thumb Code     0  startup_stm32f103xb.o(.text)
    EXTI1_IRQHandler                         0x080001a3   Thumb Code     0  startup_stm32f103xb.o(.text)
    EXTI2_IRQHandler                         0x080001a3   Thumb Code     0  startup_stm32f103xb.o(.text)
    EXTI3_IRQHandler                         0x080001a3   Thumb Code     0  startup_stm32f103xb.o(.text)
    EXTI4_IRQHandler                         0x080001a3   Thumb Code     0  startup_stm32f103xb.o(.text)
    EXTI9_5_IRQHandler                       0x080001a3   Thumb Code     0  startup_stm32f103xb.o(.text)
    FLASH_IRQHandler                         0x080001a3   Thumb Code     0  startup_stm32f103xb.o(.text)
    I2C2_ER_IRQHandler                       0x080001a3   Thumb Code     0  startup_stm32f103xb.o(.text)
    I2C2_EV_IRQHandler                       0x080001a3   Thumb Code     0  startup_stm32f103xb.o(.text)
    PVD_IRQHandler                           0x080001a3   Thumb Code     0  startup_stm32f103xb.o(.text)
    RCC_IRQHandler                           0x080001a3   Thumb Code     0  startup_stm32f103xb.o(.text)
    RTC_Alarm_IRQHandler                     0x080001a3   Thumb Code     0  startup_stm32f103xb.o(.text)
    RTC_IRQHandler                           0x080001a3   Thumb Code     0  startup_stm32f103xb.o(.text)
    SPI1_IRQHandler                          0x080001a3   Thumb Code     0  startup_stm32f103xb.o(.text)
    SPI2_IRQHandler                          0x080001a3   Thumb Code     0  startup_stm32f103xb.o(.text)
    TAMPER_IRQHandler                        0x080001a3   Thumb Code     0  startup_stm32f103xb.o(.text)
    TIM1_BRK_IRQHandler                      0x080001a3   Thumb Code     0  startup_stm32f103xb.o(.text)
    TIM1_CC_IRQHandler                       0x080001a3   Thumb Code     0  startup_stm32f103xb.o(.text)
    TIM1_TRG_COM_IRQHandler                  0x080001a3   Thumb Code     0  startup_stm32f103xb.o(.text)
    TIM1_UP_IRQHandler                       0x080001a3   Thumb Code     0  startup_stm32f103xb.o(.text)
    TIM2_IRQHandler                          0x080001a3   Thumb Code     0  startup_stm32f103xb.o(.text)
    TIM3_IRQHandler                          0x080001a3   Thumb Code     0  startup_stm32f103xb.o(.text)
    TIM4_IRQHandler                          0x080001a3   Thumb Code     0  startup_stm32f103xb.o(.text)
    USART1_IRQHandler                        0x080001a3   Thumb Code     0  startup_stm32f103xb.o(.text)
    USART2_IRQHandler                        0x080001a3   Thumb Code     0  startup_stm32f103xb.o(.text)
    USART3_IRQHandler                        0x080001a3   Thumb Code     0  startup_stm32f103xb.o(.text)
    USBWakeUp_IRQHandler                     0x080001a3   Thumb Code     0  startup_stm32f103xb.o(.text)
    USB_HP_CAN1_TX_IRQHandler                0x080001a3   Thumb Code     0  startup_stm32f103xb.o(.text)
    USB_LP_CAN1_RX0_IRQHandler               0x080001a3   Thumb Code     0  startup_stm32f103xb.o(.text)
    WWDG_IRQHandler                          0x080001a3   Thumb Code     0  startup_stm32f103xb.o(.text)
    __user_initial_stackheap                 0x080001a5   Thumb Code     0  startup_stm32f103xb.o(.text)
    strcpy                                   0x080001c9   Thumb Code    72  strcpy.o(.text)
    __aeabi_memcpy                           0x08000211   Thumb Code     0  rt_memcpy_v6.o(.text)
    __rt_memcpy                              0x08000211   Thumb Code   138  rt_memcpy_v6.o(.text)
    _memcpy_lastbytes                        0x08000277   Thumb Code     0  rt_memcpy_v6.o(.text)
    __aeabi_memclr4                          0x0800029b   Thumb Code     0  rt_memclr_w.o(.text)
    __aeabi_memclr8                          0x0800029b   Thumb Code     0  rt_memclr_w.o(.text)
    __rt_memclr_w                            0x0800029b   Thumb Code     0  rt_memclr_w.o(.text)
    _memset_w                                0x0800029f   Thumb Code    74  rt_memclr_w.o(.text)
    __use_two_region_memory                  0x080002e9   Thumb Code     2  heapauxi.o(.text)
    __rt_heap_escrow$2region                 0x080002eb   Thumb Code     2  heapauxi.o(.text)
    __rt_heap_expand$2region                 0x080002ed   Thumb Code     2  heapauxi.o(.text)
    __aeabi_memcpy4                          0x080002ef   Thumb Code     0  rt_memcpy_w.o(.text)
    __aeabi_memcpy8                          0x080002ef   Thumb Code     0  rt_memcpy_w.o(.text)
    __rt_memcpy_w                            0x080002ef   Thumb Code   100  rt_memcpy_w.o(.text)
    _memcpy_lastbytes_aligned                0x08000337   Thumb Code     0  rt_memcpy_w.o(.text)
    __user_setup_stackheap                   0x08000353   Thumb Code    74  sys_stackheap_outer.o(.text)
    exit                                     0x0800039d   Thumb Code    18  exit.o(.text)
    __user_libspace                          0x080003b1   Thumb Code     8  libspace.o(.text)
    __user_perproc_libspace                  0x080003b1   Thumb Code     0  libspace.o(.text)
    __user_perthread_libspace                0x080003b1   Thumb Code     0  libspace.o(.text)
    _sys_exit                                0x080003b9   Thumb Code     8  sys_exit.o(.text)
    __I$use$semihosting                      0x080003c5   Thumb Code     0  use_no_semi.o(.text)
    __use_no_semihosting_swi                 0x080003c5   Thumb Code     2  use_no_semi.o(.text)
    __semihosting_library_function           0x080003c7   Thumb Code     0  indicate_semi.o(.text)
    BusFault_Handler                         0x080003c9   Thumb Code     2  stm32f1xx_it.o(.text.BusFault_Handler)
    DebugMon_Handler                         0x080003cd   Thumb Code     2  stm32f1xx_it.o(.text.DebugMon_Handler)
    HAL_DMA_Abort_IT                         0x080003d1   Thumb Code   178  stm32f1xx_hal_dma.o(.text.HAL_DMA_Abort_IT)
    HAL_DMA_GetState                         0x08000485   Thumb Code     6  stm32f1xx_hal_dma.o(.text.HAL_DMA_GetState)
    HAL_Delay                                0x0800048d   Thumb Code    40  stm32f1xx_hal.o(.text.HAL_Delay)
    HAL_GPIO_Init                            0x080004b5   Thumb Code   538  stm32f1xx_hal_gpio.o(.text.HAL_GPIO_Init)
    HAL_GPIO_WritePin                        0x080006d1   Thumb Code    10  stm32f1xx_hal_gpio.o(.text.HAL_GPIO_WritePin)
    HAL_GetTick                              0x080006dd   Thumb Code    12  stm32f1xx_hal.o(.text.HAL_GetTick)
    HAL_I2C_AbortCpltCallback                0x080006e9   Thumb Code     2  stm32f1xx_hal_i2c.o(.text.HAL_I2C_AbortCpltCallback)
    HAL_I2C_AddrCallback                     0x080006ed   Thumb Code     2  stm32f1xx_hal_i2c.o(.text.HAL_I2C_AddrCallback)
    HAL_I2C_ER_IRQHandler                    0x080006f1   Thumb Code   340  stm32f1xx_hal_i2c.o(.text.HAL_I2C_ER_IRQHandler)
    HAL_I2C_EV_IRQHandler                    0x08000845   Thumb Code  1628  stm32f1xx_hal_i2c.o(.text.HAL_I2C_EV_IRQHandler)
    HAL_I2C_ErrorCallback                    0x08000ea1   Thumb Code     2  stm32f1xx_hal_i2c.o(.text.HAL_I2C_ErrorCallback)
    HAL_I2C_Init                             0x08000ea5   Thumb Code   374  stm32f1xx_hal_i2c.o(.text.HAL_I2C_Init)
    HAL_I2C_ListenCpltCallback               0x0800101d   Thumb Code     2  stm32f1xx_hal_i2c.o(.text.HAL_I2C_ListenCpltCallback)
    HAL_I2C_MasterRxCpltCallback             0x08001021   Thumb Code     2  stm32f1xx_hal_i2c.o(.text.HAL_I2C_MasterRxCpltCallback)
    HAL_I2C_MasterTxCpltCallback             0x08001025   Thumb Code     2  stm32f1xx_hal_i2c.o(.text.HAL_I2C_MasterTxCpltCallback)
    HAL_I2C_Master_Receive                   0x08001029   Thumb Code  1020  stm32f1xx_hal_i2c.o(.text.HAL_I2C_Master_Receive)
    HAL_I2C_Master_Transmit                  0x08001425   Thumb Code   468  stm32f1xx_hal_i2c.o(.text.HAL_I2C_Master_Transmit)
    HAL_I2C_MemRxCpltCallback                0x080015f9   Thumb Code     2  stm32f1xx_hal_i2c.o(.text.HAL_I2C_MemRxCpltCallback)
    HAL_I2C_MemTxCpltCallback                0x080015fd   Thumb Code     2  stm32f1xx_hal_i2c.o(.text.HAL_I2C_MemTxCpltCallback)
    HAL_I2C_MspInit                          0x08001601   Thumb Code   130  stm32f1xx_hal_msp.o(.text.HAL_I2C_MspInit)
    HAL_I2C_SlaveRxCpltCallback              0x08001685   Thumb Code     2  stm32f1xx_hal_i2c.o(.text.HAL_I2C_SlaveRxCpltCallback)
    HAL_I2C_SlaveTxCpltCallback              0x08001689   Thumb Code     2  stm32f1xx_hal_i2c.o(.text.HAL_I2C_SlaveTxCpltCallback)
    HAL_IncTick                              0x0800168d   Thumb Code    26  stm32f1xx_hal.o(.text.HAL_IncTick)
    HAL_Init                                 0x080016a9   Thumb Code    38  stm32f1xx_hal.o(.text.HAL_Init)
    HAL_InitTick                             0x080016d1   Thumb Code    72  stm32f1xx_hal.o(.text.HAL_InitTick)
    HAL_MspInit                              0x08001719   Thumb Code    66  stm32f1xx_hal_msp.o(.text.HAL_MspInit)
    HAL_NVIC_EnableIRQ                       0x0800175d   Thumb Code    38  stm32f1xx_hal_cortex.o(.text.HAL_NVIC_EnableIRQ)
    HAL_NVIC_SetPriority                     0x08001785   Thumb Code    86  stm32f1xx_hal_cortex.o(.text.HAL_NVIC_SetPriority)
    HAL_NVIC_SetPriorityGrouping             0x080017dd   Thumb Code    32  stm32f1xx_hal_cortex.o(.text.HAL_NVIC_SetPriorityGrouping)
    HAL_RCC_ClockConfig                      0x080017fd   Thumb Code   446  stm32f1xx_hal_rcc.o(.text.HAL_RCC_ClockConfig)
    HAL_RCC_GetPCLK1Freq                     0x080019bd   Thumb Code    38  stm32f1xx_hal_rcc.o(.text.HAL_RCC_GetPCLK1Freq)
    HAL_RCC_OscConfig                        0x080019e5   Thumb Code   948  stm32f1xx_hal_rcc.o(.text.HAL_RCC_OscConfig)
    HAL_SYSTICK_Config                       0x08001d99   Thumb Code    44  stm32f1xx_hal_cortex.o(.text.HAL_SYSTICK_Config)
    HardFault_Handler                        0x08001dc5   Thumb Code     2  stm32f1xx_it.o(.text.HardFault_Handler)
    I2C1_ER_IRQHandler                       0x08001dc9   Thumb Code    12  stm32f1xx_it.o(.text.I2C1_ER_IRQHandler)
    I2C1_EV_IRQHandler                       0x08001dd5   Thumb Code    12  stm32f1xx_it.o(.text.I2C1_EV_IRQHandler)
    MemManage_Handler                        0x08002979   Thumb Code     2  stm32f1xx_it.o(.text.MemManage_Handler)
    NMI_Handler                              0x0800297d   Thumb Code     2  stm32f1xx_it.o(.text.NMI_Handler)
    PendSV_Handler                           0x08002981   Thumb Code     2  stm32f1xx_it.o(.text.PendSV_Handler)
    SVC_Handler                              0x08002985   Thumb Code     2  stm32f1xx_it.o(.text.SVC_Handler)
    SysTick_Handler                          0x08002989   Thumb Code     4  stm32f1xx_it.o(.text.SysTick_Handler)
    SystemInit                               0x0800298d   Thumb Code     2  system_stm32f1xx.o(.text.SystemInit)
    UsageFault_Handler                       0x08002991   Thumb Code     2  stm32f1xx_it.o(.text.UsageFault_Handler)
    VL53L0X_ClearInterruptMask               0x08002995   Thumb Code   140  vl53l0x_api.o(.text.VL53L0X_ClearInterruptMask)
    VL53L0X_DataInit                         0x08002a21   Thumb Code   496  vl53l0x_api.o(.text.VL53L0X_DataInit)
    VL53L0X_GetDeviceParameters              0x08002c11   Thumb Code   300  vl53l0x_api.o(.text.VL53L0X_GetDeviceParameters)
    VL53L0X_GetLimitCheckEnable              0x08002d3d   Thumb Code    30  vl53l0x_api.o(.text.VL53L0X_GetLimitCheckEnable)
    VL53L0X_GetLimitCheckValue               0x08002d5d   Thumb Code   162  vl53l0x_api.o(.text.VL53L0X_GetLimitCheckValue)
    VL53L0X_GetMeasurementDataReady          0x08002e01   Thumb Code    94  vl53l0x_api.o(.text.VL53L0X_GetMeasurementDataReady)
    VL53L0X_GetRangingMeasurementData        0x08002e61   Thumb Code   264  vl53l0x_api.o(.text.VL53L0X_GetRangingMeasurementData)
    VL53L0X_GetSequenceStepEnables           0x08002f69   Thumb Code    64  vl53l0x_api.o(.text.VL53L0X_GetSequenceStepEnables)
    VL53L0X_GetVcselPulsePeriod              0x08002fa9   Thumb Code     4  vl53l0x_api.o(.text.VL53L0X_GetVcselPulsePeriod)
    VL53L0X_GetXTalkCompensationEnable       0x08002fad   Thumb Code     8  vl53l0x_api.o(.text.VL53L0X_GetXTalkCompensationEnable)
    VL53L0X_PerformRefCalibration            0x08002fb5   Thumb Code     6  vl53l0x_api.o(.text.VL53L0X_PerformRefCalibration)
    VL53L0X_PerformRefSpadManagement         0x08002fbd   Thumb Code     4  vl53l0x_api.o(.text.VL53L0X_PerformRefSpadManagement)
    VL53L0X_PerformSingleRangingMeasurement  0x08002fc1   Thumb Code   196  vl53l0x_api.o(.text.VL53L0X_PerformSingleRangingMeasurement)
    VL53L0X_PollingDelay                     0x08003085   Thumb Code    12  vl53l0x_platform.o(.text.VL53L0X_PollingDelay)
    VL53L0X_RdByte                           0x08003091   Thumb Code    84  vl53l0x_platform.o(.text.VL53L0X_RdByte)
    VL53L0X_RdDWord                          0x080030e5   Thumb Code   106  vl53l0x_platform.o(.text.VL53L0X_RdDWord)
    VL53L0X_RdWord                           0x08003151   Thumb Code   108  vl53l0x_platform.o(.text.VL53L0X_RdWord)
    VL53L0X_ReadMulti                        0x080031bd   Thumb Code    88  vl53l0x_platform.o(.text.VL53L0X_ReadMulti)
    VL53L0X_SetDeviceMode                    0x08003215   Thumb Code    34  vl53l0x_api.o(.text.VL53L0X_SetDeviceMode)
    VL53L0X_SetGpioConfig                    0x08003239   Thumb Code   448  vl53l0x_api.o(.text.VL53L0X_SetGpioConfig)
    VL53L0X_SetLimitCheckEnable              0x080033f9   Thumb Code   154  vl53l0x_api.o(.text.VL53L0X_SetLimitCheckEnable)
    VL53L0X_SetLimitCheckValue               0x08003495   Thumb Code    94  vl53l0x_api.o(.text.VL53L0X_SetLimitCheckValue)
    VL53L0X_SetMeasurementTimingBudgetMicroSeconds 0x080034f5   Thumb Code     4  vl53l0x_api.o(.text.VL53L0X_SetMeasurementTimingBudgetMicroSeconds)
    VL53L0X_SetVcselPulsePeriod              0x080034f9   Thumb Code     4  vl53l0x_api.o(.text.VL53L0X_SetVcselPulsePeriod)
    VL53L0X_StartMeasurement                 0x080034fd   Thumb Code   376  vl53l0x_api.o(.text.VL53L0X_StartMeasurement)
    VL53L0X_StaticInit                       0x08003675   Thumb Code   552  vl53l0x_api.o(.text.VL53L0X_StaticInit)
    VL53L0X_UpdateByte                       0x0800389d   Thumb Code   140  vl53l0x_platform.o(.text.VL53L0X_UpdateByte)
    VL53L0X_WaitDeviceBooted                 0x08003929   Thumb Code     6  vl53l0x_api.o(.text.VL53L0X_WaitDeviceBooted)
    VL53L0X_WrByte                           0x08003931   Thumb Code    58  vl53l0x_platform.o(.text.VL53L0X_WrByte)
    VL53L0X_WrWord                           0x0800396d   Thumb Code    58  vl53l0x_platform.o(.text.VL53L0X_WrWord)
    VL53L0X_WriteMulti                       0x080039a9   Thumb Code    82  vl53l0x_platform.o(.text.VL53L0X_WriteMulti)
    VL53L0X_calc_dmax                        0x080039fd   Thumb Code   586  vl53l0x_api_core.o(.text.VL53L0X_calc_dmax)
    VL53L0X_calc_sigma_estimate              0x08003c49   Thumb Code  1346  vl53l0x_api_core.o(.text.VL53L0X_calc_sigma_estimate)
    VL53L0X_get_info_from_device             0x0800418d   Thumb Code  2602  vl53l0x_api_core.o(.text.VL53L0X_get_info_from_device)
    VL53L0X_get_measurement_timing_budget_micro_seconds 0x08004bb9   Thumb Code   374  vl53l0x_api_core.o(.text.VL53L0X_get_measurement_timing_budget_micro_seconds)
    VL53L0X_get_offset_calibration_data_micro_meter 0x08004d31   Thumb Code    64  vl53l0x_api_calibration.o(.text.VL53L0X_get_offset_calibration_data_micro_meter)
    VL53L0X_get_pal_range_status             0x08004d71   Thumb Code   616  vl53l0x_api_core.o(.text.VL53L0X_get_pal_range_status)
    VL53L0X_get_vcsel_pulse_period           0x08004fd9   Thumb Code    76  vl53l0x_api_core.o(.text.VL53L0X_get_vcsel_pulse_period)
    VL53L0X_load_tuning_settings             0x08005025   Thumb Code   238  vl53l0x_api_core.o(.text.VL53L0X_load_tuning_settings)
    VL53L0X_measurement_poll_for_completion  0x08005115   Thumb Code    84  vl53l0x_api_core.o(.text.VL53L0X_measurement_poll_for_completion)
    VL53L0X_perform_phase_calibration        0x08005169   Thumb Code   232  vl53l0x_api_calibration.o(.text.VL53L0X_perform_phase_calibration)
    VL53L0X_perform_ref_calibration          0x08005251   Thumb Code    68  vl53l0x_api_calibration.o(.text.VL53L0X_perform_ref_calibration)
    VL53L0X_perform_ref_spad_management      0x08005295   Thumb Code  1052  vl53l0x_api_calibration.o(.text.VL53L0X_perform_ref_spad_management)
    VL53L0X_perform_vhv_calibration          0x080056b1   Thumb Code   210  vl53l0x_api_calibration.o(.text.VL53L0X_perform_vhv_calibration)
    VL53L0X_set_measurement_timing_budget_micro_seconds 0x08005785   Thumb Code   400  vl53l0x_api_core.o(.text.VL53L0X_set_measurement_timing_budget_micro_seconds)
    VL53L0X_set_reference_spads              0x08005915   Thumb Code   272  vl53l0x_api_calibration.o(.text.VL53L0X_set_reference_spads)
    VL53L0X_set_vcsel_pulse_period           0x08005a25   Thumb Code   982  vl53l0x_api_core.o(.text.VL53L0X_set_vcsel_pulse_period)
    enable_ref_spads                         0x08005dfd   Thumb Code   514  vl53l0x_api_calibration.o(.text.enable_ref_spads)
    get_sequence_step_timeout                0x08006001   Thumb Code   398  vl53l0x_api_core.o(.text.get_sequence_step_timeout)
    main                                     0x08006191   Thumb Code   430  main.o(.text.main)
    perform_ref_signal_measurement           0x08006341   Thumb Code   106  vl53l0x_api_calibration.o(.text.perform_ref_signal_measurement)
    set_sequence_step_timeout                0x080063ad   Thumb Code   568  vl53l0x_api_core.o(.text.set_sequence_step_timeout)
    AHBPrescTable                            0x080065e4   Data          16  system_stm32f1xx.o(.rodata.AHBPrescTable)
    APBPrescTable                            0x080065f4   Data           8  system_stm32f1xx.o(.rodata.APBPrescTable)
    Region$$Table$$Base                      0x08006610   Number         0  anon$$obj.o(Region$$Table)
    Region$$Table$$Limit                     0x08006630   Number         0  anon$$obj.o(Region$$Table)
    uwTickFreq                               0x20000000   Data           1  stm32f1xx_hal.o(.data..L_MergedGlobals)
    uwTickPrio                               0x20000004   Data           4  stm32f1xx_hal.o(.data..L_MergedGlobals)
    DefaultTuningSettings                    0x20000008   Data         243  vl53l0x_api.o(.data.DefaultTuningSettings)
    Dev                                      0x200000fc   Data           4  main.o(.data.Dev)
    InterruptThresholdSettings               0x20000100   Data         438  vl53l0x_api.o(.data.InterruptThresholdSettings)
    SystemCoreClock                          0x200002b8   Data           4  system_stm32f1xx.o(.data.SystemCoreClock)
    refArrayQuadrants                        0x200002bc   Data          16  vl53l0x_api_calibration.o(.data.refArrayQuadrants)
    __libspace_start                         0x200002d0   Data          96  libspace.o(.bss)
    __temporary_stack_top$libspace           0x20000330   Data           0  libspace.o(.bss)
    value                                    0x20000330   Data           2  main.o(.bss..L_MergedGlobals)
    RangingData                              0x20000334   Data          28  main.o(.bss..L_MergedGlobals)
    hi2c1                                    0x20000350   Data          84  main.o(.bss..L_MergedGlobals)
    _I2CBuffer                               0x200003a4   Data          64  vl53l0x_platform.o(.bss._I2CBuffer)
    uwTick                                   0x200003e4   Data           4  stm32f1xx_hal.o(.bss.uwTick)
    vl53l0x_c                                0x200003e8   Data         372  main.o(.bss.vl53l0x_c)



==============================================================================

Memory Map of the image

  Image Entry point : 0x080000ed

  Load Region LR_IROM1 (Base: 0x08000000, Size: 0x00006900, Max: 0x00010000, ABSOLUTE)

    Execution Region ER_IROM1 (Exec base: 0x08000000, Load base: 0x08000000, Size: 0x00006630, Max: 0x00010000, ABSOLUTE)

    Exec Addr    Load Addr    Size         Type   Attr      Idx    E Section Name        Object

    0x08000000   0x08000000   0x000000ec   Data   RO            3    RESET               startup_stm32f103xb.o
    0x080000ec   0x080000ec   0x00000008   Code   RO          975  * !!!main             c_w.l(__main.o)
    0x080000f4   0x080000f4   0x00000034   Code   RO         1142    !!!scatter          c_w.l(__scatter.o)
    0x08000128   0x08000128   0x0000001a   Code   RO         1144    !!handler_copy      c_w.l(__scatter_copy.o)
    0x08000142   0x08000142   0x00000002   PAD
    0x08000144   0x08000144   0x0000001c   Code   RO         1146    !!handler_zi        c_w.l(__scatter_zi.o)
    0x08000160   0x08000160   0x00000002   Code   RO         1004    .ARM.Collect$$libinit$$00000000  c_w.l(libinit.o)
    0x08000162   0x08000162   0x00000000   Code   RO         1011    .ARM.Collect$$libinit$$00000002  c_w.l(libinit2.o)
    0x08000162   0x08000162   0x00000000   Code   RO         1013    .ARM.Collect$$libinit$$00000004  c_w.l(libinit2.o)
    0x08000162   0x08000162   0x00000000   Code   RO         1015    .ARM.Collect$$libinit$$00000006  c_w.l(libinit2.o)
    0x08000162   0x08000162   0x00000000   Code   RO         1018    .ARM.Collect$$libinit$$0000000C  c_w.l(libinit2.o)
    0x08000162   0x08000162   0x00000000   Code   RO         1020    .ARM.Collect$$libinit$$0000000E  c_w.l(libinit2.o)
    0x08000162   0x08000162   0x00000000   Code   RO         1022    .ARM.Collect$$libinit$$00000010  c_w.l(libinit2.o)
    0x08000162   0x08000162   0x00000000   Code   RO         1025    .ARM.Collect$$libinit$$00000013  c_w.l(libinit2.o)
    0x08000162   0x08000162   0x00000000   Code   RO         1027    .ARM.Collect$$libinit$$00000015  c_w.l(libinit2.o)
    0x08000162   0x08000162   0x00000000   Code   RO         1029    .ARM.Collect$$libinit$$00000017  c_w.l(libinit2.o)
    0x08000162   0x08000162   0x00000000   Code   RO         1031    .ARM.Collect$$libinit$$00000019  c_w.l(libinit2.o)
    0x08000162   0x08000162   0x00000000   Code   RO         1033    .ARM.Collect$$libinit$$0000001B  c_w.l(libinit2.o)
    0x08000162   0x08000162   0x00000000   Code   RO         1035    .ARM.Collect$$libinit$$0000001D  c_w.l(libinit2.o)
    0x08000162   0x08000162   0x00000000   Code   RO         1037    .ARM.Collect$$libinit$$0000001F  c_w.l(libinit2.o)
    0x08000162   0x08000162   0x00000000   Code   RO         1039    .ARM.Collect$$libinit$$00000021  c_w.l(libinit2.o)
    0x08000162   0x08000162   0x00000000   Code   RO         1041    .ARM.Collect$$libinit$$00000023  c_w.l(libinit2.o)
    0x08000162   0x08000162   0x00000000   Code   RO         1043    .ARM.Collect$$libinit$$00000025  c_w.l(libinit2.o)
    0x08000162   0x08000162   0x00000000   Code   RO         1045    .ARM.Collect$$libinit$$00000027  c_w.l(libinit2.o)
    0x08000162   0x08000162   0x00000000   Code   RO         1049    .ARM.Collect$$libinit$$0000002E  c_w.l(libinit2.o)
    0x08000162   0x08000162   0x00000000   Code   RO         1051    .ARM.Collect$$libinit$$00000030  c_w.l(libinit2.o)
    0x08000162   0x08000162   0x00000000   Code   RO         1053    .ARM.Collect$$libinit$$00000032  c_w.l(libinit2.o)
    0x08000162   0x08000162   0x00000000   Code   RO         1055    .ARM.Collect$$libinit$$00000034  c_w.l(libinit2.o)
    0x08000162   0x08000162   0x00000002   Code   RO         1056    .ARM.Collect$$libinit$$00000035  c_w.l(libinit2.o)
    0x08000164   0x08000164   0x00000002   Code   RO         1078    .ARM.Collect$$libshutdown$$00000000  c_w.l(libshutdown.o)
    0x08000166   0x08000166   0x00000000   Code   RO         1093    .ARM.Collect$$libshutdown$$00000002  c_w.l(libshutdown2.o)
    0x08000166   0x08000166   0x00000000   Code   RO         1095    .ARM.Collect$$libshutdown$$00000004  c_w.l(libshutdown2.o)
    0x08000166   0x08000166   0x00000000   Code   RO         1098    .ARM.Collect$$libshutdown$$00000007  c_w.l(libshutdown2.o)
    0x08000166   0x08000166   0x00000000   Code   RO         1101    .ARM.Collect$$libshutdown$$0000000A  c_w.l(libshutdown2.o)
    0x08000166   0x08000166   0x00000000   Code   RO         1103    .ARM.Collect$$libshutdown$$0000000C  c_w.l(libshutdown2.o)
    0x08000166   0x08000166   0x00000000   Code   RO         1106    .ARM.Collect$$libshutdown$$0000000F  c_w.l(libshutdown2.o)
    0x08000166   0x08000166   0x00000002   Code   RO         1107    .ARM.Collect$$libshutdown$$00000010  c_w.l(libshutdown2.o)
    0x08000168   0x08000168   0x00000000   Code   RO          977    .ARM.Collect$$rtentry$$00000000  c_w.l(__rtentry.o)
    0x08000168   0x08000168   0x00000000   Code   RO          981    .ARM.Collect$$rtentry$$00000002  c_w.l(__rtentry2.o)
    0x08000168   0x08000168   0x00000006   Code   RO          993    .ARM.Collect$$rtentry$$00000004  c_w.l(__rtentry4.o)
    0x0800016e   0x0800016e   0x00000000   Code   RO          983    .ARM.Collect$$rtentry$$00000009  c_w.l(__rtentry2.o)
    0x0800016e   0x0800016e   0x00000004   Code   RO          984    .ARM.Collect$$rtentry$$0000000A  c_w.l(__rtentry2.o)
    0x08000172   0x08000172   0x00000000   Code   RO          986    .ARM.Collect$$rtentry$$0000000C  c_w.l(__rtentry2.o)
    0x08000172   0x08000172   0x00000008   Code   RO          987    .ARM.Collect$$rtentry$$0000000D  c_w.l(__rtentry2.o)
    0x0800017a   0x0800017a   0x00000002   Code   RO         1008    .ARM.Collect$$rtexit$$00000000  c_w.l(rtexit.o)
    0x0800017c   0x0800017c   0x00000000   Code   RO         1058    .ARM.Collect$$rtexit$$00000002  c_w.l(rtexit2.o)
    0x0800017c   0x0800017c   0x00000004   Code   RO         1059    .ARM.Collect$$rtexit$$00000003  c_w.l(rtexit2.o)
    0x08000180   0x08000180   0x00000006   Code   RO         1060    .ARM.Collect$$rtexit$$00000004  c_w.l(rtexit2.o)
    0x08000186   0x08000186   0x00000002   PAD
    0x08000188   0x08000188   0x00000040   Code   RO            4    .text               startup_stm32f103xb.o
    0x080001c8   0x080001c8   0x00000048   Code   RO          967    .text               c_w.l(strcpy.o)
    0x08000210   0x08000210   0x0000008a   Code   RO          969    .text               c_w.l(rt_memcpy_v6.o)
    0x0800029a   0x0800029a   0x0000004e   Code   RO          971    .text               c_w.l(rt_memclr_w.o)
    0x080002e8   0x080002e8   0x00000006   Code   RO          973    .text               c_w.l(heapauxi.o)
    0x080002ee   0x080002ee   0x00000064   Code   RO          978    .text               c_w.l(rt_memcpy_w.o)
    0x08000352   0x08000352   0x0000004a   Code   RO          995    .text               c_w.l(sys_stackheap_outer.o)
    0x0800039c   0x0800039c   0x00000012   Code   RO          997    .text               c_w.l(exit.o)
    0x080003ae   0x080003ae   0x00000002   PAD
    0x080003b0   0x080003b0   0x00000008   Code   RO         1005    .text               c_w.l(libspace.o)
    0x080003b8   0x080003b8   0x0000000c   Code   RO         1068    .text               c_w.l(sys_exit.o)
    0x080003c4   0x080003c4   0x00000002   Code   RO         1083    .text               c_w.l(use_no_semi.o)
    0x080003c6   0x080003c6   0x00000000   Code   RO         1085    .text               c_w.l(indicate_semi.o)
    0x080003c6   0x080003c6   0x00000002   PAD
    0x080003c8   0x080003c8   0x00000002   Code   RO           38    .text.BusFault_Handler  stm32f1xx_it.o
    0x080003ca   0x080003ca   0x00000002   PAD
    0x080003cc   0x080003cc   0x00000002   Code   RO           44    .text.DebugMon_Handler  stm32f1xx_it.o
    0x080003ce   0x080003ce   0x00000002   PAD
    0x080003d0   0x080003d0   0x000000b2   Code   RO          373    .text.HAL_DMA_Abort_IT  stm32f1xx_hal_dma.o
    0x08000482   0x08000482   0x00000002   PAD
    0x08000484   0x08000484   0x00000006   Code   RO          383    .text.HAL_DMA_GetState  stm32f1xx_hal_dma.o
    0x0800048a   0x0800048a   0x00000002   PAD
    0x0800048c   0x0800048c   0x00000028   Code   RO          247    .text.HAL_Delay     stm32f1xx_hal.o
    0x080004b4   0x080004b4   0x0000021a   Code   RO          339    .text.HAL_GPIO_Init  stm32f1xx_hal_gpio.o
    0x080006ce   0x080006ce   0x00000002   PAD
    0x080006d0   0x080006d0   0x0000000a   Code   RO          345    .text.HAL_GPIO_WritePin  stm32f1xx_hal_gpio.o
    0x080006da   0x080006da   0x00000002   PAD
    0x080006dc   0x080006dc   0x0000000c   Code   RO          239    .text.HAL_GetTick   stm32f1xx_hal.o
    0x080006e8   0x080006e8   0x00000002   Code   RO          209    .text.HAL_I2C_AbortCpltCallback  stm32f1xx_hal_i2c.o
    0x080006ea   0x080006ea   0x00000002   PAD
    0x080006ec   0x080006ec   0x00000002   Code   RO          199    .text.HAL_I2C_AddrCallback  stm32f1xx_hal_i2c.o
    0x080006ee   0x080006ee   0x00000002   PAD
    0x080006f0   0x080006f0   0x00000154   Code   RO          189    .text.HAL_I2C_ER_IRQHandler  stm32f1xx_hal_i2c.o
    0x08000844   0x08000844   0x0000065c   Code   RO          177    .text.HAL_I2C_EV_IRQHandler  stm32f1xx_hal_i2c.o
    0x08000ea0   0x08000ea0   0x00000002   Code   RO          207    .text.HAL_I2C_ErrorCallback  stm32f1xx_hal_i2c.o
    0x08000ea2   0x08000ea2   0x00000002   PAD
    0x08000ea4   0x08000ea4   0x00000176   Code   RO           89    .text.HAL_I2C_Init  stm32f1xx_hal_i2c.o
    0x0800101a   0x0800101a   0x00000002   PAD
    0x0800101c   0x0800101c   0x00000002   Code   RO          201    .text.HAL_I2C_ListenCpltCallback  stm32f1xx_hal_i2c.o
    0x0800101e   0x0800101e   0x00000002   PAD
    0x08001020   0x08001020   0x00000002   Code   RO          193    .text.HAL_I2C_MasterRxCpltCallback  stm32f1xx_hal_i2c.o
    0x08001022   0x08001022   0x00000002   PAD
    0x08001024   0x08001024   0x00000002   Code   RO          191    .text.HAL_I2C_MasterTxCpltCallback  stm32f1xx_hal_i2c.o
    0x08001026   0x08001026   0x00000002   PAD
    0x08001028   0x08001028   0x000003fc   Code   RO          105    .text.HAL_I2C_Master_Receive  stm32f1xx_hal_i2c.o
    0x08001424   0x08001424   0x000001d4   Code   RO           97    .text.HAL_I2C_Master_Transmit  stm32f1xx_hal_i2c.o
    0x080015f8   0x080015f8   0x00000002   Code   RO          205    .text.HAL_I2C_MemRxCpltCallback  stm32f1xx_hal_i2c.o
    0x080015fa   0x080015fa   0x00000002   PAD
    0x080015fc   0x080015fc   0x00000002   Code   RO          203    .text.HAL_I2C_MemTxCpltCallback  stm32f1xx_hal_i2c.o
    0x080015fe   0x080015fe   0x00000002   PAD
    0x08001600   0x08001600   0x00000082   Code   RO           63    .text.HAL_I2C_MspInit  stm32f1xx_hal_msp.o
    0x08001682   0x08001682   0x00000002   PAD
    0x08001684   0x08001684   0x00000002   Code   RO          197    .text.HAL_I2C_SlaveRxCpltCallback  stm32f1xx_hal_i2c.o
    0x08001686   0x08001686   0x00000002   PAD
    0x08001688   0x08001688   0x00000002   Code   RO          195    .text.HAL_I2C_SlaveTxCpltCallback  stm32f1xx_hal_i2c.o
    0x0800168a   0x0800168a   0x00000002   PAD
    0x0800168c   0x0800168c   0x0000001a   Code   RO          237    .text.HAL_IncTick   stm32f1xx_hal.o
    0x080016a6   0x080016a6   0x00000002   PAD
    0x080016a8   0x080016a8   0x00000026   Code   RO          227    .text.HAL_Init      stm32f1xx_hal.o
    0x080016ce   0x080016ce   0x00000002   PAD
    0x080016d0   0x080016d0   0x00000048   Code   RO          229    .text.HAL_InitTick  stm32f1xx_hal.o
    0x08001718   0x08001718   0x00000042   Code   RO           61    .text.HAL_MspInit   stm32f1xx_hal_msp.o
    0x0800175a   0x0800175a   0x00000002   PAD
    0x0800175c   0x0800175c   0x00000026   Code   RO          399    .text.HAL_NVIC_EnableIRQ  stm32f1xx_hal_cortex.o
    0x08001782   0x08001782   0x00000002   PAD
    0x08001784   0x08001784   0x00000056   Code   RO          397    .text.HAL_NVIC_SetPriority  stm32f1xx_hal_cortex.o
    0x080017da   0x080017da   0x00000002   PAD
    0x080017dc   0x080017dc   0x00000020   Code   RO          395    .text.HAL_NVIC_SetPriorityGrouping  stm32f1xx_hal_cortex.o
    0x080017fc   0x080017fc   0x000001be   Code   RO          291    .text.HAL_RCC_ClockConfig  stm32f1xx_hal_rcc.o
    0x080019ba   0x080019ba   0x00000002   PAD
    0x080019bc   0x080019bc   0x00000026   Code   RO          303    .text.HAL_RCC_GetPCLK1Freq  stm32f1xx_hal_rcc.o
    0x080019e2   0x080019e2   0x00000002   PAD
    0x080019e4   0x080019e4   0x000003b4   Code   RO          289    .text.HAL_RCC_OscConfig  stm32f1xx_hal_rcc.o
    0x08001d98   0x08001d98   0x0000002c   Code   RO          407    .text.HAL_SYSTICK_Config  stm32f1xx_hal_cortex.o
    0x08001dc4   0x08001dc4   0x00000002   Code   RO           34    .text.HardFault_Handler  stm32f1xx_it.o
    0x08001dc6   0x08001dc6   0x00000002   PAD
    0x08001dc8   0x08001dc8   0x0000000c   Code   RO           52    .text.I2C1_ER_IRQHandler  stm32f1xx_it.o
    0x08001dd4   0x08001dd4   0x0000000c   Code   RO           50    .text.I2C1_EV_IRQHandler  stm32f1xx_it.o
    0x08001de0   0x08001de0   0x00000122   Code   RO          163    .text.I2C_DMAAbort  stm32f1xx_hal_i2c.o
    0x08001f02   0x08001f02   0x00000002   PAD
    0x08001f04   0x08001f04   0x0000018c   Code   RO          175    .text.I2C_ITError   stm32f1xx_hal_i2c.o
    0x08002090   0x08002090   0x000000e8   Code   RO          187    .text.I2C_MasterReceive_BTF  stm32f1xx_hal_i2c.o
    0x08002178   0x08002178   0x00000142   Code   RO          185    .text.I2C_MasterReceive_RXNE  stm32f1xx_hal_i2c.o
    0x080022ba   0x080022ba   0x00000002   PAD
    0x080022bc   0x080022bc   0x00000082   Code   RO          181    .text.I2C_MasterTransmit_BTF  stm32f1xx_hal_i2c.o
    0x0800233e   0x0800233e   0x00000002   PAD
    0x08002340   0x08002340   0x000000b2   Code   RO          179    .text.I2C_MasterTransmit_TXE  stm32f1xx_hal_i2c.o
    0x080023f2   0x080023f2   0x00000002   PAD
    0x080023f4   0x080023f4   0x000000be   Code   RO          183    .text.I2C_MemoryTransmit_TXE_BTF  stm32f1xx_hal_i2c.o
    0x080024b2   0x080024b2   0x00000002   PAD
    0x080024b4   0x080024b4   0x000000be   Code   RO          103    .text.I2C_WaitOnBTFFlagUntilTimeout  stm32f1xx_hal_i2c.o
    0x08002572   0x08002572   0x00000002   PAD
    0x08002574   0x08002574   0x000001d2   Code   RO           99    .text.I2C_WaitOnFlagUntilTimeout  stm32f1xx_hal_i2c.o
    0x08002746   0x08002746   0x00000002   PAD
    0x08002748   0x08002748   0x000000e0   Code   RO          217    .text.I2C_WaitOnMasterAddressFlagUntilTimeout  stm32f1xx_hal_i2c.o
    0x08002828   0x08002828   0x00000090   Code   RO          107    .text.I2C_WaitOnRXNEFlagUntilTimeout  stm32f1xx_hal_i2c.o
    0x080028b8   0x080028b8   0x000000be   Code   RO          101    .text.I2C_WaitOnTXEFlagUntilTimeout  stm32f1xx_hal_i2c.o
    0x08002976   0x08002976   0x00000002   PAD
    0x08002978   0x08002978   0x00000002   Code   RO           36    .text.MemManage_Handler  stm32f1xx_it.o
    0x0800297a   0x0800297a   0x00000002   PAD
    0x0800297c   0x0800297c   0x00000002   Code   RO           32    .text.NMI_Handler   stm32f1xx_it.o
    0x0800297e   0x0800297e   0x00000002   PAD
    0x08002980   0x08002980   0x00000002   Code   RO           46    .text.PendSV_Handler  stm32f1xx_it.o
    0x08002982   0x08002982   0x00000002   PAD
    0x08002984   0x08002984   0x00000002   Code   RO           42    .text.SVC_Handler   stm32f1xx_it.o
    0x08002986   0x08002986   0x00000002   PAD
    0x08002988   0x08002988   0x00000004   Code   RO           48    .text.SysTick_Handler  stm32f1xx_it.o
    0x0800298c   0x0800298c   0x00000002   Code   RO          562    .text.SystemInit    system_stm32f1xx.o
    0x0800298e   0x0800298e   0x00000002   PAD
    0x08002990   0x08002990   0x00000002   Code   RO           40    .text.UsageFault_Handler  stm32f1xx_it.o
    0x08002992   0x08002992   0x00000002   PAD
    0x08002994   0x08002994   0x0000008c   Code   RO          745    .text.VL53L0X_ClearInterruptMask  vl53l0x_api.o
    0x08002a20   0x08002a20   0x000001f0   Code   RO          619    .text.VL53L0X_DataInit  vl53l0x_api.o
    0x08002c10   0x08002c10   0x0000012c   Code   RO          621    .text.VL53L0X_GetDeviceParameters  vl53l0x_api.o
    0x08002d3c   0x08002d3c   0x0000001e   Code   RO          663    .text.VL53L0X_GetLimitCheckEnable  vl53l0x_api.o
    0x08002d5a   0x08002d5a   0x00000002   PAD
    0x08002d5c   0x08002d5c   0x000000a2   Code   RO          661    .text.VL53L0X_GetLimitCheckValue  vl53l0x_api.o
    0x08002dfe   0x08002dfe   0x00000002   PAD
    0x08002e00   0x08002e00   0x0000005e   Code   RO          731    .text.VL53L0X_GetMeasurementDataReady  vl53l0x_api.o
    0x08002e5e   0x08002e5e   0x00000002   PAD
    0x08002e60   0x08002e60   0x00000108   Code   RO          737    .text.VL53L0X_GetRangingMeasurementData  vl53l0x_api.o
    0x08002f68   0x08002f68   0x00000040   Code   RO          681    .text.VL53L0X_GetSequenceStepEnables  vl53l0x_api.o
    0x08002fa8   0x08002fa8   0x00000004   Code   RO          637    .text.VL53L0X_GetVcselPulsePeriod  vl53l0x_api.o
    0x08002fac   0x08002fac   0x00000008   Code   RO          693    .text.VL53L0X_GetXTalkCompensationEnable  vl53l0x_api.o
    0x08002fb4   0x08002fb4   0x00000006   Code   RO          717    .text.VL53L0X_PerformRefCalibration  vl53l0x_api.o
    0x08002fba   0x08002fba   0x00000002   PAD
    0x08002fbc   0x08002fbc   0x00000004   Code   RO          773    .text.VL53L0X_PerformRefSpadManagement  vl53l0x_api.o
    0x08002fc0   0x08002fc0   0x000000c4   Code   RO          743    .text.VL53L0X_PerformSingleRangingMeasurement  vl53l0x_api.o
    0x08003084   0x08003084   0x0000000c   Code   RO          947    .text.VL53L0X_PollingDelay  vl53l0x_platform.o
    0x08003090   0x08003090   0x00000054   Code   RO          941    .text.VL53L0X_RdByte  vl53l0x_platform.o
    0x080030e4   0x080030e4   0x0000006a   Code   RO          945    .text.VL53L0X_RdDWord  vl53l0x_platform.o
    0x0800314e   0x0800314e   0x00000002   PAD
    0x08003150   0x08003150   0x0000006c   Code   RO          943    .text.VL53L0X_RdWord  vl53l0x_platform.o
    0x080031bc   0x080031bc   0x00000058   Code   RO          931    .text.VL53L0X_ReadMulti  vl53l0x_platform.o
    0x08003214   0x08003214   0x00000022   Code   RO          645    .text.VL53L0X_SetDeviceMode  vl53l0x_api.o
    0x08003236   0x08003236   0x00000002   PAD
    0x08003238   0x08003238   0x000001c0   Code   RO          631    .text.VL53L0X_SetGpioConfig  vl53l0x_api.o
    0x080033f8   0x080033f8   0x0000009a   Code   RO          623    .text.VL53L0X_SetLimitCheckEnable  vl53l0x_api.o
    0x08003492   0x08003492   0x00000002   PAD
    0x08003494   0x08003494   0x0000005e   Code   RO          625    .text.VL53L0X_SetLimitCheckValue  vl53l0x_api.o
    0x080034f2   0x080034f2   0x00000002   PAD
    0x080034f4   0x080034f4   0x00000004   Code   RO          653    .text.VL53L0X_SetMeasurementTimingBudgetMicroSeconds  vl53l0x_api.o
    0x080034f8   0x080034f8   0x00000004   Code   RO          675    .text.VL53L0X_SetVcselPulsePeriod  vl53l0x_api.o
    0x080034fc   0x080034fc   0x00000178   Code   RO          713    .text.VL53L0X_StartMeasurement  vl53l0x_api.o
    0x08003674   0x08003674   0x00000228   Code   RO          599    .text.VL53L0X_StaticInit  vl53l0x_api.o
    0x0800389c   0x0800389c   0x0000008c   Code   RO          939    .text.VL53L0X_UpdateByte  vl53l0x_platform.o
    0x08003928   0x08003928   0x00000006   Code   RO          639    .text.VL53L0X_WaitDeviceBooted  vl53l0x_api.o
    0x0800392e   0x0800392e   0x00000002   PAD
    0x08003930   0x08003930   0x0000003a   Code   RO          933    .text.VL53L0X_WrByte  vl53l0x_platform.o
    0x0800396a   0x0800396a   0x00000002   PAD
    0x0800396c   0x0800396c   0x0000003a   Code   RO          935    .text.VL53L0X_WrWord  vl53l0x_platform.o
    0x080039a6   0x080039a6   0x00000002   PAD
    0x080039a8   0x080039a8   0x00000052   Code   RO          929    .text.VL53L0X_WriteMulti  vl53l0x_platform.o
    0x080039fa   0x080039fa   0x00000002   PAD
    0x080039fc   0x080039fc   0x0000024a   Code   RO          884    .text.VL53L0X_calc_dmax  vl53l0x_api_core.o
    0x08003c46   0x08003c46   0x00000002   PAD
    0x08003c48   0x08003c48   0x00000542   Code   RO          886    .text.VL53L0X_calc_sigma_estimate  vl53l0x_api_core.o
    0x0800418a   0x0800418a   0x00000002   PAD
    0x0800418c   0x0800418c   0x00000a2a   Code   RO          854    .text.VL53L0X_get_info_from_device  vl53l0x_api_core.o
    0x08004bb6   0x08004bb6   0x00000002   PAD
    0x08004bb8   0x08004bb8   0x00000176   Code   RO          876    .text.VL53L0X_get_measurement_timing_budget_micro_seconds  vl53l0x_api_core.o
    0x08004d2e   0x08004d2e   0x00000002   PAD
    0x08004d30   0x08004d30   0x00000040   Code   RO          791    .text.VL53L0X_get_offset_calibration_data_micro_meter  vl53l0x_api_calibration.o
    0x08004d70   0x08004d70   0x00000268   Code   RO          888    .text.VL53L0X_get_pal_range_status  vl53l0x_api_core.o
    0x08004fd8   0x08004fd8   0x0000004c   Code   RO          872    .text.VL53L0X_get_vcsel_pulse_period  vl53l0x_api_core.o
    0x08005024   0x08005024   0x000000ee   Code   RO          878    .text.VL53L0X_load_tuning_settings  vl53l0x_api_core.o
    0x08005112   0x08005112   0x00000002   PAD
    0x08005114   0x08005114   0x00000054   Code   RO          842    .text.VL53L0X_measurement_poll_for_completion  vl53l0x_api_core.o
    0x08005168   0x08005168   0x000000e8   Code   RO          825    .text.VL53L0X_perform_phase_calibration  vl53l0x_api_calibration.o
    0x08005250   0x08005250   0x00000044   Code   RO          813    .text.VL53L0X_perform_ref_calibration  vl53l0x_api_calibration.o
    0x08005294   0x08005294   0x0000041c   Code   RO          811    .text.VL53L0X_perform_ref_spad_management  vl53l0x_api_calibration.o
    0x080056b0   0x080056b0   0x000000d2   Code   RO          823    .text.VL53L0X_perform_vhv_calibration  vl53l0x_api_calibration.o
    0x08005782   0x08005782   0x00000002   PAD
    0x08005784   0x08005784   0x00000190   Code   RO          874    .text.VL53L0X_set_measurement_timing_budget_micro_seconds  vl53l0x_api_core.o
    0x08005914   0x08005914   0x00000110   Code   RO          815    .text.VL53L0X_set_reference_spads  vl53l0x_api_calibration.o
    0x08005a24   0x08005a24   0x000003d6   Code   RO          870    .text.VL53L0X_set_vcsel_pulse_period  vl53l0x_api_core.o
    0x08005dfa   0x08005dfa   0x00000002   PAD
    0x08005dfc   0x08005dfc   0x00000202   Code   RO          807    .text.enable_ref_spads  vl53l0x_api_calibration.o
    0x08005ffe   0x08005ffe   0x00000002   PAD
    0x08006000   0x08006000   0x0000018e   Code   RO          866    .text.get_sequence_step_timeout  vl53l0x_api_core.o
    0x0800618e   0x0800618e   0x00000002   PAD
    0x08006190   0x08006190   0x000001ae   Code   RO           11    .text.main          main.o
    0x0800633e   0x0800633e   0x00000002   PAD
    0x08006340   0x08006340   0x0000006a   Code   RO          809    .text.perform_ref_signal_measurement  vl53l0x_api_calibration.o
    0x080063aa   0x080063aa   0x00000002   PAD
    0x080063ac   0x080063ac   0x00000238   Code   RO          868    .text.set_sequence_step_timeout  vl53l0x_api_core.o
    0x080065e4   0x080065e4   0x00000010   Data   RO          567    .rodata.AHBPrescTable  system_stm32f1xx.o
    0x080065f4   0x080065f4   0x00000008   Data   RO          568    .rodata.APBPrescTable  system_stm32f1xx.o
    0x080065fc   0x080065fc   0x00000002   Data   RO          316    .rodata.HAL_RCC_GetSysClockFreq.aPredivFactorTable  stm32f1xx_hal_rcc.o
    0x080065fe   0x080065fe   0x00000010   Data   RO          315    .rodata.cst16       stm32f1xx_hal_rcc.o
    0x0800660e   0x0800660e   0x00000002   PAD
    0x08006610   0x08006610   0x00000020   Data   RO         1141    Region$$Table       anon$$obj.o


    Execution Region RW_IRAM1 (Exec base: 0x20000000, Load base: 0x08006630, Size: 0x00000b60, Max: 0x00005000, ABSOLUTE)

    Exec Addr    Load Addr    Size         Type   Attr      Idx    E Section Name        Object

    0x20000000   0x08006630   0x00000008   Data   RW          278    .data..L_MergedGlobals  stm32f1xx_hal.o
    0x20000008   0x08006638   0x000000f3   Data   RW          775    .data.DefaultTuningSettings  vl53l0x_api.o
    0x200000fb   0x0800672b   0x00000001   PAD
    0x200000fc   0x0800672c   0x00000004   Data   RW           18    .data.Dev           main.o
    0x20000100   0x08006730   0x000001b6   Data   RW          776    .data.InterruptThresholdSettings  vl53l0x_api.o
    0x200002b6   0x080068e6   0x00000002   PAD
    0x200002b8   0x080068e8   0x00000004   Data   RW          566    .data.SystemCoreClock  system_stm32f1xx.o
    0x200002bc   0x080068ec   0x00000010   Data   RW          831    .data.refArrayQuadrants  vl53l0x_api_calibration.o
    0x200002cc   0x080068fc   0x00000004   PAD
    0x200002d0        -       0x00000060   Zero   RW         1006    .bss                c_w.l(libspace.o)
    0x20000330        -       0x00000074   Zero   RW           23    .bss..L_MergedGlobals  main.o
    0x200003a4        -       0x00000040   Zero   RW          949    .bss._I2CBuffer     vl53l0x_platform.o
    0x200003e4        -       0x00000004   Zero   RW          277    .bss.uwTick         stm32f1xx_hal.o
    0x200003e8        -       0x00000174   Zero   RW           17    .bss.vl53l0x_c      main.o
    0x2000055c   0x080068fc   0x00000004   PAD
    0x20000560        -       0x00000200   Zero   RW            2    HEAP                startup_stm32f103xb.o
    0x20000760        -       0x00000400   Zero   RW            1    STACK               startup_stm32f103xb.o


==============================================================================

Image component sizes


      Code (inc. data)   RO Data    RW Data    ZI Data      Debug   Object Name

       430          0          0          4        488       9383   main.o
        64         26        236          0       1536        780   startup_stm32f103xb.o
       188          0          0          8          4       5729   stm32f1xx_hal.o
       200          0          0          0          0       8487   stm32f1xx_hal_cortex.o
       184          0          0          0          0       8426   stm32f1xx_hal_dma.o
       548         22          0          0          0       4557   stm32f1xx_hal_gpio.o
      6802         16          0          0          0      42539   stm32f1xx_hal_i2c.o
       196          0          0          0          0       5720   stm32f1xx_hal_msp.o
      1432          0         18          0          0       7659   stm32f1xx_hal_rcc.o
        44          0          0          0          0       4151   stm32f1xx_it.o
         2          0         24          4          0       1609   system_stm32f1xx.o
      3440         18          0        681          0      57234   vl53l0x_api.o
      2518          0          0         16          0      29738   vl53l0x_api_calibration.o
      8270         22          0          0          0      51743   vl53l0x_api_core.o
       736          0          0          0         64      14830   vl53l0x_platform.o

    ----------------------------------------------------------------------
     25180        104        312        716       2100     252585   Object Totals
         0          0         32          0          0          0   (incl. Generated)
       126          0          2          3          8          0   (incl. Padding)

    ----------------------------------------------------------------------

      Code (inc. data)   RO Data    RW Data    ZI Data      Debug   Library Member Name

         8          0          0          0          0         68   __main.o
         0          0          0          0          0          0   __rtentry.o
        12          0          0          0          0          0   __rtentry2.o
         6          0          0          0          0          0   __rtentry4.o
        52          8          0          0          0          0   __scatter.o
        26          0          0          0          0          0   __scatter_copy.o
        28          0          0          0          0          0   __scatter_zi.o
        18          0          0          0          0         80   exit.o
         6          0          0          0          0        152   heapauxi.o
         0          0          0          0          0          0   indicate_semi.o
         2          0          0          0          0          0   libinit.o
         2          0          0          0          0          0   libinit2.o
         2          0          0          0          0          0   libshutdown.o
         2          0          0          0          0          0   libshutdown2.o
         8          4          0          0         96         68   libspace.o
        78          0          0          0          0         80   rt_memclr_w.o
       138          0          0          0          0         68   rt_memcpy_v6.o
       100          0          0          0          0         80   rt_memcpy_w.o
         2          0          0          0          0          0   rtexit.o
        10          0          0          0          0          0   rtexit2.o
        72          0          0          0          0         80   strcpy.o
        12          4          0          0          0         68   sys_exit.o
        74          0          0          0          0         80   sys_stackheap_outer.o
         2          0          0          0          0         68   use_no_semi.o

    ----------------------------------------------------------------------
       668         16          0          0         96        892   Library Totals
         8          0          0          0          0          0   (incl. Padding)

    ----------------------------------------------------------------------

      Code (inc. data)   RO Data    RW Data    ZI Data      Debug   Library Name

       660         16          0          0         96        892   c_w.l

    ----------------------------------------------------------------------
       668         16          0          0         96        892   Library Totals

    ----------------------------------------------------------------------

==============================================================================


      Code (inc. data)   RO Data    RW Data    ZI Data      Debug   

     25848        120        312        716       2196     252901   Grand Totals
     25848        120        312        716       2196     252901   ELF Image Totals
     25848        120        312        716          0          0   ROM Totals

==============================================================================

    Total RO  Size (Code + RO Data)                26160 (  25.55kB)
    Total RW  Size (RW Data + ZI Data)              2912 (   2.84kB)
    Total ROM Size (Code + RO Data + RW Data)      26876 (  26.25kB)

==============================================================================

