<html>
<body>
<pre>
<h1>µVision Build Log</h1>
<h2>Tool Versions:</h2>
IDE-Version: µVision V5.38.0.0
Copyright (C) 2022 ARM Ltd and ARM Germany GmbH. All rights reserved.
License Information: tuan do, ABC, LIC=14HV2-9TT93-VE3HA-1JP7N-H1EV5-8YPT7
 
Tool Versions:
Toolchain:       MDK-ARM Plus  Version: 5.38.0.0
Toolchain Path:  C:\Keil_v5\ARM\ARMCLANG\Bin
C Compiler:      ArmClang.exe V6.19
Assembler:       Armasm.exe V6.19
Linker/Locator:  ArmLink.exe V6.19
Library Manager: ArmAr.exe V6.19
Hex Converter:   FromElf.exe V6.19
CPU DLL:         SARMCM3.DLL V5.38.0.0
Dialog DLL:      DCM.DLL V1.17.5.0
Target DLL:      STLink\ST-LINKIII-KEIL_SWO.dll V3.1.0.0
Dialog DLL:      TCM.DLL V1.56.4.0
 
<h2>Project:</h2>
D:\STM32\STM32_KEILC\STM32_DO_LUONG\MDK-ARM\STM32_DO_LUONG.uvprojx
Project File Date:  12/16/2023

<h2>Output:</h2>
*** Using Compiler 'V6.19', folder: 'C:\Keil_v5\ARM\ARMCLANG\Bin'
Build target 'STM32_DO_LUONG'
../Core/Src/main.c(95): warning: implicit conversion from 'int' to 'uint8_t' (aka 'unsigned char') changes value from 430 to 174 [-Wconstant-conversion]
uint8_t cali = 430;
        ~~~~   ^~~
../Core/Src/main.c(177): warning: incompatible pointer types passing 'uint16_t *' (aka 'unsigned short *') to parameter of type 'uint32_t *' (aka 'unsigned int *') [-Wincompatible-pointer-types]
                                HAL_ADC_Start_DMA(&hadc1, &adc, 1);
                                                          ^~~~
../Drivers/STM32F1xx_HAL_Driver/Inc\stm32f1xx_hal_adc.h(928): note: passing argument to parameter 'pData' here
HAL_StatusTypeDef       HAL_ADC_Start_DMA(ADC_HandleTypeDef* hadc, uint32_t* pData, uint32_t Length);
                                                                             ^
2 warnings generated.
compiling main.c...
linking...
Program Size: Code=22964 RO-data=28328 RW-data=32 ZI-data=2312  
FromELF: creating hex file...
"STM32_DO_LUONG\STM32_DO_LUONG.axf" - 0 Error(s), 2 Warning(s).

<h2>Software Packages used:</h2>

Package Vendor: ARM
                http://www.keil.com/pack/ARM.CMSIS.5.9.0.pack
                ARM.CMSIS.5.9.0
                CMSIS (Common Microcontroller Software Interface Standard)
   * Component: CORE Version: 5.6.0

Package Vendor: Keil
                https://www.keil.com/pack/Keil.STM32F1xx_DFP.2.4.1.pack
                Keil.STM32F1xx_DFP.2.4.1
                STMicroelectronics STM32F1 Series Device Support, Drivers and Examples

<h2>Collection of Component include folders:</h2>
  ./RTE/_STM32_DO_LUONG
  C:/Users/admin/AppData/Local/Arm/Packs/ARM/CMSIS/5.9.0/CMSIS/Core/Include
  C:/Users/admin/AppData/Local/Arm/Packs/Keil/STM32F1xx_DFP/2.4.1/Device/Include

<h2>Collection of Component Files used:</h2>

   * Component: ARM::CMSIS:CORE:5.6.0
      Include file:  CMSIS/Core/Include/tz_context.h
Build Time Elapsed:  00:00:01
</pre>
</body>
</html>
