<html>
<body>
<pre>
<h1>µVision Build Log</h1>
<h2>Tool Versions:</h2>
IDE-Version: µVision V5.38.0.0
Copyright (C) 2022 ARM Ltd and ARM Germany GmbH. All rights reserved.
License Information: tuan do, ABC, LIC=14HV2-9TT93-VE3HA-1JP7N-H1EV5-8YPT7
 
Tool Versions:
Toolchain:       MDK-ARM Plus  Version: 5.38.0.0
Toolchain Path:  C:\Keil_v5\ARM\ARMCLANG\Bin
C Compiler:      ArmClang.exe V6.19
Assembler:       Armasm.exe V6.19
Linker/Locator:  ArmLink.exe V6.19
Library Manager: ArmAr.exe V6.19
Hex Converter:   FromElf.exe V6.19
CPU DLL:         SARMCM3.DLL V5.38.0.0
Dialog DLL:      DCM.DLL V1.17.5.0
Target DLL:      STLink\ST-LINKIII-KEIL_SWO.dll V3.1.0.0
Dialog DLL:      TCM.DLL V1.56.4.0
 
<h2>Project:</h2>
D:\STM32\STM32_KEILC\F4_DISCOVERY_SMART_LOCK\F4_SMART_LOCK\MDK-ARM\F4_SMART_LOCK.uvprojx
Project File Date:  12/27/2023

<h2>Output:</h2>
*** Using Compiler 'V6.19', folder: 'C:\Keil_v5\ARM\ARMCLANG\Bin'
Rebuild target 'F4_SMART_LOCK'
Note: source file '../FATFS/Target/user_diskio.c' - object file renamed from 'F4_SMART_LOCK\user_diskio.o' to 'F4_SMART_LOCK\user_diskio_1.o'.
compiling spi.c...
assembling startup_stm32f407xx.s...
compiling tim.c...
compiling gpio.c...
compiling i2c.c...
compiling usart.c...
compiling main.c...
compiling stm32f4xx_hal_msp.c...
compiling stm32f4xx_it.c...
compiling usbh_platform.c...
compiling usb_host.c...
compiling usbh_conf.c...
compiling stm32f4xx_hal_hcd.c...
compiling stm32f4xx_hal_rcc_ex.c...
compiling stm32f4xx_hal_flash_ex.c...
compiling stm32f4xx_hal_flash_ramfunc.c...
compiling stm32f4xx_hal_flash.c...
compiling stm32f4xx_hal_rcc.c...
compiling stm32f4xx_ll_usb.c...
compiling stm32f4xx_hal_gpio.c...
compiling stm32f4xx_hal_pwr_ex.c...
compiling stm32f4xx_hal_pwr.c...
compiling stm32f4xx_hal_dma_ex.c...
compiling stm32f4xx_hal_cortex.c...
compiling stm32f4xx_hal_dma.c...
compiling stm32f4xx_hal_i2c_ex.c...
compiling stm32f4xx_hal.c...
compiling stm32f4xx_hal_exti.c...
compiling system_stm32f4xx.c...
compiling stm32f4xx_hal_tim_ex.c...
compiling usbh_core.c...
compiling stm32f4xx_hal_spi.c...
compiling usbh_ioreq.c...
compiling usbh_pipes.c...
compiling usbh_ctlreq.c...
compiling stm32f4xx_hal_uart.c...
compiling stm32f4xx_hal_tim.c...
compiling button.c...
compiling buton_user.c...
compiling usbh_cdc.c...
compiling finger_user.c...
compiling stm32f4xx_hal_i2c.c...
compiling i2c-lcd.c...
../App/fingerprint.c(146): warning: non-void function does not return a value [-Wreturn-type]
}
^
1 warning generated.
compiling fingerprint.c...
compiling KEYPAD_cfg.c...
compiling lcd_user.c...
../App/keypad_user.c(93): warning: non-void function does not return a value in all control paths [-Wreturn-type]
}
^
1 warning generated.
compiling keypad_user.c...
compiling ds1307.c...
compiling KEYPAD.c...
compiling user_diskio.c...
compiling sd_user.c...
compiling flash_F4.c...
compiling fatfs.c...
compiling diskio.c...
compiling fatfs_sd.c...
compiling syscall.c...
compiling ff_gen_drv.c...
compiling ccsbcs.c...
compiling ff.c...
linking...
Program Size: Code=42106 RO-data=794 RW-data=160 ZI-data=4400  
FromELF: creating hex file...
"F4_SMART_LOCK\F4_SMART_LOCK.axf" - 0 Error(s), 2 Warning(s).

<h2>Software Packages used:</h2>

Package Vendor: ARM
                http://www.keil.com/pack/ARM.CMSIS.5.9.0.pack
                ARM.CMSIS.5.9.0
                CMSIS (Common Microcontroller Software Interface Standard)
   * Component: CORE Version: 5.6.0

Package Vendor: Keil
                https://www.keil.com/pack/Keil.STM32F4xx_DFP.2.17.1.pack
                Keil.STM32F4xx_DFP.2.17.1
                STMicroelectronics STM32F4 Series Device Support, Drivers and Examples

<h2>Collection of Component include folders:</h2>
  ./RTE/_F4_SMART_LOCK
  C:/Users/admin/AppData/Local/Arm/Packs/ARM/CMSIS/5.9.0/CMSIS/Core/Include
  C:/Users/admin/AppData/Local/Arm/Packs/Keil/STM32F4xx_DFP/2.17.1/Drivers/CMSIS/Device/ST/STM32F4xx/Include

<h2>Collection of Component Files used:</h2>

   * Component: ARM::CMSIS:CORE:5.6.0
      Include file:  CMSIS/Core/Include/tz_context.h
Build Time Elapsed:  00:00:06
</pre>
</body>
</html>
