<html>
<body>
<pre>
<h1>µVision Build Log</h1>
<h2>Tool Versions:</h2>
IDE-Version: µVision V5.38.0.0
Copyright (C) 2022 ARM Ltd and ARM Germany GmbH. All rights reserved.
License Information: tuan do, ABC, LIC=14HV2-9TT93-VE3HA-1JP7N-H1EV5-8YPT7
 
Tool Versions:
Toolchain:       MDK-ARM Plus  Version: 5.38.0.0
Toolchain Path:  C:\Keil_v5\ARM\ARMCLANG\Bin
C Compiler:      ArmClang.exe V6.19
Assembler:       Armasm.exe V6.19
Linker/Locator:  ArmLink.exe V6.19
Library Manager: ArmAr.exe V6.19
Hex Converter:   FromElf.exe V6.19
CPU DLL:         SARMCM3.DLL V5.38.0.0
Dialog DLL:      DCM.DLL V1.17.5.0
Target DLL:      STLink\ST-LINKIII-KEIL_SWO.dll V3.1.0.0
Dialog DLL:      TCM.DLL V1.56.4.0
 
<h2>Project:</h2>
D:\STM32\STM32_KEILC\_F103C8\UART_CLI\UART_CLI\MDK-ARM\UART_CLI.uvprojx
Project File Date:  09/06/2023

<h2>Output:</h2>
*** Using Compiler 'V6.19', folder: 'C:\Keil_v5\ARM\ARMCLANG\Bin'
Rebuild target 'UART_CLI'
assembling startup_stm32f103xb.s...
compiling stm32f1xx_hal_tim.c...
compiling stm32f1xx_hal_tim_ex.c...
compiling stm32f1xx_hal_gpio_ex.c...
compiling stm32f1xx_it.c...
compiling stm32f1xx_hal_msp.c...
compiling main.c...
compiling stm32f1xx_hal.c...
compiling stm32f1xx_hal_rcc_ex.c...
compiling stm32f1xx_hal_gpio.c...
compiling stm32f1xx_hal_cortex.c...
compiling stm32f1xx_hal_rcc.c...
compiling stm32f1xx_hal_dma.c...
compiling stm32f1xx_hal_pwr.c...
compiling stm32f1xx_hal_flash.c...
compiling stm32f1xx_hal_exti.c...
compiling stm32f1xx_hal_flash_ex.c...
compiling system_stm32f1xx.c...
../App/UART.c(38): warning: incompatible pointer types initializing 'const cli_command_infor_t *' with an expression of type 'const cli_command_func_t *' (aka 'void (*const *)(char **, unsigned char)') [-Wincompatible-pointer-types]
                                const cli_command_infor_t *command_infor = find_command_infor(argv[0]);
                                                           ^               ~~~~~~~~~~~~~~~~~~~~~~~~~~~
1 warning generated.
compiling UART.c...
compiling getTemp_CI.c...
compiling Sensor.c...
compiling Response_CI.c...
../App/cli_command.c(12): warning: incompatible pointer types returning 'const cli_command_infor_t *const' from a function with result type 'const cli_command_func_t *' (aka 'void (*const *)(char **, unsigned char)') [-Wincompatible-pointer-types]
                                                return command_entry->command_infor;
                                                       ^~~~~~~~~~~~~~~~~~~~~~~~~~~~
1 warning generated.
compiling cli_command.c...
compiling cli_command_table.c...
compiling stm32f1xx_hal_uart.c...
compiling setTemp_CI.c...
linking...
Program Size: Code=14024 RO-data=1112 RW-data=16 ZI-data=1832  
FromELF: creating hex file...
"UART_CLI\UART_CLI.axf" - 0 Error(s), 2 Warning(s).

<h2>Software Packages used:</h2>

Package Vendor: ARM
                http://www.keil.com/pack/ARM.CMSIS.5.9.0.pack
                ARM.CMSIS.5.9.0
                CMSIS (Common Microcontroller Software Interface Standard)
   * Component: CORE Version: 5.6.0

Package Vendor: Keil
                https://www.keil.com/pack/Keil.STM32F1xx_DFP.2.4.1.pack
                Keil.STM32F1xx_DFP.2.4.1
                STMicroelectronics STM32F1 Series Device Support, Drivers and Examples

<h2>Collection of Component include folders:</h2>
  ./RTE/_UART_CLI
  C:/Users/admin/AppData/Local/Arm/Packs/ARM/CMSIS/5.9.0/CMSIS/Core/Include
  C:/Users/admin/AppData/Local/Arm/Packs/Keil/STM32F1xx_DFP/2.4.1/Device/Include

<h2>Collection of Component Files used:</h2>

   * Component: ARM::CMSIS:CORE:5.6.0
      Include file:  CMSIS/Core/Include/tz_context.h
Build Time Elapsed:  00:00:01
</pre>
</body>
</html>
