<html>
<body>
<pre>
<h1>µVision Build Log</h1>
<h2>Tool Versions:</h2>
IDE-Version: µVision V5.38.0.0
Copyright (C) 2022 ARM Ltd and ARM Germany GmbH. All rights reserved.
License Information: tuan do, ABC, LIC=14HV2-9TT93-VE3HA-1JP7N-H1EV5-8YPT7
 
Tool Versions:
Toolchain:       MDK-ARM Plus  Version: 5.38.0.0
Toolchain Path:  C:\Keil_v5\ARM\ARMCLANG\Bin
C Compiler:      ArmClang.exe V6.19
Assembler:       Armasm.exe V6.19
Linker/Locator:  ArmLink.exe V6.19
Library Manager: ArmAr.exe V6.19
Hex Converter:   FromElf.exe V6.19
CPU DLL:         SARMCM3.DLL V5.38.0.0
Dialog DLL:      DCM.DLL V1.17.5.0
Target DLL:      STLink\ST-LINKIII-KEIL_SWO.dll V3.1.0.0
Dialog DLL:      TCM.DLL V1.56.4.0
 
<h2>Project:</h2>
D:\STM32\STM32_KEILC\F4_ETH_DWIN_SIM\MDK-ARM\F4_ETH_DWIN_SIM.uvprojx
Project File Date:  01/26/2024

<h2>Output:</h2>
*** Using Compiler 'V6.19', folder: 'C:\Keil_v5\ARM\ARMCLANG\Bin'
Build target 'F4_ETH_DWIN_SIM'
Note: source file '..\lwip-2.1.2\lwip-2.1.2\src\core\ipv4\autoip.c' - object file renamed from 'F4_ETH_DWIN_SIM\autoip.o' to 'F4_ETH_DWIN_SIM\autoip_1.o'.
Note: source file '..\lwip-2.1.2\lwip-2.1.2\src\core\ipv4\dhcp.c' - object file renamed from 'F4_ETH_DWIN_SIM\dhcp.o' to 'F4_ETH_DWIN_SIM\dhcp_1.o'.
Note: source file '..\lwip-2.1.2\lwip-2.1.2\src\core\ipv4\etharp.c' - object file renamed from 'F4_ETH_DWIN_SIM\etharp.o' to 'F4_ETH_DWIN_SIM\etharp_1.o'.
Note: source file '..\lwip-2.1.2\lwip-2.1.2\src\core\ipv4\icmp.c' - object file renamed from 'F4_ETH_DWIN_SIM\icmp.o' to 'F4_ETH_DWIN_SIM\icmp_1.o'.
Note: source file '..\lwip-2.1.2\lwip-2.1.2\src\core\ipv4\igmp.c' - object file renamed from 'F4_ETH_DWIN_SIM\igmp.o' to 'F4_ETH_DWIN_SIM\igmp_1.o'.
Note: source file '..\lwip-2.1.2\lwip-2.1.2\src\core\ipv4\ip4.c' - object file renamed from 'F4_ETH_DWIN_SIM\ip4.o' to 'F4_ETH_DWIN_SIM\ip4_1.o'.
Note: source file '..\lwip-2.1.2\lwip-2.1.2\src\core\ipv4\ip4_addr.c' - object file renamed from 'F4_ETH_DWIN_SIM\ip4_addr.o' to 'F4_ETH_DWIN_SIM\ip4_addr_1.o'.
Note: source file '..\lwip-2.1.2\lwip-2.1.2\src\core\ipv4\ip4_frag.c' - object file renamed from 'F4_ETH_DWIN_SIM\ip4_frag.o' to 'F4_ETH_DWIN_SIM\ip4_frag_1.o'.
compiling main.c...
linking...
Program Size: Code=21114 RO-data=1162 RW-data=12 ZI-data=2492  
FromELF: creating hex file...
"F4_ETH_DWIN_SIM\F4_ETH_DWIN_SIM.axf" - 0 Error(s), 0 Warning(s).

<h2>Software Packages used:</h2>

Package Vendor: ARM
                http://www.keil.com/pack/ARM.CMSIS.5.9.0.pack
                ARM.CMSIS.5.9.0
                CMSIS (Common Microcontroller Software Interface Standard)
   * Component: CORE Version: 5.6.0

Package Vendor: Keil
                https://www.keil.com/pack/Keil.STM32F4xx_DFP.2.17.1.pack
                Keil.STM32F4xx_DFP.2.17.1
                STMicroelectronics STM32F4 Series Device Support, Drivers and Examples

<h2>Collection of Component include folders:</h2>
  ./RTE/_F4_ETH_DWIN_SIM
  C:/Users/admin/AppData/Local/Arm/Packs/ARM/CMSIS/5.9.0/CMSIS/Core/Include
  C:/Users/admin/AppData/Local/Arm/Packs/Keil/STM32F4xx_DFP/2.17.1/Drivers/CMSIS/Device/ST/STM32F4xx/Include

<h2>Collection of Component Files used:</h2>

   * Component: ARM::CMSIS:CORE:5.6.0
Build Time Elapsed:  00:00:03
</pre>
</body>
</html>
