Component: Arm Compiler for Embedded 6.19 Tool: armlink [5e73cb00]

==============================================================================

Section Cross References

    startup_stm32f401xc.o(STACK) refers (Special) to heapauxi.o(.text) for __use_two_region_memory
    startup_stm32f401xc.o(HEAP) refers (Special) to heapauxi.o(.text) for __use_two_region_memory
    startup_stm32f401xc.o(RESET) refers (Special) to heapauxi.o(.text) for __use_two_region_memory
    startup_stm32f401xc.o(RESET) refers to startup_stm32f401xc.o(STACK) for __initial_sp
    startup_stm32f401xc.o(RESET) refers to startup_stm32f401xc.o(.text) for Reset_Handler
    startup_stm32f401xc.o(RESET) refers to stm32f4xx_it.o(.text.NMI_Handler) for NMI_Handler
    startup_stm32f401xc.o(RESET) refers to stm32f4xx_it.o(.text.HardFault_Handler) for HardFault_Handler
    startup_stm32f401xc.o(RESET) refers to stm32f4xx_it.o(.text.MemManage_Handler) for MemManage_Handler
    startup_stm32f401xc.o(RESET) refers to stm32f4xx_it.o(.text.BusFault_Handler) for BusFault_Handler
    startup_stm32f401xc.o(RESET) refers to stm32f4xx_it.o(.text.UsageFault_Handler) for UsageFault_Handler
    startup_stm32f401xc.o(RESET) refers to stm32f4xx_it.o(.text.SVC_Handler) for SVC_Handler
    startup_stm32f401xc.o(RESET) refers to stm32f4xx_it.o(.text.DebugMon_Handler) for DebugMon_Handler
    startup_stm32f401xc.o(RESET) refers to stm32f4xx_it.o(.text.PendSV_Handler) for PendSV_Handler
    startup_stm32f401xc.o(RESET) refers to stm32f4xx_it.o(.text.SysTick_Handler) for SysTick_Handler
    startup_stm32f401xc.o(RESET) refers to stm32f4xx_it.o(.text.EXTI0_IRQHandler) for EXTI0_IRQHandler
    startup_stm32f401xc.o(RESET) refers to stm32f4xx_it.o(.text.EXTI9_5_IRQHandler) for EXTI9_5_IRQHandler
    startup_stm32f401xc.o(RESET) refers to stm32f4xx_it.o(.text.TIM1_BRK_TIM9_IRQHandler) for TIM1_BRK_TIM9_IRQHandler
    startup_stm32f401xc.o(RESET) refers to stm32f4xx_it.o(.text.TIM1_UP_TIM10_IRQHandler) for TIM1_UP_TIM10_IRQHandler
    startup_stm32f401xc.o(RESET) refers to stm32f4xx_it.o(.text.TIM1_TRG_COM_TIM11_IRQHandler) for TIM1_TRG_COM_TIM11_IRQHandler
    startup_stm32f401xc.o(RESET) refers to stm32f4xx_it.o(.text.SPI1_IRQHandler) for SPI1_IRQHandler
    startup_stm32f401xc.o(RESET) refers to stm32f4xx_it.o(.text.DMA2_Stream3_IRQHandler) for DMA2_Stream3_IRQHandler
    startup_stm32f401xc.o(.text) refers (Special) to heapauxi.o(.text) for __use_two_region_memory
    startup_stm32f401xc.o(.text) refers to system_stm32f4xx.o(.text.SystemInit) for SystemInit
    startup_stm32f401xc.o(.text) refers to __main.o(!!!main) for __main
    startup_stm32f401xc.o(.text) refers to startup_stm32f401xc.o(HEAP) for Heap_Mem
    startup_stm32f401xc.o(.text) refers to startup_stm32f401xc.o(STACK) for Stack_Mem
    main.o(.text.HAL_TIM_PeriodElapsedCallback) refers to stm32f4xx_hal_gpio.o(.text.HAL_GPIO_TogglePin) for HAL_GPIO_TogglePin
    main.o(.text.HAL_TIM_PeriodElapsedCallback) refers to keypad_user.o(.text.handleKeypadInTimer) for handleKeypadInTimer
    main.o(.text.HAL_TIM_PeriodElapsedCallback) refers to keypad_user.o(.text.getKey) for getKey
    main.o(.text.HAL_TIM_PeriodElapsedCallback) refers to stm32f4xx_hal.o(.text.HAL_GetTick) for HAL_GetTick
    main.o(.text.HAL_TIM_PeriodElapsedCallback) refers to main.o(.text.OUTLINED_FUNCTION_3) for OUTLINED_FUNCTION_3
    main.o(.text.HAL_TIM_PeriodElapsedCallback) refers to main.o(.text.OUTLINED_FUNCTION_5) for OUTLINED_FUNCTION_5
    main.o(.text.HAL_TIM_PeriodElapsedCallback) refers to main.o(.text.OUTLINED_FUNCTION_0) for OUTLINED_FUNCTION_0
    main.o(.text.HAL_TIM_PeriodElapsedCallback) refers to dflt_clz.o(x$fpl$dfltu) for __aeabi_ui2d
    main.o(.text.HAL_TIM_PeriodElapsedCallback) refers to dmul.o(x$fpl$dmul) for __aeabi_dmul
    main.o(.text.HAL_TIM_PeriodElapsedCallback) refers to d2f.o(x$fpl$d2f) for __aeabi_d2f
    main.o(.text.HAL_TIM_PeriodElapsedCallback) refers to atoi.o(.text) for atoi
    main.o(.text.HAL_TIM_PeriodElapsedCallback) refers to dflt_clz.o(x$fpl$dflt) for __aeabi_i2d
    main.o(.text.HAL_TIM_PeriodElapsedCallback) refers to tim.o(.bss.htim10) for htim10
    main.o(.text.HAL_TIM_PeriodElapsedCallback) refers to main.o(.bss.dataUserInput) for dataUserInput
    main.o(.text.HAL_TIM_PeriodElapsedCallback) refers to main.o(.bss..L_MergedGlobals.1) for [Anonymous Symbol]
    main.o(.text.HAL_TIM_PeriodElapsedCallback) refers to main.o(.data..L_MergedGlobals) for [Anonymous Symbol]
    main.o(.text.HAL_TIM_PeriodElapsedCallback) refers to tim.o(.bss.htim11) for htim11
    main.o(.text.HAL_TIM_PeriodElapsedCallback) refers to button_user.o(.bss..L_MergedGlobals) for changeButton
    main.o(.ARM.exidx.text.HAL_TIM_PeriodElapsedCallback) refers to main.o(.text.HAL_TIM_PeriodElapsedCallback) for [Anonymous Symbol]
    main.o(.text.HAL_GPIO_EXTI_Callback) refers to encoder.o(.text.handleInterruptEncoder) for handleInterruptEncoder
[...]
    Button_Init                              0x08001417   Thumb Code    22  button.o(.text.Button_Init)
    DMA2_Stream3_IRQHandler                  0x0800142d   Thumb Code     8  stm32f4xx_it.o(.text.DMA2_Stream3_IRQHandler)
    DebugMon_Handler                         0x0800148b   Thumb Code     2  stm32f4xx_it.o(.text.DebugMon_Handler)
    EXTI0_IRQHandler                         0x0800148d   Thumb Code     6  stm32f4xx_it.o(.text.EXTI0_IRQHandler)
    EXTI9_5_IRQHandler                       0x08001493   Thumb Code     6  stm32f4xx_it.o(.text.EXTI9_5_IRQHandler)
    Error_Handler                            0x08001499   Thumb Code     4  main.o(.text.Error_Handler)
    FLASH_Erase_Sector                       0x0800149d   Thumb Code    56  stm32f4xx_hal_flash_ex.o(.text.FLASH_Erase_Sector)
    FLASH_WaitForLastOperation               0x080015dd   Thumb Code    76  stm32f4xx_hal_flash.o(.text.FLASH_WaitForLastOperation)
    Flash_Read_Array                         0x08001631   Thumb Code    20  flash.o(.text.Flash_Read_Array)
    Flash_Read_Struct_Setting                0x08001645   Thumb Code     4  flash_user.o(.text.Flash_Read_Struct_Setting)
    Flash_Write_Array                        0x08001649   Thumb Code    64  flash.o(.text.Flash_Write_Array)
    Flash_Write_Struct_Setting               0x08001689   Thumb Code    20  flash_user.o(.text.Flash_Write_Struct_Setting)
    HAL_DMA_Abort_IT                         0x0800169d   Thumb Code    36  stm32f4xx_hal_dma.o(.text.HAL_DMA_Abort_IT)
    HAL_DMA_IRQHandler                       0x080016c1   Thumb Code   344  stm32f4xx_hal_dma.o(.text.HAL_DMA_IRQHandler)
    HAL_DMA_Init                             0x0800181d   Thumb Code   252  stm32f4xx_hal_dma.o(.text.HAL_DMA_Init)
    HAL_DMA_Start_IT                         0x0800191d   Thumb Code    92  stm32f4xx_hal_dma.o(.text.HAL_DMA_Start_IT)
    HAL_Delay                                0x08001979   Thumb Code    32  stm32f4xx_hal.o(.text.HAL_Delay)
    HAL_FLASH_Lock                           0x08001999   Thumb Code    16  stm32f4xx_hal_flash.o(.text.HAL_FLASH_Lock)
    HAL_FLASH_Program                        0x080019a9   Thumb Code   124  stm32f4xx_hal_flash.o(.text.HAL_FLASH_Program)
    HAL_FLASH_Unlock                         0x08001a2d   Thumb Code    28  stm32f4xx_hal_flash.o(.text.HAL_FLASH_Unlock)
    HAL_GPIO_EXTI_Callback                   0x08001a55   Thumb Code    52  main.o(.text.HAL_GPIO_EXTI_Callback)
    HAL_GPIO_EXTI_IRQHandler                 0x08001a91   Thumb Code    16  stm32f4xx_hal_gpio.o(.text.HAL_GPIO_EXTI_IRQHandler)
    HAL_GPIO_Init                            0x08001aa5   Thumb Code   380  stm32f4xx_hal_gpio.o(.text.HAL_GPIO_Init)
    HAL_GPIO_ReadPin                         0x08001c39   Thumb Code    10  stm32f4xx_hal_gpio.o(.text.HAL_GPIO_ReadPin)
    HAL_GPIO_TogglePin                       0x08001c43   Thumb Code    16  stm32f4xx_hal_gpio.o(.text.HAL_GPIO_TogglePin)
    HAL_GPIO_WritePin                        0x08001c53   Thumb Code    10  stm32f4xx_hal_gpio.o(.text.HAL_GPIO_WritePin)
    HAL_GetTick                              0x08001c5d   Thumb Code     8  stm32f4xx_hal.o(.text.HAL_GetTick)
    HAL_IncTick                              0x08001c65   Thumb Code    16  stm32f4xx_hal.o(.text.HAL_IncTick)
    HAL_Init                                 0x08001c79   Thumb Code    48  stm32f4xx_hal.o(.text.HAL_Init)
    HAL_InitTick                             0x08001cad   Thumb Code    56  stm32f4xx_hal.o(.text.HAL_InitTick)
    HAL_MspInit                              0x08001ce9   Thumb Code    52  stm32f4xx_hal_msp.o(.text.HAL_MspInit)
    HAL_NVIC_EnableIRQ                       0x08001d21   Thumb Code    32  stm32f4xx_hal_cortex.o(.text.HAL_NVIC_EnableIRQ)
    HAL_NVIC_SetPriority                     0x08001d45   Thumb Code    72  stm32f4xx_hal_cortex.o(.text.HAL_NVIC_SetPriority)
    HAL_NVIC_SetPriorityGrouping             0x08001d91   Thumb Code    24  stm32f4xx_hal_cortex.o(.text.HAL_NVIC_SetPriorityGrouping)
    HAL_RCC_ClockConfig                      0x08001db1   Thumb Code   264  stm32f4xx_hal_rcc.o(.text.HAL_RCC_ClockConfig)
    HAL_RCC_GetSysClockFreq                  0x08001ec9   Thumb Code    80  stm32f4xx_hal_rcc.o(.text.HAL_RCC_GetSysClockFreq)
    HAL_RCC_OscConfig                        0x08001f25   Thumb Code   796  stm32f4xx_hal_rcc.o(.text.HAL_RCC_OscConfig)
    HAL_SPI_ErrorCallback                    0x0800224d   Thumb Code     2  stm32f4xx_hal_spi.o(.text.HAL_SPI_ErrorCallback)
    HAL_SPI_IRQHandler                       0x08002251   Thumb Code   240  stm32f4xx_hal_spi.o(.text.HAL_SPI_IRQHandler)
    HAL_SPI_Init                             0x08002345   Thumb Code   178  stm32f4xx_hal_spi.o(.text.HAL_SPI_Init)
    HAL_SPI_MspInit                          0x080023f9   Thumb Code   156  spi.o(.text.HAL_SPI_MspInit)
    HAL_SPI_Transmit                         0x080024a5   Thumb Code   284  stm32f4xx_hal_spi.o(.text.HAL_SPI_Transmit)
    HAL_SPI_Transmit_DMA                     0x080025c1   Thumb Code   152  stm32f4xx_hal_spi.o(.text.HAL_SPI_Transmit_DMA)
    HAL_SPI_TxCpltCallback                   0x08002665   Thumb Code     2  stm32f4xx_hal_spi.o(.text.HAL_SPI_TxCpltCallback)
    HAL_SPI_TxHalfCpltCallback               0x08002667   Thumb Code     2  stm32f4xx_hal_spi.o(.text.HAL_SPI_TxHalfCpltCallback)
    HAL_SYSTICK_Config                       0x08002669   Thumb Code    32  stm32f4xx_hal_cortex.o(.text.HAL_SYSTICK_Config)
    HAL_TIMEx_BreakCallback                  0x08002691   Thumb Code     2  stm32f4xx_hal_tim_ex.o(.text.HAL_TIMEx_BreakCallback)
    HAL_TIMEx_CommutCallback                 0x08002693   Thumb Code     2  stm32f4xx_hal_tim_ex.o(.text.HAL_TIMEx_CommutCallback)
    HAL_TIM_Base_Init                        0x08002695   Thumb Code    30  stm32f4xx_hal_tim.o(.text.HAL_TIM_Base_Init)
    HAL_TIM_Base_MspInit                     0x080026b5   Thumb Code   128  tim.o(.text.HAL_TIM_Base_MspInit)
    HAL_TIM_Base_Start_IT                    0x08002741   Thumb Code    88  stm32f4xx_hal_tim.o(.text.HAL_TIM_Base_Start_IT)
    HAL_TIM_ConfigClockSource                0x080027ad   Thumb Code   180  stm32f4xx_hal_tim.o(.text.HAL_TIM_ConfigClockSource)
    HAL_TIM_IC_CaptureCallback               0x08002861   Thumb Code     2  stm32f4xx_hal_tim.o(.text.HAL_TIM_IC_CaptureCallback)
    HAL_TIM_IRQHandler                       0x08002863   Thumb Code   266  stm32f4xx_hal_tim.o(.text.HAL_TIM_IRQHandler)
    HAL_TIM_OC_DelayElapsedCallback          0x0800296d   Thumb Code     2  stm32f4xx_hal_tim.o(.text.HAL_TIM_OC_DelayElapsedCallback)
    HAL_TIM_PWM_PulseFinishedCallback        0x0800296f   Thumb Code     2  stm32f4xx_hal_tim.o(.text.HAL_TIM_PWM_PulseFinishedCallback)
    HAL_TIM_PeriodElapsedCallback            0x08002971   Thumb Code  1008  main.o(.text.HAL_TIM_PeriodElapsedCallback)
    HAL_TIM_TriggerCallback                  0x08002d81   Thumb Code     2  stm32f4xx_hal_tim.o(.text.HAL_TIM_TriggerCallback)
    HardFault_Handler                        0x08002d83   Thumb Code     2  stm32f4xx_it.o(.text.HardFault_Handler)
    HighlightSlot                            0x08002d85   Thumb Code    88  ili9431_user.o(.text.HighlightSlot)
    ILI9341_Draw_Char                        0x08002de1   Thumb Code   136  ili9341_gfx.o(.text.ILI9341_Draw_Char)
    ILI9341_Draw_Colour_Burst                0x08002e69   Thumb Code   152  ili9341_stm32_driver.o(.text.ILI9341_Draw_Colour_Burst)
    ILI9341_Draw_Filled_Circle               0x08002f05   Thumb Code   170  ili9341_gfx.o(.text.ILI9341_Draw_Filled_Circle)
    ILI9341_Draw_Filled_Rectangle_Coord      0x08002faf   Thumb Code    40  ili9341_gfx.o(.text.ILI9341_Draw_Filled_Rectangle_Coord)
    ILI9341_Draw_Hollow_Circle               0x08002fd9   Thumb Code   224  ili9341_gfx.o(.text.ILI9341_Draw_Hollow_Circle)
    ILI9341_Draw_Hollow_Rectangle_Coord      0x080030bd   Thumb Code   106  ili9341_gfx.o(.text.ILI9341_Draw_Hollow_Rectangle_Coord)
    ILI9341_Draw_Horizontal_Line             0x08003129   Thumb Code    64  ili9341_stm32_driver.o(.text.ILI9341_Draw_Horizontal_Line)
    ILI9341_Draw_Image                       0x08003169   Thumb Code   320  ili9341_gfx.o(.text.ILI9341_Draw_Image)
    ILI9341_Draw_Line                        0x080032b1   Thumb Code   260  ili9341_stm32_driver.o(.text.ILI9341_Draw_Line)
    ILI9341_Draw_Pixel                       0x080033b5   Thumb Code   224  ili9341_stm32_driver.o(.text.ILI9341_Draw_Pixel)
    ILI9341_Draw_Rectangle                   0x080034a1   Thumb Code    84  ili9341_stm32_driver.o(.text.ILI9341_Draw_Rectangle)
    ILI9341_Draw_Text                        0x080034f9   Thumb Code    88  ili9341_gfx.o(.text.ILI9341_Draw_Text)
    ILI9341_Draw_Vertical_Line               0x08003555   Thumb Code    64  ili9341_stm32_driver.o(.text.ILI9341_Draw_Vertical_Line)
    ILI9341_Enable                           0x08003595   Thumb Code    12  ili9341_stm32_driver.o(.text.ILI9341_Enable)
    ILI9341_Fill_Screen                      0x080035a5   Thumb Code    36  ili9341_stm32_driver.o(.text.ILI9341_Fill_Screen)
    ILI9341_Init                             0x080035cd   Thumb Code   372  ili9341_stm32_driver.o(.text.ILI9341_Init)
    ILI9341_Reset                            0x08003741   Thumb Code    44  ili9341_stm32_driver.o(.text.ILI9341_Reset)
    ILI9341_SPI_Init                         0x08003771   Thumb Code    32  ili9341_stm32_driver.o(.text.ILI9341_SPI_Init)
    ILI9341_SPI_Send                         0x08003795   Thumb Code    20  ili9341_stm32_driver.o(.text.ILI9341_SPI_Send)
    ILI9341_Set_Address                      0x080037ad   Thumb Code    72  ili9341_stm32_driver.o(.text.ILI9341_Set_Address)
    ILI9341_Set_Rotation                     0x080037fd   Thumb Code    56  ili9341_stm32_driver.o(.text.ILI9341_Set_Rotation)
    ILI9341_Write_Command                    0x0800384d   Thumb Code    44  ili9341_stm32_driver.o(.text.ILI9341_Write_Command)
    ILI9341_Write_Data                       0x08003879   Thumb Code    44  ili9341_stm32_driver.o(.text.ILI9341_Write_Data)
    KEYPAD_Init                              0x080038ad   Thumb Code   292  keypad.o(.text.KEYPAD_Init)
    KEYPAD_Scan                              0x080039e1   Thumb Code  1400  keypad.o(.text.KEYPAD_Scan)
    MX_DMA_Init                              0x08003f65   Thumb Code    48  dma.o(.text.MX_DMA_Init)
    MX_GPIO_Init                             0x08003f95   Thumb Code   308  gpio.o(.text.MX_GPIO_Init)
    MX_SPI1_Init                             0x080040d9   Thumb Code    60  spi.o(.text.MX_SPI1_Init)
    MX_TIM10_Init                            0x0800411d   Thumb Code    28  tim.o(.text.MX_TIM10_Init)
    MX_TIM11_Init                            0x08004141   Thumb Code    32  tim.o(.text.MX_TIM11_Init)
    MX_TIM9_Init                             0x08004169   Thumb Code    56  tim.o(.text.MX_TIM9_Init)
    MemManage_Handler                        0x080041a9   Thumb Code     2  stm32f4xx_it.o(.text.MemManage_Handler)
    NMI_Handler                              0x080041ab   Thumb Code     2  stm32f4xx_it.o(.text.NMI_Handler)
    PendSV_Handler                           0x0800462d   Thumb Code     2  stm32f4xx_it.o(.text.PendSV_Handler)
    SPI1_IRQHandler                          0x08004631   Thumb Code     8  stm32f4xx_it.o(.text.SPI1_IRQHandler)
    SVC_Handler                              0x080047e1   Thumb Code     2  stm32f4xx_it.o(.text.SVC_Handler)
    SysTick_Handler                          0x080047e3   Thumb Code     4  stm32f4xx_it.o(.text.SysTick_Handler)
    SystemClock_Config                       0x080047e9   Thumb Code   144  main.o(.text.SystemClock_Config)
    SystemInit                               0x08004881   Thumb Code    12  system_stm32f4xx.o(.text.SystemInit)
    TIM1_BRK_TIM9_IRQHandler                 0x08004891   Thumb Code     8  stm32f4xx_it.o(.text.TIM1_BRK_TIM9_IRQHandler)
    TIM1_TRG_COM_TIM11_IRQHandler            0x0800489d   Thumb Code     8  stm32f4xx_it.o(.text.TIM1_TRG_COM_TIM11_IRQHandler)
    TIM1_UP_TIM10_IRQHandler                 0x080048a9   Thumb Code     8  stm32f4xx_it.o(.text.TIM1_UP_TIM10_IRQHandler)
    TIM_Base_SetConfig                       0x080048b5   Thumb Code   136  stm32f4xx_hal_tim.o(.text.TIM_Base_SetConfig)
    UTF8_GetAddr                             0x080049a1   Thumb Code   100  ili9341_gfx.o(.text.UTF8_GetAddr)
    UsageFault_Handler                       0x08004a09   Thumb Code     2  stm32f4xx_it.o(.text.UsageFault_Handler)
    bt_handle                                0x08004a0b   Thumb Code   138  button.o(.text.bt_handle)
    bt_press_callback                        0x08004a99   Thumb Code   368  button_user.o(.text.bt_press_callback)
    bt_press_timout_callback                 0x08004c29   Thumb Code   208  button_user.o(.text.bt_press_timout_callback)
    bt_release_callback                      0x08004d09   Thumb Code     2  button.o(.text.bt_release_callback)
    buttonHandle                             0x08004d0d   Thumb Code    24  button_user.o(.text.buttonHandle)
    cheater                                  0x08004d29   Thumb Code    26  ili9431_user.o(.text.cheater)
    clearLCD                                 0x08004d43   Thumb Code     8  ili9431_user.o(.text.clearLCD)
    comfirmDataSetting                       0x08004d4d   Thumb Code    60  savetoflash.o(.text.comfirmDataSetting)
    convertToArray1D                         0x08004d9d   Thumb Code    46  button_user.o(.text.convertToArray1D)
    decrese_callback                         0x08004dd1   Thumb Code   348  main.o(.text.decrese_callback)
    encoderRotation                          0x08004f31   Thumb Code  1148  ili9431_user.o(.text.encoderRotation)
    fncAngleInMain                           0x080053ad   Thumb Code    26  ili9431_user.o(.text.fncAngleInMain)
    fncFloorInMain                           0x080053c7   Thumb Code    26  ili9431_user.o(.text.fncFloorInMain)
    getKey                                   0x080053e1   Thumb Code   200  keypad_user.o(.text.getKey)
    getSector                                0x080054ad   Thumb Code   100  flash.o(.text.getSector)
    handRotation                             0x08005519   Thumb Code    40  ili9431_user.o(.text.handRotation)
    handleInterruptEncoder                   0x08005541   Thumb Code    92  encoder.o(.text.handleInterruptEncoder)
    handleKeypadInTimer                      0x080055a1   Thumb Code     6  keypad_user.o(.text.handleKeypadInTimer)
    increse_callback                         0x080055a9   Thumb Code   364  main.o(.text.increse_callback)
    initButton                               0x08005715   Thumb Code    36  button_user.o(.text.initButton)
    initILI                                  0x08005741   Thumb Code    24  ili9431_user.o(.text.initILI)
    initKeypad                               0x08005759   Thumb Code    20  keypad_user.o(.text.initKeypad)
    initStep                                 0x08005775   Thumb Code    60  step_user.o(.text.initStep)
    inputTotalPage                           0x080057c1   Thumb Code   236  ili9431_user.o(.text.inputTotalPage)
    main                                     0x080058fd   Thumb Code  1324  main.o(.text.main)
    pageInRotation                           0x08005e45   Thumb Code   324  ili9431_user.o(.text.pageInRotation)
    pageInSetup                              0x08005fd5   Thumb Code   632  ili9431_user.o(.text.pageInSetup)
    readDataSetting                          0x080062f9   Thumb Code    24  savetoflash.o(.text.readDataSetting)
    read_font                                0x08006311   Thumb Code    46  ili9341_gfx.o(.text.read_font)
    refreshDataSetting                       0x08006341   Thumb Code    72  savetoflash.o(.text.refreshDataSetting)
    setSpeedStep                             0x08006399   Thumb Code    52  step_user.o(.text.setSpeedStep)
    setupParameter                           0x080063d5   Thumb Code    40  ili9431_user.o(.text.setupParameter)
    stepAngle                                0x08006401   Thumb Code   136  step_user.o(.text.stepAngle)
    writeDataSetting                         0x0800649d   Thumb Code    28  savetoflash.o(.text.writeDataSetting)
    _btod_d2e                                0x080064bd   Thumb Code    62  btod.o(CL$$btod_d2e)
    _d2e_denorm_low                          0x080064fb   Thumb Code    70  btod.o(CL$$btod_d2e_denorm_low)
    _d2e_norm_op1                            0x08006541   Thumb Code    96  btod.o(CL$$btod_d2e_norm_op1)
    __btod_div_common                        0x080065a1   Thumb Code   696  btod.o(CL$$btod_div_common)
    _e2e                                     0x080068d9   Thumb Code   220  btod.o(CL$$btod_e2e)
    _btod_ediv                               0x080069b5   Thumb Code    42  btod.o(CL$$btod_ediv)
    _btod_emul                               0x080069df   Thumb Code    42  btod.o(CL$$btod_emul)
    __btod_mult_common                       0x08006a09   Thumb Code   580  btod.o(CL$$btod_mult_common)
    __ARM_fpclassify                         0x08006c4d   Thumb Code    48  fpclassify.o(i.__ARM_fpclassify)
    __hardfp_cos                             0x08006c81   Thumb Code   180  cos.o(i.__hardfp_cos)
    __hardfp_sin                             0x08006d49   Thumb Code   180  sin.o(i.__hardfp_sin)
    __ieee754_rem_pio2                       0x08006e11   Thumb Code   938  rred.o(i.__ieee754_rem_pio2)
    __kernel_cos                             0x08007249   Thumb Code   322  cos_i.o(i.__kernel_cos)
    __kernel_poly                            0x080073b9   Thumb Code   248  poly.o(i.__kernel_poly)
    __kernel_sin                             0x080074b1   Thumb Code   280  sin_i.o(i.__kernel_sin)
    __mathlib_dbl_infnan                     0x080075e1   Thumb Code    20  dunder.o(i.__mathlib_dbl_infnan)
    __mathlib_dbl_invalid                    0x080075f9   Thumb Code    24  dunder.o(i.__mathlib_dbl_invalid)
    __mathlib_dbl_underflow                  0x08007619   Thumb Code    24  dunder.o(i.__mathlib_dbl_underflow)
    _is_digit                                0x08007639   Thumb Code    14  __printf_wp.o(i._is_digit)
    fabs                                     0x08007647   Thumb Code    24  fabs.o(i.fabs)
    _get_lc_numeric                          0x08007661   Thumb Code    44  lc_numeric_c.o(locale$$code)
    _get_lc_ctype                            0x0800768d   Thumb Code    44  lc_ctype_c.o(locale$$code)
    __aeabi_dneg                             0x080076b9   Thumb Code     0  basic.o(x$fpl$basic)
    _dneg                                    0x080076b9   Thumb Code     6  basic.o(x$fpl$basic)
    __aeabi_fneg                             0x080076bf   Thumb Code     0  basic.o(x$fpl$basic)
    _fneg                                    0x080076bf   Thumb Code     6  basic.o(x$fpl$basic)
    _dabs                                    0x080076c5   Thumb Code     6  basic.o(x$fpl$basic)
    _fabs                                    0x080076cb   Thumb Code     6  basic.o(x$fpl$basic)
    __aeabi_d2f                              0x080076d1   Thumb Code     0  d2f.o(x$fpl$d2f)
    _d2f                                     0x080076d1   Thumb Code    98  d2f.o(x$fpl$d2f)
    __aeabi_dadd                             0x08007735   Thumb Code     0  daddsub_clz.o(x$fpl$dadd)
    _dadd                                    0x08007735   Thumb Code   332  daddsub_clz.o(x$fpl$dadd)
    __fpl_dcmp_Inf                           0x08007885   Thumb Code    24  dcmpi.o(x$fpl$dcmpinf)
    __aeabi_ddiv                             0x0800789d   Thumb Code     0  ddiv.o(x$fpl$ddiv)
    _ddiv                                    0x0800789d   Thumb Code   556  ddiv.o(x$fpl$ddiv)
    __aeabi_cdcmpeq                          0x08007b51   Thumb Code     0  deqf.o(x$fpl$deqf)
    _dcmpeq                                  0x08007b51   Thumb Code   120  deqf.o(x$fpl$deqf)
    __aeabi_d2iz                             0x08007bc9   Thumb Code     0  dfix.o(x$fpl$dfix)
    _dfix                                    0x08007bc9   Thumb Code    94  dfix.o(x$fpl$dfix)
    __aeabi_d2uiz                            0x08007c29   Thumb Code     0  dfixu.o(x$fpl$dfixu)
    _dfixu                                   0x08007c29   Thumb Code    90  dfixu.o(x$fpl$dfixu)
    __aeabi_i2d                              0x08007c83   Thumb Code     0  dflt_clz.o(x$fpl$dflt)
    _dflt                                    0x08007c83   Thumb Code    46  dflt_clz.o(x$fpl$dflt)
    __aeabi_ui2d                             0x08007cb1   Thumb Code     0  dflt_clz.o(x$fpl$dfltu)
    _dfltu                                   0x08007cb1   Thumb Code    38  dflt_clz.o(x$fpl$dfltu)
    __aeabi_cdcmpge                          0x08007cd9   Thumb Code     0  dgeqf.o(x$fpl$dgeqf)
    _dcmpge                                  0x08007cd9   Thumb Code   120  dgeqf.o(x$fpl$dgeqf)
    __aeabi_cdcmple                          0x08007d51   Thumb Code     0  dleqf.o(x$fpl$dleqf)
    _dcmple                                  0x08007d51   Thumb Code   120  dleqf.o(x$fpl$dleqf)
    __fpl_dcmple_InfNaN                      0x08007db3   Thumb Code     0  dleqf.o(x$fpl$dleqf)
    __aeabi_dmul                             0x08007dc9   Thumb Code     0  dmul.o(x$fpl$dmul)
    _dmul                                    0x08007dc9   Thumb Code   332  dmul.o(x$fpl$dmul)
    __fpl_dnaninf                            0x08007f1d   Thumb Code   156  dnaninf.o(x$fpl$dnaninf)
    __fpl_dretinf                            0x08007fb9   Thumb Code    12  dretinf.o(x$fpl$dretinf)
    __aeabi_drsub                            0x08007fc5   Thumb Code     0  daddsub_clz.o(x$fpl$drsb)
    _drsb                                    0x08007fc5   Thumb Code    22  daddsub_clz.o(x$fpl$drsb)
    __aeabi_dsub                             0x08007fdd   Thumb Code     0  daddsub_clz.o(x$fpl$dsub)
    _dsub                                    0x08007fdd   Thumb Code   472  daddsub_clz.o(x$fpl$dsub)
    __aeabi_f2d                              0x080081b9   Thumb Code     0  f2d.o(x$fpl$f2d)
    _f2d                                     0x080081b9   Thumb Code    86  f2d.o(x$fpl$f2d)
    __aeabi_dcmpeq                           0x0800820f   Thumb Code     0  dcmp.o(x$fpl$fcmp)
    _deq                                     0x0800820f   Thumb Code    14  dcmp.o(x$fpl$fcmp)
    _dneq                                    0x0800821d   Thumb Code    14  dcmp.o(x$fpl$fcmp)
    __aeabi_dcmpgt                           0x0800822b   Thumb Code     0  dcmp.o(x$fpl$fcmp)
    _dgr                                     0x0800822b   Thumb Code    14  dcmp.o(x$fpl$fcmp)
    __aeabi_dcmpge                           0x08008239   Thumb Code     0  dcmp.o(x$fpl$fcmp)
    _dgeq                                    0x08008239   Thumb Code    14  dcmp.o(x$fpl$fcmp)
    __aeabi_dcmple                           0x08008247   Thumb Code     0  dcmp.o(x$fpl$fcmp)
    _dleq                                    0x08008247   Thumb Code    14  dcmp.o(x$fpl$fcmp)
    __aeabi_dcmplt                           0x08008255   Thumb Code     0  dcmp.o(x$fpl$fcmp)
    _dls                                     0x08008255   Thumb Code    14  dcmp.o(x$fpl$fcmp)
    __fpl_fnaninf                            0x08008263   Thumb Code   140  fnaninf.o(x$fpl$fnaninf)
    _fp_init                                 0x080082ef   Thumb Code    26  fpinit.o(x$fpl$fpinit)
    __fplib_config_fpu_vfp                   0x08008307   Thumb Code     0  fpinit.o(x$fpl$fpinit)
    __fplib_config_pureend_doubles           0x08008307   Thumb Code     0  fpinit.o(x$fpl$fpinit)
    __fpl_fretinf                            0x08008309   Thumb Code    10  fretinf.o(x$fpl$fretinf)
    _printf_fp_dec                           0x08008313   Thumb Code     4  printf1.o(x$fpl$printf1)
    __I$use$fp                               0x08008316   Number         0  usenofp.o(x$fpl$usenofp)
    AHBPrescTable                            0x080084e4   Data          16  system_stm32f4xx.o(.rodata.AHBPrescTable)
    KEYPAD_CfgParam                          0x080084f4   Data          48  keypad_cfg.o(.rodata.KEYPAD_CfgParam)
    Region$$Table$$Base                      0x0802f5cc   Number         0  anon$$obj.o(Region$$Table)
    Region$$Table$$Limit                     0x0802f5ec   Number         0  anon$$obj.o(Region$$Table)
    __ctype                                  0x0802f615   Data           0  lc_ctype_c.o(locale$$data)
    screenCurr                               0x20000000   Data           1  main.o(.data..L_MergedGlobals)
    screenPrev                               0x20000001   Data           1  main.o(.data..L_MergedGlobals)
    uwTickFreq                               0x20000004   Data           1  stm32f4xx_hal.o(.data..L_MergedGlobals)
    uwTickPrio                               0x20000008   Data           4  stm32f4xx_hal.o(.data..L_MergedGlobals)
    LCD_HEIGHT                               0x2000000c   Data           2  ili9341_stm32_driver.o(.data..L_MergedGlobals)
    LCD_WIDTH                                0x2000000e   Data           2  ili9341_stm32_driver.o(.data..L_MergedGlobals)
    osx                                      0x20000010   Data           2  ili9431_user.o(.data..L_MergedGlobals)
    osy                                      0x20000012   Data           2  ili9431_user.o(.data..L_MergedGlobals)
    SystemCoreClock                          0x20000014   Data           4  system_stm32f4xx.o(.data.SystemCoreClock)
    handleScreen                             0x20000018   Data          32  ili9431_user.o(.data.handleScreen)
    key                                      0x20000038   Data          16  keypad_user.o(.data.key)
    __libspace_start                         0x20000048   Data          96  libspace.o(.bss)
    __temporary_stack_top$libspace           0x200000a8   Data           0  libspace.o(.bss)
    changeButton                             0x200000a8   Data           1  button_user.o(.bss..L_MergedGlobals)
    bt_down                                  0x200000ac   Data          24  button_user.o(.bss..L_MergedGlobals)
    bt_up                                    0x200000c4   Data          24  button_user.o(.bss..L_MergedGlobals)
    isRun                                    0x200000e0   Data           1  main.o(.bss..L_MergedGlobals.1)
    keyPressCurr                             0x200000e1   Data           1  main.o(.bss..L_MergedGlobals.1)
    keyPressLast                             0x200000e2   Data           1  main.o(.bss..L_MergedGlobals.1)
    check                                    0x200000e3   Data           1  main.o(.bss..L_MergedGlobals.1)
    stateSaveSetup                           0x200000e4   Data           1  main.o(.bss..L_MergedGlobals.1)
    changeEncoder1                           0x200000e5   Data           1  main.o(.bss..L_MergedGlobals.1)
    changeEncoder2                           0x200000e6   Data           1  main.o(.bss..L_MergedGlobals.1)
    stateSaveRotation                        0x200000e7   Data           1  main.o(.bss..L_MergedGlobals.1)
    pulseStep                                0x200000e8   Data           4  main.o(.bss..L_MergedGlobals.1)
    arrayRotationR                           0x200000ec   Data           4  main.o(.bss..L_MergedGlobals.1)
    arrayRotationW                           0x200000f0   Data           4  main.o(.bss..L_MergedGlobals.1)
    dataPageW                                0x200000f4   Data           7  main.o(.bss..L_MergedGlobals.1)
    timeKeyPad                               0x20000100   Data           8  main.o(.bss..L_MergedGlobals.1)
    timeLed                                  0x20000108   Data           8  main.o(.bss..L_MergedGlobals.1)
    dataWriteFlash                           0x20000110   Data           9  main.o(.bss..L_MergedGlobals.1)
    dataReadFlash                            0x20000119   Data           9  main.o(.bss..L_MergedGlobals.1)
    x0                                       0x20000124   Data           2  ili9431_user.o(.bss..L_MergedGlobals.22)
    yy0                                      0x20000126   Data           2  ili9431_user.o(.bss..L_MergedGlobals.22)
    x1                                       0x20000128   Data           2  ili9431_user.o(.bss..L_MergedGlobals.22)
    yy1                                      0x2000012a   Data           2  ili9431_user.o(.bss..L_MergedGlobals.22)
    angleInput                               0x2000012c   Data           4  ili9431_user.o(.bss..L_MergedGlobals.22)
    sdeg                                     0x20000130   Data           4  ili9431_user.o(.bss..L_MergedGlobals.22)
    sx                                       0x20000134   Data           4  ili9431_user.o(.bss..L_MergedGlobals.22)
    sy                                       0x20000138   Data           4  ili9431_user.o(.bss..L_MergedGlobals.22)
    dataUserInput                            0x2000013c   Data          60  main.o(.bss.dataUserInput)
    hdma_spi1_tx                             0x2000017c   Data          96  spi.o(.bss.hdma_spi1_tx)
    hspi1                                    0x200001dc   Data          88  spi.o(.bss.hspi1)
    htim10                                   0x20000234   Data          72  tim.o(.bss.htim10)
    htim11                                   0x2000027c   Data          72  tim.o(.bss.htim11)
    htim9                                    0x200002c4   Data          72  tim.o(.bss.htim9)
    inforStep                                0x2000030c   Data          16  step_user.o(.bss.inforStep)
    pFlash                                   0x2000031c   Data          32  stm32f4xx_hal_flash.o(.bss.pFlash)
    u8_KeyStatesArr                          0x20000348   Data          16  keypad_user.o(.bss.u8_KeyStatesArr)
    utf8_addr                                0x20000358   Data           2  ili9341_gfx.o(.bss.utf8_addr)
    uwTick                                   0x2000035c   Data           4  stm32f4xx_hal.o(.bss.uwTick)



==============================================================================

Memory Map of the image

  Image Entry point : 0x08000195

  Load Region LR_IROM1 (Base: 0x08000000, Size: 0x0002f760, Max: 0x00040000, ABSOLUTE)

    Execution Region ER_IROM1 (Exec base: 0x08000000, Load base: 0x08000000, Size: 0x0002f718, Max: 0x00040000, ABSOLUTE)

    Exec Addr    Load Addr    Size         Type   Attr      Idx    E Section Name        Object

    0x08000000   0x08000000   0x00000194   Data   RO            3    RESET               startup_stm32f401xc.o
    0x08000194   0x08000194   0x00000008   Code   RO         1776  * !!!main             c_w.l(__main.o)
    0x0800019c   0x0800019c   0x00000034   Code   RO         2176    !!!scatter          c_w.l(__scatter.o)
    0x080001d0   0x080001d0   0x0000001a   Code   RO         2178    !!handler_copy      c_w.l(__scatter_copy.o)
    0x080001ea   0x080001ea   0x00000002   PAD
    0x080001ec   0x080001ec   0x0000001c   Code   RO         2180    !!handler_zi        c_w.l(__scatter_zi.o)
    0x08000208   0x08000208   0x00000000   Code   RO         1762    .ARM.Collect$$_printf_percent$$00000000  c_w.l(_printf_percent.o)
    0x08000208   0x08000208   0x00000006   Code   RO         1761    .ARM.Collect$$_printf_percent$$00000003  c_w.l(_printf_f.o)
    0x0800020e   0x0800020e   0x0000000a   Code   RO         1872    .ARM.Collect$$_printf_percent$$00000007  c_w.l(_printf_ll.o)
    0x08000218   0x08000218   0x00000006   Code   RO         1760    .ARM.Collect$$_printf_percent$$00000009  c_w.l(_printf_d.o)
    0x0800021e   0x0800021e   0x00000006   Code   RO         1763    .ARM.Collect$$_printf_percent$$0000000F  c_w.l(_printf_llu.o)
    0x08000224   0x08000224   0x00000006   Code   RO         1758    .ARM.Collect$$_printf_percent$$00000013  c_w.l(_printf_c.o)
    0x0800022a   0x0800022a   0x00000006   Code   RO         1759    .ARM.Collect$$_printf_percent$$00000014  c_w.l(_printf_s.o)
    0x08000230   0x08000230   0x00000004   Code   RO         1871    .ARM.Collect$$_printf_percent$$00000017  c_w.l(_printf_percent_end.o)
    0x08000234   0x08000234   0x00000002   Code   RO         2109    .ARM.Collect$$libinit$$00000000  c_w.l(libinit.o)
    0x08000236   0x08000236   0x00000004   Code   RO         1879    .ARM.Collect$$libinit$$00000001  c_w.l(libinit2.o)
    0x0800023a   0x0800023a   0x00000000   Code   RO         1882    .ARM.Collect$$libinit$$00000004  c_w.l(libinit2.o)
    0x0800023a   0x0800023a   0x00000000   Code   RO         1884    .ARM.Collect$$libinit$$00000006  c_w.l(libinit2.o)
    0x0800023a   0x0800023a   0x00000008   Code   RO         1885    .ARM.Collect$$libinit$$00000007  c_w.l(libinit2.o)
    0x08000242   0x08000242   0x00000000   Code   RO         1887    .ARM.Collect$$libinit$$0000000C  c_w.l(libinit2.o)
    0x08000242   0x08000242   0x00000000   Code   RO         1889    .ARM.Collect$$libinit$$0000000E  c_w.l(libinit2.o)
    0x08000242   0x08000242   0x00000000   Code   RO         1891    .ARM.Collect$$libinit$$00000010  c_w.l(libinit2.o)
    0x08000242   0x08000242   0x00000006   Code   RO         1892    .ARM.Collect$$libinit$$00000011  c_w.l(libinit2.o)
    0x08000248   0x08000248   0x00000000   Code   RO         1894    .ARM.Collect$$libinit$$00000013  c_w.l(libinit2.o)
    0x08000248   0x08000248   0x0000000c   Code   RO         1895    .ARM.Collect$$libinit$$00000014  c_w.l(libinit2.o)
    0x08000254   0x08000254   0x00000000   Code   RO         1896    .ARM.Collect$$libinit$$00000015  c_w.l(libinit2.o)
    0x08000254   0x08000254   0x00000000   Code   RO         1898    .ARM.Collect$$libinit$$00000017  c_w.l(libinit2.o)
    0x08000254   0x08000254   0x0000000a   Code   RO         1899    .ARM.Collect$$libinit$$00000018  c_w.l(libinit2.o)
    0x0800025e   0x0800025e   0x00000000   Code   RO         1900    .ARM.Collect$$libinit$$00000019  c_w.l(libinit2.o)
    0x0800025e   0x0800025e   0x00000000   Code   RO         1902    .ARM.Collect$$libinit$$0000001B  c_w.l(libinit2.o)
    0x0800025e   0x0800025e   0x00000000   Code   RO         1904    .ARM.Collect$$libinit$$0000001D  c_w.l(libinit2.o)
    0x0800025e   0x0800025e   0x00000000   Code   RO         1906    .ARM.Collect$$libinit$$0000001F  c_w.l(libinit2.o)
    0x0800025e   0x0800025e   0x00000000   Code   RO         1908    .ARM.Collect$$libinit$$00000021  c_w.l(libinit2.o)
    0x0800025e   0x0800025e   0x00000000   Code   RO         1910    .ARM.Collect$$libinit$$00000023  c_w.l(libinit2.o)
    0x0800025e   0x0800025e   0x00000000   Code   RO         1912    .ARM.Collect$$libinit$$00000025  c_w.l(libinit2.o)
    0x0800025e   0x0800025e   0x00000000   Code   RO         1914    .ARM.Collect$$libinit$$00000027  c_w.l(libinit2.o)
    0x0800025e   0x0800025e   0x00000000   Code   RO         1918    .ARM.Collect$$libinit$$0000002E  c_w.l(libinit2.o)
    0x0800025e   0x0800025e   0x00000000   Code   RO         1920    .ARM.Collect$$libinit$$00000030  c_w.l(libinit2.o)
    0x0800025e   0x0800025e   0x00000000   Code   RO         1922    .ARM.Collect$$libinit$$00000032  c_w.l(libinit2.o)
    0x0800025e   0x0800025e   0x00000000   Code   RO         1924    .ARM.Collect$$libinit$$00000034  c_w.l(libinit2.o)
    0x0800025e   0x0800025e   0x00000002   Code   RO         1925    .ARM.Collect$$libinit$$00000035  c_w.l(libinit2.o)
    0x08000260   0x08000260   0x00000002   Code   RO         2173    .ARM.Collect$$libshutdown$$00000000  c_w.l(libshutdown.o)
    0x08000262   0x08000262   0x00000000   Code   RO         2129    .ARM.Collect$$libshutdown$$00000002  c_w.l(libshutdown2.o)
    0x08000262   0x08000262   0x00000000   Code   RO         2131    .ARM.Collect$$libshutdown$$00000004  c_w.l(libshutdown2.o)
    0x08000262   0x08000262   0x00000000   Code   RO         2134    .ARM.Collect$$libshutdown$$00000007  c_w.l(libshutdown2.o)
    0x08000262   0x08000262   0x00000000   Code   RO         2137    .ARM.Collect$$libshutdown$$0000000A  c_w.l(libshutdown2.o)
    0x08000262   0x08000262   0x00000000   Code   RO         2139    .ARM.Collect$$libshutdown$$0000000C  c_w.l(libshutdown2.o)
    0x08000262   0x08000262   0x00000000   Code   RO         2142    .ARM.Collect$$libshutdown$$0000000F  c_w.l(libshutdown2.o)
    0x08000262   0x08000262   0x00000002   Code   RO         2143    .ARM.Collect$$libshutdown$$00000010  c_w.l(libshutdown2.o)
    0x08000264   0x08000264   0x00000000   Code   RO         1822    .ARM.Collect$$rtentry$$00000000  c_w.l(__rtentry.o)
    0x08000264   0x08000264   0x00000000   Code   RO         1976    .ARM.Collect$$rtentry$$00000002  c_w.l(__rtentry2.o)
    0x08000264   0x08000264   0x00000006   Code   RO         1988    .ARM.Collect$$rtentry$$00000004  c_w.l(__rtentry4.o)
    0x0800026a   0x0800026a   0x00000000   Code   RO         1978    .ARM.Collect$$rtentry$$00000009  c_w.l(__rtentry2.o)
    0x0800026a   0x0800026a   0x00000004   Code   RO         1979    .ARM.Collect$$rtentry$$0000000A  c_w.l(__rtentry2.o)
    0x0800026e   0x0800026e   0x00000000   Code   RO         1981    .ARM.Collect$$rtentry$$0000000C  c_w.l(__rtentry2.o)
    0x0800026e   0x0800026e   0x00000008   Code   RO         1982    .ARM.Collect$$rtentry$$0000000D  c_w.l(__rtentry2.o)
    0x08000276   0x08000276   0x00000002   Code   RO         2114    .ARM.Collect$$rtexit$$00000000  c_w.l(rtexit.o)
    0x08000278   0x08000278   0x00000000   Code   RO         2149    .ARM.Collect$$rtexit$$00000002  c_w.l(rtexit2.o)
    0x08000278   0x08000278   0x00000004   Code   RO         2150    .ARM.Collect$$rtexit$$00000003  c_w.l(rtexit2.o)
    0x0800027c   0x0800027c   0x00000006   Code   RO         2151    .ARM.Collect$$rtexit$$00000004  c_w.l(rtexit2.o)
    0x08000282   0x08000282   0x00000002   PAD
    0x08000284   0x08000284   0x00000040   Code   RO            4    .text               startup_stm32f401xc.o
    0x080002c4   0x080002c4   0x0000005e   Code   RO         1664    .text               c_w.l(h1_alloc.o)
    0x08000322   0x08000322   0x0000004e   Code   RO         1666    .text               c_w.l(h1_free.o)
    0x08000370   0x08000370   0x000000f0   Code   RO         1722    .text               c_w.l(lludivv7m.o)
    0x08000460   0x08000460   0x00000028   Code   RO         1726    .text               c_w.l(noretval__2sprintf.o)
    0x08000488   0x08000488   0x0000004e   Code   RO         1730    .text               c_w.l(_printf_pad.o)
    0x080004d6   0x080004d6   0x00000052   Code   RO         1732    .text               c_w.l(_printf_str.o)
    0x08000528   0x08000528   0x00000078   Code   RO         1734    .text               c_w.l(_printf_dec.o)
    0x080005a0   0x080005a0   0x0000007c   Code   RO         1736    .text               c_w.l(_printf_longlong_dec.o)
    0x0800061c   0x0800061c   0x00000188   Code   RO         1755    .text               c_w.l(__printf_flags_ss_wp.o)
    0x080007a4   0x080007a4   0x0000001a   Code   RO         1764    .text               c_w.l(atoi.o)
    0x080007be   0x080007be   0x00000058   Code   RO         1766    .text               c_w.l(memcmp.o)
    0x08000816   0x08000816   0x00000048   Code   RO         1768    .text               c_w.l(strcpy.o)
    0x0800085e   0x0800085e   0x00000010   Code   RO         1770    .text               c_w.l(aeabi_memset4.o)
    0x0800086e   0x0800086e   0x0000004e   Code   RO         1772    .text               c_w.l(rt_memclr_w.o)
    0x080008bc   0x080008bc   0x00000006   Code   RO         1774    .text               c_w.l(heapauxi.o)
    0x080008c2   0x080008c2   0x00000002   PAD
    0x080008c4   0x080008c4   0x00000008   Code   RO         1830    .text               c_w.l(rt_heap_descriptor_intlibspace.o)
    0x080008cc   0x080008cc   0x00000008   Code   RO         1835    .text               c_w.l(rt_errno_addr_intlibspace.o)
    0x080008d4   0x080008d4   0x00000004   Code   RO         1837    .text               c_w.l(hguard.o)
    0x080008d8   0x080008d8   0x0000008a   Code   RO         1839    .text               c_w.l(init_alloc.o)
    0x08000962   0x08000962   0x0000000e   Code   RO         1843    .text               c_w.l(h1_init.o)
    0x08000970   0x08000970   0x0000008a   Code   RO         1855    .text               c_w.l(lludiv10.o)
    0x080009fa   0x080009fa   0x00000016   Code   RO         1857    .text               c_w.l(_rserrno.o)
    0x08000a10   0x08000a10   0x000000b2   Code   RO         1859    .text               c_w.l(_printf_intcommon.o)
    0x08000ac2   0x08000ac2   0x0000041c   Code   RO         1861    .text               c_w.l(_printf_fp_dec.o)
    0x08000ede   0x08000ede   0x00000002   PAD
    0x08000ee0   0x08000ee0   0x00000030   Code   RO         1865    .text               c_w.l(_printf_char_common.o)
    0x08000f10   0x08000f10   0x0000000a   Code   RO         1867    .text               c_w.l(_sputc.o)
    0x08000f1a   0x08000f1a   0x0000002c   Code   RO         1869    .text               c_w.l(_printf_char.o)
    0x08000f46   0x08000f46   0x00000070   Code   RO         1873    .text               c_w.l(strtol.o)
    0x08000fb6   0x08000fb6   0x00000002   PAD
    0x08000fb8   0x08000fb8   0x00000008   Code   RO         1972    .text               c_w.l(libspace.o)
    0x08000fc0   0x08000fc0   0x00000010   Code   RO         1990    .text               c_w.l(rt_ctype_table.o)
    0x08000fd0   0x08000fd0   0x00000008   Code   RO         1997    .text               c_w.l(rt_locale_intlibspace.o)
    0x08000fd8   0x08000fd8   0x00000000   Code   RO         2001    .text               c_w.l(maybetermalloc1.o)
    0x08000fd8   0x08000fd8   0x00000034   Code   RO         2003    .text               c_w.l(h1_extend.o)
    0x0800100c   0x0800100c   0x00000080   Code   RO         2007    .text               c_w.l(_printf_fp_infnan.o)
    0x0800108c   0x0800108c   0x0000009e   Code   RO         2011    .text               c_w.l(_strtoul.o)
    0x0800112a   0x0800112a   0x00000002   PAD
    0x0800112c   0x0800112c   0x000000e4   Code   RO         2013    .text               c_w.l(bigflt0.o)
    0x08001210   0x08001210   0x0000000e   Code   RO         2043    .text               c_w.l(defsig_rtmem_outer.o)
    0x0800121e   0x0800121e   0x00000002   Code   RO         2072    .text               c_w.l(use_no_semi.o)
    0x08001220   0x08001220   0x00000000   Code   RO         2074    .text               c_w.l(indicate_semi.o)
    0x08001220   0x08001220   0x0000004a   Code   RO         2075    .text               c_w.l(sys_stackheap_outer.o)
    0x0800126a   0x0800126a   0x0000001c   Code   RO         2081    .text               c_w.l(_chval.o)
    0x08001286   0x08001286   0x00000012   Code   RO         2088    .text               c_w.l(exit.o)
    0x08001298   0x08001298   0x0000000a   Code   RO         2090    .text               c_w.l(defsig_exit.o)
    0x080012a2   0x080012a2   0x00000002   PAD
    0x080012a4   0x080012a4   0x00000050   Code   RO         2096    .text               c_w.l(defsig_rtmem_inner.o)
    0x080012f4   0x080012f4   0x00000004   PAD
    0x080012f8   0x080012f8   0x0000007c   Code   RO         2098    .text               c_w.l(strcmpv7em.o)
    0x08001374   0x08001374   0x0000000c   Code   RO         2110    .text               c_w.l(sys_exit.o)
    0x08001380   0x08001380   0x00000032   Code   RO         2124    .text               c_w.l(defsig_general.o)
    0x080013b2   0x080013b2   0x0000000e   Code   RO         2144    .text               c_w.l(sys_wrch.o)
    0x080013c0   0x080013c0   0x00000054   Code   RO         1546    .text.ArrayTFT      ili9431_user.o
    0x08001414   0x08001414   0x00000002   Code   RO          121    .text.BusFault_Handler  stm32f4xx_it.o
    0x08001416   0x08001416   0x00000016   Code   RO         1312    .text.Button_Init   button.o
    0x0800142c   0x0800142c   0x0000000c   Code   RO          145    .text.DMA2_Stream3_IRQHandler  stm32f4xx_it.o
    0x08001438   0x08001438   0x00000030   Code   RO          516    .text.DMA_CalcBaseAndBitshift  stm32f4xx_hal_dma.o
    0x08001468   0x08001468   0x00000022   Code   RO          522    .text.DMA_SetConfig  stm32f4xx_hal_dma.o
    0x0800148a   0x0800148a   0x00000002   Code   RO          127    .text.DebugMon_Handler  stm32f4xx_it.o
    0x0800148c   0x0800148c   0x00000006   Code   RO          133    .text.EXTI0_IRQHandler  stm32f4xx_it.o
    0x08001492   0x08001492   0x00000006   Code   RO          135    .text.EXTI9_5_IRQHandler  stm32f4xx_it.o
    0x08001498   0x08001498   0x00000004   Code   RO           23    .text.Error_Handler  main.o
    0x0800149c   0x0800149c   0x00000038   Code   RO          447    .text.FLASH_Erase_Sector  stm32f4xx_hal_flash_ex.o
    0x080014d4   0x080014d4   0x0000001c   Code   RO          404    .text.FLASH_Program_Byte  stm32f4xx_hal_flash.o
    0x080014f0   0x080014f0   0x00000028   Code   RO          410    .text.FLASH_Program_DoubleWord  stm32f4xx_hal_flash.o
    0x08001518   0x08001518   0x00000020   Code   RO          406    .text.FLASH_Program_HalfWord  stm32f4xx_hal_flash.o
    0x08001538   0x08001538   0x00000024   Code   RO          408    .text.FLASH_Program_Word  stm32f4xx_hal_flash.o
    0x0800155c   0x0800155c   0x00000080   Code   RO          416    .text.FLASH_SetErrorCode  stm32f4xx_hal_flash.o
    0x080015dc   0x080015dc   0x00000054   Code   RO          402    .text.FLASH_WaitForLastOperation  stm32f4xx_hal_flash.o
    0x08001630   0x08001630   0x00000014   Code   RO         1334    .text.Flash_Read_Array  flash.o
    0x08001644   0x08001644   0x00000004   Code   RO         1645    .text.Flash_Read_Struct_Setting  flash_user.o
    0x08001648   0x08001648   0x00000040   Code   RO         1328    .text.Flash_Write_Array  flash.o
    0x08001688   0x08001688   0x00000014   Code   RO         1643    .text.Flash_Write_Struct_Setting  flash_user.o
    0x0800169c   0x0800169c   0x00000024   Code   RO          528    .text.HAL_DMA_Abort_IT  stm32f4xx_hal_dma.o
    0x080016c0   0x080016c0   0x0000015c   Code   RO          532    .text.HAL_DMA_IRQHandler  stm32f4xx_hal_dma.o
    0x0800181c   0x0800181c   0x00000100   Code   RO          514    .text.HAL_DMA_Init  stm32f4xx_hal_dma.o
    0x0800191c   0x0800191c   0x0000005c   Code   RO          524    .text.HAL_DMA_Start_IT  stm32f4xx_hal_dma.o
    0x08001978   0x08001978   0x00000020   Code   RO          698    .text.HAL_Delay     stm32f4xx_hal.o
    0x08001998   0x08001998   0x00000010   Code   RO          424    .text.HAL_FLASH_Lock  stm32f4xx_hal_flash.o
    0x080019a8   0x080019a8   0x00000084   Code   RO          400    .text.HAL_FLASH_Program  stm32f4xx_hal_flash.o
    0x08001a2c   0x08001a2c   0x00000028   Code   RO          422    .text.HAL_FLASH_Unlock  stm32f4xx_hal_flash.o
    0x08001a54   0x08001a54   0x0000003c   Code   RO           13    .text.HAL_GPIO_EXTI_Callback  main.o
    0x08001a90   0x08001a90   0x00000014   Code   RO          488    .text.HAL_GPIO_EXTI_IRQHandler  stm32f4xx_hal_gpio.o
    0x08001aa4   0x08001aa4   0x00000194   Code   RO          476    .text.HAL_GPIO_Init  stm32f4xx_hal_gpio.o
    0x08001c38   0x08001c38   0x0000000a   Code   RO          480    .text.HAL_GPIO_ReadPin  stm32f4xx_hal_gpio.o
    0x08001c42   0x08001c42   0x00000010   Code   RO          484    .text.HAL_GPIO_TogglePin  stm32f4xx_hal_gpio.o
    0x08001c52   0x08001c52   0x0000000a   Code   RO          482    .text.HAL_GPIO_WritePin  stm32f4xx_hal_gpio.o
    0x08001c5c   0x08001c5c   0x00000008   Code   RO          690    .text.HAL_GetTick   stm32f4xx_hal.o
    0x08001c64   0x08001c64   0x00000014   Code   RO          688    .text.HAL_IncTick   stm32f4xx_hal.o
    0x08001c78   0x08001c78   0x00000034   Code   RO          678    .text.HAL_Init      stm32f4xx_hal.o
    0x08001cac   0x08001cac   0x0000003c   Code   RO          680    .text.HAL_InitTick  stm32f4xx_hal.o
    0x08001ce8   0x08001ce8   0x00000038   Code   RO          154    .text.HAL_MspInit   stm32f4xx_hal_msp.o
    0x08001d20   0x08001d20   0x00000024   Code   RO          632    .text.HAL_NVIC_EnableIRQ  stm32f4xx_hal_cortex.o
    0x08001d44   0x08001d44   0x0000004c   Code   RO          630    .text.HAL_NVIC_SetPriority  stm32f4xx_hal_cortex.o
    0x08001d90   0x08001d90   0x00000020   Code   RO          628    .text.HAL_NVIC_SetPriorityGrouping  stm32f4xx_hal_cortex.o
    0x08001db0   0x08001db0   0x00000118   Code   RO          340    .text.HAL_RCC_ClockConfig  stm32f4xx_hal_rcc.o
    0x08001ec8   0x08001ec8   0x0000005c   Code   RO          342    .text.HAL_RCC_GetSysClockFreq  stm32f4xx_hal_rcc.o
    0x08001f24   0x08001f24   0x00000328   Code   RO          338    .text.HAL_RCC_OscConfig  stm32f4xx_hal_rcc.o
    0x0800224c   0x0800224c   0x00000002   Code   RO          246    .text.HAL_SPI_ErrorCallback  stm32f4xx_hal_spi.o
    0x0800224e   0x0800224e   0x00000002   PAD
    0x08002250   0x08002250   0x000000f4   Code   RO          242    .text.HAL_SPI_IRQHandler  stm32f4xx_hal_spi.o
    0x08002344   0x08002344   0x000000b2   Code   RO          162    .text.HAL_SPI_Init  stm32f4xx_hal_spi.o
    0x080023f6   0x080023f6   0x00000002   PAD
    0x080023f8   0x080023f8   0x000000ac   Code   RO           78    .text.HAL_SPI_MspInit  spi.o
    0x080024a4   0x080024a4   0x0000011c   Code   RO          170    .text.HAL_SPI_Transmit  stm32f4xx_hal_spi.o
    0x080025c0   0x080025c0   0x000000a4   Code   RO          202    .text.HAL_SPI_Transmit_DMA  stm32f4xx_hal_spi.o
    0x08002664   0x08002664   0x00000002   Code   RO          248    .text.HAL_SPI_TxCpltCallback  stm32f4xx_hal_spi.o
    0x08002666   0x08002666   0x00000002   Code   RO          254    .text.HAL_SPI_TxHalfCpltCallback  stm32f4xx_hal_spi.o
    0x08002668   0x08002668   0x00000028   Code   RO          640    .text.HAL_SYSTICK_Config  stm32f4xx_hal_cortex.o
    0x08002690   0x08002690   0x00000002   Code   RO         1211    .text.HAL_TIMEx_BreakCallback  stm32f4xx_hal_tim_ex.o
    0x08002692   0x08002692   0x00000002   Code   RO         1207    .text.HAL_TIMEx_CommutCallback  stm32f4xx_hal_tim_ex.o
    0x08002694   0x08002694   0x0000001e   Code   RO          772    .text.HAL_TIM_Base_Init  stm32f4xx_hal_tim.o
    0x080026b2   0x080026b2   0x00000002   PAD
    0x080026b4   0x080026b4   0x0000008c   Code   RO           98    .text.HAL_TIM_Base_MspInit  tim.o
    0x08002740   0x08002740   0x0000006c   Code   RO          786    .text.HAL_TIM_Base_Start_IT  stm32f4xx_hal_tim.o
    0x080027ac   0x080027ac   0x000000b4   Code   RO          960    .text.HAL_TIM_ConfigClockSource  stm32f4xx_hal_tim.o
    0x08002860   0x08002860   0x00000002   Code   RO          908    .text.HAL_TIM_IC_CaptureCallback  stm32f4xx_hal_tim.o
    0x08002862   0x08002862   0x0000010a   Code   RO          906    .text.HAL_TIM_IRQHandler  stm32f4xx_hal_tim.o
    0x0800296c   0x0800296c   0x00000002   Code   RO          910    .text.HAL_TIM_OC_DelayElapsedCallback  stm32f4xx_hal_tim.o
    0x0800296e   0x0800296e   0x00000002   Code   RO          912    .text.HAL_TIM_PWM_PulseFinishedCallback  stm32f4xx_hal_tim.o
    0x08002970   0x08002970   0x00000410   Code   RO           11    .text.HAL_TIM_PeriodElapsedCallback  main.o
    0x08002d80   0x08002d80   0x00000002   Code   RO          916    .text.HAL_TIM_TriggerCallback  stm32f4xx_hal_tim.o
    0x08002d82   0x08002d82   0x00000002   Code   RO          117    .text.HardFault_Handler  stm32f4xx_it.o
    0x08002d84   0x08002d84   0x0000005c   Code   RO         1556    .text.HighlightSlot  ili9431_user.o
    0x08002de0   0x08002de0   0x00000088   Code   RO         1372    .text.ILI9341_Draw_Char  ili9341_gfx.o
    0x08002e68   0x08002e68   0x0000009c   Code   RO         1420    .text.ILI9341_Draw_Colour_Burst  ili9341_stm32_driver.o
    0x08002f04   0x08002f04   0x000000aa   Code   RO         1362    .text.ILI9341_Draw_Filled_Circle  ili9341_gfx.o
    0x08002fae   0x08002fae   0x00000028   Code   RO         1366    .text.ILI9341_Draw_Filled_Rectangle_Coord  ili9341_gfx.o
    0x08002fd6   0x08002fd6   0x00000002   PAD
    0x08002fd8   0x08002fd8   0x000000e4   Code   RO         1360    .text.ILI9341_Draw_Hollow_Circle  ili9341_gfx.o
    0x080030bc   0x080030bc   0x0000006a   Code   RO         1364    .text.ILI9341_Draw_Hollow_Rectangle_Coord  ili9341_gfx.o
    0x08003126   0x08003126   0x00000002   PAD
    0x08003128   0x08003128   0x00000040   Code   RO         1428    .text.ILI9341_Draw_Horizontal_Line  ili9341_stm32_driver.o
    0x08003168   0x08003168   0x00000148   Code   RO         1376    .text.ILI9341_Draw_Image  ili9341_gfx.o
    0x080032b0   0x080032b0   0x00000104   Code   RO         1432    .text.ILI9341_Draw_Line  ili9341_stm32_driver.o
    0x080033b4   0x080033b4   0x000000ec   Code   RO         1424    .text.ILI9341_Draw_Pixel  ili9341_stm32_driver.o
    0x080034a0   0x080034a0   0x00000058   Code   RO         1426    .text.ILI9341_Draw_Rectangle  ili9341_stm32_driver.o
    0x080034f8   0x080034f8   0x0000005c   Code   RO         1374    .text.ILI9341_Draw_Text  ili9341_gfx.o
    0x08003554   0x08003554   0x00000040   Code   RO         1430    .text.ILI9341_Draw_Vertical_Line  ili9341_stm32_driver.o
    0x08003594   0x08003594   0x00000010   Code   RO         1414    .text.ILI9341_Enable  ili9341_stm32_driver.o
    0x080035a4   0x080035a4   0x00000028   Code   RO         1422    .text.ILI9341_Fill_Screen  ili9341_stm32_driver.o
    0x080035cc   0x080035cc   0x00000174   Code   RO         1416    .text.ILI9341_Init  ili9341_stm32_driver.o
    0x08003740   0x08003740   0x00000030   Code   RO         1410    .text.ILI9341_Reset  ili9341_stm32_driver.o
    0x08003770   0x08003770   0x00000024   Code   RO         1400    .text.ILI9341_SPI_Init  ili9341_stm32_driver.o
    0x08003794   0x08003794   0x00000018   Code   RO         1402    .text.ILI9341_SPI_Send  ili9341_stm32_driver.o
    0x080037ac   0x080037ac   0x00000050   Code   RO         1408    .text.ILI9341_Set_Address  ili9341_stm32_driver.o
    0x080037fc   0x080037fc   0x00000050   Code   RO         1412    .text.ILI9341_Set_Rotation  ili9341_stm32_driver.o
    0x0800384c   0x0800384c   0x0000002c   Code   RO         1404    .text.ILI9341_Write_Command  ili9341_stm32_driver.o
    0x08003878   0x08003878   0x00000034   Code   RO         1406    .text.ILI9341_Write_Data  ili9341_stm32_driver.o
    0x080038ac   0x080038ac   0x00000134   Code   RO         1451    .text.KEYPAD_Init   keypad.o
    0x080039e0   0x080039e0   0x00000584   Code   RO         1453    .text.KEYPAD_Scan   keypad.o
    0x08003f64   0x08003f64   0x00000030   Code   RO           67    .text.MX_DMA_Init   dma.o
    0x08003f94   0x08003f94   0x00000144   Code   RO           54    .text.MX_GPIO_Init  gpio.o
    0x080040d8   0x080040d8   0x00000044   Code   RO           76    .text.MX_SPI1_Init  spi.o
    0x0800411c   0x0800411c   0x00000024   Code   RO           94    .text.MX_TIM10_Init  tim.o
    0x08004140   0x08004140   0x00000028   Code   RO           96    .text.MX_TIM11_Init  tim.o
    0x08004168   0x08004168   0x00000040   Code   RO           92    .text.MX_TIM9_Init  tim.o
    0x080041a8   0x080041a8   0x00000002   Code   RO          119    .text.MemManage_Handler  stm32f4xx_it.o
    0x080041aa   0x080041aa   0x00000002   Code   RO          115    .text.NMI_Handler   stm32f4xx_it.o
    0x080041ac   0x080041ac   0x0000000c   Code   RO           25    .text.OUTLINED_FUNCTION_0  main.o
    0x080041b8   0x080041b8   0x0000000a   Code   RO           56    .text.OUTLINED_FUNCTION_0  gpio.o
    0x080041c2   0x080041c2   0x00000010   Code   RO          102    .text.OUTLINED_FUNCTION_0  tim.o
    0x080041d2   0x080041d2   0x0000000c   Code   RO          364    .text.OUTLINED_FUNCTION_0  stm32f4xx_hal_rcc.o
    0x080041de   0x080041de   0x0000000e   Code   RO          542    .text.OUTLINED_FUNCTION_0  stm32f4xx_hal_dma.o
    0x080041ec   0x080041ec   0x0000000e   Code   RO         1378    .text.OUTLINED_FUNCTION_0  ili9341_gfx.o
    0x080041fa   0x080041fa   0x00000008   Code   RO         1434    .text.OUTLINED_FUNCTION_0  ili9341_stm32_driver.o
    0x08004202   0x08004202   0x00000012   Code   RO         1455    .text.OUTLINED_FUNCTION_0  keypad.o
    0x08004214   0x08004214   0x0000000c   Code   RO         1517    .text.OUTLINED_FUNCTION_0  button_user.o
    0x08004220   0x08004220   0x00000030   Code   RO         1558    .text.OUTLINED_FUNCTION_0  ili9431_user.o
    0x08004250   0x08004250   0x00000018   Code   RO           27    .text.OUTLINED_FUNCTION_1  main.o
    0x08004268   0x08004268   0x0000000a   Code   RO           58    .text.OUTLINED_FUNCTION_1  gpio.o
    0x08004272   0x08004272   0x0000000a   Code   RO          274    .text.OUTLINED_FUNCTION_1  stm32f4xx_hal_spi.o
    0x0800427c   0x0800427c   0x0000000a   Code   RO          544    .text.OUTLINED_FUNCTION_1  stm32f4xx_hal_dma.o
    0x08004286   0x08004286   0x0000002e   Code   RO         1006    .text.OUTLINED_FUNCTION_1  stm32f4xx_hal_tim.o
    0x080042b4   0x080042b4   0x0000000a   Code   RO         1380    .text.OUTLINED_FUNCTION_1  ili9341_gfx.o
    0x080042be   0x080042be   0x00000008   Code   RO         1436    .text.OUTLINED_FUNCTION_1  ili9341_stm32_driver.o
    0x080042c6   0x080042c6   0x00000008   Code   RO         1457    .text.OUTLINED_FUNCTION_1  keypad.o
    0x080042ce   0x080042ce   0x0000000c   Code   RO         1519    .text.OUTLINED_FUNCTION_1  button_user.o
    0x080042da   0x080042da   0x0000002e   Code   RO         1560    .text.OUTLINED_FUNCTION_1  ili9431_user.o
    0x08004308   0x08004308   0x0000000c   Code   RO          292    .text.OUTLINED_FUNCTION_10  stm32f4xx_hal_spi.o
    0x08004314   0x08004314   0x00000008   Code   RO         1578    .text.OUTLINED_FUNCTION_10  ili9431_user.o
    0x0800431c   0x0800431c   0x0000000a   Code   RO         1026    .text.OUTLINED_FUNCTION_11  stm32f4xx_hal_tim.o
    0x08004326   0x08004326   0x00000008   Code   RO         1580    .text.OUTLINED_FUNCTION_11  ili9431_user.o
    0x0800432e   0x0800432e   0x0000000a   Code   RO          296    .text.OUTLINED_FUNCTION_12  stm32f4xx_hal_spi.o
    0x08004338   0x08004338   0x00000008   Code   RO         1582    .text.OUTLINED_FUNCTION_12  ili9431_user.o
    0x08004340   0x08004340   0x00000006   Code   RO         1584    .text.OUTLINED_FUNCTION_13  ili9431_user.o
    0x08004346   0x08004346   0x00000010   Code   RO          300    .text.OUTLINED_FUNCTION_14  stm32f4xx_hal_spi.o
    0x08004356   0x08004356   0x0000000a   Code   RO         1586    .text.OUTLINED_FUNCTION_14  ili9431_user.o
    0x08004360   0x08004360   0x00000008   Code   RO          302    .text.OUTLINED_FUNCTION_15  stm32f4xx_hal_spi.o
    0x08004368   0x08004368   0x0000000e   Code   RO         1588    .text.OUTLINED_FUNCTION_15  ili9431_user.o
    0x08004376   0x08004376   0x00000010   Code   RO          304    .text.OUTLINED_FUNCTION_16  stm32f4xx_hal_spi.o
    0x08004386   0x08004386   0x0000000e   Code   RO         1590    .text.OUTLINED_FUNCTION_16  ili9431_user.o
    0x08004394   0x08004394   0x00000008   Code   RO          306    .text.OUTLINED_FUNCTION_17  stm32f4xx_hal_spi.o
    0x0800439c   0x0800439c   0x0000000a   Code   RO         1592    .text.OUTLINED_FUNCTION_17  ili9431_user.o
    0x080043a6   0x080043a6   0x00000012   Code   RO           29    .text.OUTLINED_FUNCTION_2  main.o
    0x080043b8   0x080043b8   0x0000000c   Code   RO          276    .text.OUTLINED_FUNCTION_2  stm32f4xx_hal_spi.o
    0x080043c4   0x080043c4   0x0000000a   Code   RO          368    .text.OUTLINED_FUNCTION_2  stm32f4xx_hal_rcc.o
    0x080043ce   0x080043ce   0x00000008   Code   RO          546    .text.OUTLINED_FUNCTION_2  stm32f4xx_hal_dma.o
    0x080043d6   0x080043d6   0x0000000c   Code   RO         1382    .text.OUTLINED_FUNCTION_2  ili9341_gfx.o
    0x080043e2   0x080043e2   0x00000008   Code   RO         1438    .text.OUTLINED_FUNCTION_2  ili9341_stm32_driver.o
    0x080043ea   0x080043ea   0x00000010   Code   RO         1459    .text.OUTLINED_FUNCTION_2  keypad.o
    0x080043fa   0x080043fa   0x0000000c   Code   RO         1521    .text.OUTLINED_FUNCTION_2  button_user.o
    0x08004406   0x08004406   0x0000001a   Code   RO         1562    .text.OUTLINED_FUNCTION_2  ili9431_user.o
    0x08004420   0x08004420   0x00000008   Code   RO          312    .text.OUTLINED_FUNCTION_20  stm32f4xx_hal_spi.o
    0x08004428   0x08004428   0x0000000a   Code   RO          314    .text.OUTLINED_FUNCTION_21  stm32f4xx_hal_spi.o
    0x08004432   0x08004432   0x0000000a   Code   RO          316    .text.OUTLINED_FUNCTION_22  stm32f4xx_hal_spi.o
    0x0800443c   0x0800443c   0x0000000a   Code   RO          320    .text.OUTLINED_FUNCTION_24  stm32f4xx_hal_spi.o
    0x08004446   0x08004446   0x0000000a   Code   RO          322    .text.OUTLINED_FUNCTION_25  stm32f4xx_hal_spi.o
    0x08004450   0x08004450   0x0000001a   Code   RO         1054    .text.OUTLINED_FUNCTION_25  stm32f4xx_hal_tim.o
    0x0800446a   0x0800446a   0x00000008   Code   RO          324    .text.OUTLINED_FUNCTION_26  stm32f4xx_hal_spi.o
    0x08004472   0x08004472   0x0000000a   Code   RO          326    .text.OUTLINED_FUNCTION_27  stm32f4xx_hal_spi.o
    0x0800447c   0x0800447c   0x0000000a   Code   RO         1060    .text.OUTLINED_FUNCTION_28  stm32f4xx_hal_tim.o
    0x08004486   0x08004486   0x0000000c   Code   RO           31    .text.OUTLINED_FUNCTION_3  main.o
    0x08004492   0x08004492   0x0000000a   Code   RO          548    .text.OUTLINED_FUNCTION_3  stm32f4xx_hal_dma.o
    0x0800449c   0x0800449c   0x00000010   Code   RO         1384    .text.OUTLINED_FUNCTION_3  ili9341_gfx.o
    0x080044ac   0x080044ac   0x00000006   Code   RO         1440    .text.OUTLINED_FUNCTION_3  ili9341_stm32_driver.o
    0x080044b2   0x080044b2   0x00000010   Code   RO         1461    .text.OUTLINED_FUNCTION_3  keypad.o
    0x080044c2   0x080044c2   0x00000014   Code   RO         1564    .text.OUTLINED_FUNCTION_3  ili9431_user.o
    0x080044d6   0x080044d6   0x00000014   Code   RO         1070    .text.OUTLINED_FUNCTION_33  stm32f4xx_hal_tim.o
    0x080044ea   0x080044ea   0x0000000e   Code   RO           33    .text.OUTLINED_FUNCTION_4  main.o
    0x080044f8   0x080044f8   0x0000000c   Code   RO         1386    .text.OUTLINED_FUNCTION_4  ili9341_gfx.o
    0x08004504   0x08004504   0x00000010   Code   RO         1463    .text.OUTLINED_FUNCTION_4  keypad.o
    0x08004514   0x08004514   0x00000010   Code   RO         1566    .text.OUTLINED_FUNCTION_4  ili9431_user.o
    0x08004524   0x08004524   0x0000000c   Code   RO         1090    .text.OUTLINED_FUNCTION_43  stm32f4xx_hal_tim.o
    0x08004530   0x08004530   0x0000000a   Code   RO         1094    .text.OUTLINED_FUNCTION_45  stm32f4xx_hal_tim.o
    0x0800453a   0x0800453a   0x00000006   Code   RO         1102    .text.OUTLINED_FUNCTION_49  stm32f4xx_hal_tim.o
    0x08004540   0x08004540   0x00000008   Code   RO           35    .text.OUTLINED_FUNCTION_5  main.o
    0x08004548   0x08004548   0x00000012   Code   RO          282    .text.OUTLINED_FUNCTION_5  stm32f4xx_hal_spi.o
    0x0800455a   0x0800455a   0x00000010   Code   RO         1465    .text.OUTLINED_FUNCTION_5  keypad.o
    0x0800456a   0x0800456a   0x00000008   Code   RO         1568    .text.OUTLINED_FUNCTION_5  ili9431_user.o
    0x08004572   0x08004572   0x0000000a   Code   RO         1112    .text.OUTLINED_FUNCTION_54  stm32f4xx_hal_tim.o
    0x0800457c   0x0800457c   0x0000000e   Code   RO         1116    .text.OUTLINED_FUNCTION_56  stm32f4xx_hal_tim.o
    0x0800458a   0x0800458a   0x0000000c   Code   RO           37    .text.OUTLINED_FUNCTION_6  main.o
    0x08004596   0x08004596   0x00000010   Code   RO          284    .text.OUTLINED_FUNCTION_6  stm32f4xx_hal_spi.o
    0x080045a6   0x080045a6   0x00000010   Code   RO         1467    .text.OUTLINED_FUNCTION_6  keypad.o
    0x080045b6   0x080045b6   0x0000000e   Code   RO         1570    .text.OUTLINED_FUNCTION_6  ili9431_user.o
    0x080045c4   0x080045c4   0x0000000a   Code   RO          286    .text.OUTLINED_FUNCTION_7  stm32f4xx_hal_spi.o
    0x080045ce   0x080045ce   0x0000000e   Code   RO         1018    .text.OUTLINED_FUNCTION_7  stm32f4xx_hal_tim.o
    0x080045dc   0x080045dc   0x00000006   Code   RO         1469    .text.OUTLINED_FUNCTION_7  keypad.o
    0x080045e2   0x080045e2   0x0000000c   Code   RO         1572    .text.OUTLINED_FUNCTION_7  ili9431_user.o
    0x080045ee   0x080045ee   0x0000000e   Code   RO         1471    .text.OUTLINED_FUNCTION_8  keypad.o
    0x080045fc   0x080045fc   0x0000000c   Code   RO         1574    .text.OUTLINED_FUNCTION_8  ili9431_user.o
    0x08004608   0x08004608   0x00000008   Code   RO          290    .text.OUTLINED_FUNCTION_9  stm32f4xx_hal_spi.o
    0x08004610   0x08004610   0x0000000a   Code   RO         1022    .text.OUTLINED_FUNCTION_9  stm32f4xx_hal_tim.o
    0x0800461a   0x0800461a   0x0000000a   Code   RO         1473    .text.OUTLINED_FUNCTION_9  keypad.o
    0x08004624   0x08004624   0x00000008   Code   RO         1576    .text.OUTLINED_FUNCTION_9  ili9431_user.o
    0x0800462c   0x0800462c   0x00000002   Code   RO          129    .text.PendSV_Handler  stm32f4xx_it.o
    0x0800462e   0x0800462e   0x00000002   PAD
    0x08004630   0x08004630   0x0000000c   Code   RO          143    .text.SPI1_IRQHandler  stm32f4xx_it.o
    0x0800463c   0x0800463c   0x0000000c   Code   RO          244    .text.SPI_DMAAbortOnError  stm32f4xx_hal_spi.o
    0x08004648   0x08004648   0x0000001e   Code   RO          208    .text.SPI_DMAError  stm32f4xx_hal_spi.o
    0x08004666   0x08004666   0x00000006   Code   RO          204    .text.SPI_DMAHalfTransmitCplt  stm32f4xx_hal_spi.o
    0x0800466c   0x0800466c   0x00000048   Code   RO          206    .text.SPI_DMATransmitCplt  stm32f4xx_hal_spi.o
    0x080046b4   0x080046b4   0x0000006c   Code   RO          172    .text.SPI_EndRxTxTransaction  stm32f4xx_hal_spi.o
    0x08004720   0x08004720   0x000000c0   Code   RO          270    .text.SPI_WaitFlagStateUntilTimeout  stm32f4xx_hal_spi.o
    0x080047e0   0x080047e0   0x00000002   Code   RO          125    .text.SVC_Handler   stm32f4xx_it.o
    0x080047e2   0x080047e2   0x00000004   Code   RO          131    .text.SysTick_Handler  stm32f4xx_it.o
    0x080047e6   0x080047e6   0x00000002   PAD
    0x080047e8   0x080047e8   0x00000098   Code   RO           21    .text.SystemClock_Config  main.o
    0x08004880   0x08004880   0x00000010   Code   RO         1289    .text.SystemInit    system_stm32f4xx.o
    0x08004890   0x08004890   0x0000000c   Code   RO          137    .text.TIM1_BRK_TIM9_IRQHandler  stm32f4xx_it.o
    0x0800489c   0x0800489c   0x0000000c   Code   RO          141    .text.TIM1_TRG_COM_TIM11_IRQHandler  stm32f4xx_it.o
    0x080048a8   0x080048a8   0x0000000c   Code   RO          139    .text.TIM1_UP_TIM10_IRQHandler  stm32f4xx_it.o
    0x080048b4   0x080048b4   0x000000a4   Code   RO          776    .text.TIM_Base_SetConfig  stm32f4xx_hal_tim.o
    0x08004958   0x08004958   0x00000022   Code   RO          962    .text.TIM_TI1_ConfigInputStage  stm32f4xx_hal_tim.o
    0x0800497a   0x0800497a   0x00000024   Code   RO          964    .text.TIM_TI2_ConfigInputStage  stm32f4xx_hal_tim.o
    0x0800499e   0x0800499e   0x00000002   PAD
    0x080049a0   0x080049a0   0x00000068   Code   RO         1368    .text.UTF8_GetAddr  ili9341_gfx.o
    0x08004a08   0x08004a08   0x00000002   Code   RO          123    .text.UsageFault_Handler  stm32f4xx_it.o
    0x08004a0a   0x08004a0a   0x0000008a   Code   RO         1310    .text.bt_handle     button.o
    0x08004a94   0x08004a94   0x00000004   PAD
    0x08004a98   0x08004a98   0x00000190   Code   RO         1509    .text.bt_press_callback  button_user.o
    0x08004c28   0x08004c28   0x000000e0   Code   RO         1511    .text.bt_press_timout_callback  button_user.o
    0x08004d08   0x08004d08   0x00000002   Code   RO         1306    .text.bt_release_callback  button.o
    0x08004d0a   0x08004d0a   0x00000002   PAD
    0x08004d0c   0x08004d0c   0x0000001c   Code   RO         1507    .text.buttonHandle  button_user.o
    0x08004d28   0x08004d28   0x0000001a   Code   RO         1532    .text.cheater       ili9431_user.o
    0x08004d42   0x08004d42   0x00000008   Code   RO         1554    .text.clearLCD      ili9431_user.o
    0x08004d4a   0x08004d4a   0x00000002   PAD
    0x08004d4c   0x08004d4c   0x00000050   Code   RO         1344    .text.comfirmDataSetting  savetoflash.o
    0x08004d9c   0x08004d9c   0x0000002e   Code   RO         1513    .text.convertToArray1D  button_user.o
    0x08004dca   0x08004dca   0x00000006   PAD
    0x08004dd0   0x08004dd0   0x0000015c   Code   RO           17    .text.decrese_callback  main.o
    0x08004f2c   0x08004f2c   0x00000004   PAD
    0x08004f30   0x08004f30   0x0000047c   Code   RO         1538    .text.encoderRotation  ili9431_user.o
    0x080053ac   0x080053ac   0x0000001a   Code   RO         1536    .text.fncAngleInMain  ili9431_user.o
    0x080053c6   0x080053c6   0x0000001a   Code   RO         1534    .text.fncFloorInMain  ili9431_user.o
    0x080053e0   0x080053e0   0x000000cc   Code   RO         1613    .text.getKey        keypad_user.o
    0x080054ac   0x080054ac   0x0000006c   Code   RO         1322    .text.getSector     flash.o
    0x08005518   0x08005518   0x00000028   Code   RO         1540    .text.handRotation  ili9431_user.o
    0x08005540   0x08005540   0x00000060   Code   RO         1494    .text.handleInterruptEncoder  encoder.o
    0x080055a0   0x080055a0   0x00000006   Code   RO         1609    .text.handleKeypadInTimer  keypad_user.o
    0x080055a6   0x080055a6   0x00000002   PAD
    0x080055a8   0x080055a8   0x0000016c   Code   RO           15    .text.increse_callback  main.o
    0x08005714   0x08005714   0x0000002c   Code   RO         1505    .text.initButton    button_user.o
    0x08005740   0x08005740   0x00000018   Code   RO         1548    .text.initILI       ili9431_user.o
    0x08005758   0x08005758   0x0000001c   Code   RO         1611    .text.initKeypad    keypad_user.o
    0x08005774   0x08005774   0x0000004c   Code   RO         1626    .text.initStep      step_user.o
    0x080057c0   0x080057c0   0x0000013c   Code   RO         1542    .text.inputTotalPage  ili9431_user.o
    0x080058fc   0x080058fc   0x00000548   Code   RO           19    .text.main          main.o
    0x08005e44   0x08005e44   0x00000190   Code   RO         1550    .text.pageInRotation  ili9431_user.o
    0x08005fd4   0x08005fd4   0x00000324   Code   RO         1552    .text.pageInSetup   ili9431_user.o
    0x080062f8   0x080062f8   0x00000018   Code   RO         1348    .text.readDataSetting  savetoflash.o
    0x08006310   0x08006310   0x0000002e   Code   RO         1370    .text.read_font     ili9341_gfx.o
    0x0800633e   0x0800633e   0x00000002   PAD
    0x08006340   0x08006340   0x00000058   Code   RO         1350    .text.refreshDataSetting  savetoflash.o
    0x08006398   0x08006398   0x0000003c   Code   RO         1628    .text.setSpeedStep  step_user.o
    0x080063d4   0x080063d4   0x00000028   Code   RO         1544    .text.setupParameter  ili9431_user.o
    0x080063fc   0x080063fc   0x00000004   PAD
    0x08006400   0x08006400   0x0000009c   Code   RO         1632    .text.stepAngle     step_user.o
    0x0800649c   0x0800649c   0x00000020   Code   RO         1346    .text.writeDataSetting  savetoflash.o
    0x080064bc   0x080064bc   0x0000003e   Code   RO         2016    CL$$btod_d2e        c_w.l(btod.o)
    0x080064fa   0x080064fa   0x00000046   Code   RO         2018    CL$$btod_d2e_denorm_low  c_w.l(btod.o)
    0x08006540   0x08006540   0x00000060   Code   RO         2017    CL$$btod_d2e_norm_op1  c_w.l(btod.o)
    0x080065a0   0x080065a0   0x00000338   Code   RO         2026    CL$$btod_div_common  c_w.l(btod.o)
    0x080068d8   0x080068d8   0x000000dc   Code   RO         2023    CL$$btod_e2e        c_w.l(btod.o)
    0x080069b4   0x080069b4   0x0000002a   Code   RO         2020    CL$$btod_ediv       c_w.l(btod.o)
    0x080069de   0x080069de   0x0000002a   Code   RO         2019    CL$$btod_emul       c_w.l(btod.o)
    0x08006a08   0x08006a08   0x00000244   Code   RO         2025    CL$$btod_mult_common  c_w.l(btod.o)
    0x08006c4c   0x08006c4c   0x00000030   Code   RO         2068    i.__ARM_fpclassify  m_wm.l(fpclassify.o)
    0x08006c7c   0x08006c7c   0x00000004   PAD
    0x08006c80   0x08006c80   0x000000c8   Code   RO         1808    i.__hardfp_cos      m_wm.l(cos.o)
    0x08006d48   0x08006d48   0x000000c8   Code   RO         1814    i.__hardfp_sin      m_wm.l(sin.o)
    0x08006e10   0x08006e10   0x00000438   Code   RO         1960    i.__ieee754_rem_pio2  m_wm.l(rred.o)
    0x08007248   0x08007248   0x00000170   Code   RO         1943    i.__kernel_cos      m_wm.l(cos_i.o)
    0x080073b8   0x080073b8   0x000000f8   Code   RO         2070    i.__kernel_poly     m_wm.l(poly.o)
    0x080074b0   0x080074b0   0x00000130   Code   RO         1965    i.__kernel_sin      m_wm.l(sin_i.o)
    0x080075e0   0x080075e0   0x00000014   Code   RO         1947    i.__mathlib_dbl_infnan  m_wm.l(dunder.o)
    0x080075f4   0x080075f4   0x00000004   PAD
    0x080075f8   0x080075f8   0x00000020   Code   RO         1949    i.__mathlib_dbl_invalid  m_wm.l(dunder.o)
    0x08007618   0x08007618   0x00000020   Code   RO         1952    i.__mathlib_dbl_underflow  m_wm.l(dunder.o)
    0x08007638   0x08007638   0x0000000e   Code   RO         1748    i._is_digit         c_w.l(__printf_wp.o)
    0x08007646   0x08007646   0x00000018   Code   RO         2064    i.fabs              m_wm.l(fabs.o)
    0x0800765e   0x0800765e   0x00000002   PAD
    0x08007660   0x08007660   0x0000002c   Code   RO         2041    locale$$code        c_w.l(lc_numeric_c.o)
    0x0800768c   0x0800768c   0x0000002c   Code   RO         2086    locale$$code        c_w.l(lc_ctype_c.o)
    0x080076b8   0x080076b8   0x00000018   Code   RO         1926    x$fpl$basic         fz_wm.l(basic.o)
    0x080076d0   0x080076d0   0x00000062   Code   RO         1778    x$fpl$d2f           fz_wm.l(d2f.o)
    0x08007732   0x08007732   0x00000002   PAD
    0x08007734   0x08007734   0x00000150   Code   RO         1780    x$fpl$dadd          fz_wm.l(daddsub_clz.o)
    0x08007884   0x08007884   0x00000018   Code   RO         2052    x$fpl$dcmpinf       fz_wm.l(dcmpi.o)
    0x0800789c   0x0800789c   0x000002b4   Code   RO         1789    x$fpl$ddiv          fz_wm.l(ddiv.o)
    0x08007b50   0x08007b50   0x00000078   Code   RO         1928    x$fpl$deqf          fz_wm.l(deqf.o)
    0x08007bc8   0x08007bc8   0x0000005e   Code   RO         2054    x$fpl$dfix          fz_wm.l(dfix.o)
    0x08007c26   0x08007c26   0x00000002   PAD
    0x08007c28   0x08007c28   0x0000005a   Code   RO         1792    x$fpl$dfixu         fz_wm.l(dfixu.o)
    0x08007c82   0x08007c82   0x0000002e   Code   RO         1797    x$fpl$dflt          fz_wm.l(dflt_clz.o)
    0x08007cb0   0x08007cb0   0x00000026   Code   RO         1796    x$fpl$dfltu         fz_wm.l(dflt_clz.o)
    0x08007cd6   0x08007cd6   0x00000002   PAD
    0x08007cd8   0x08007cd8   0x00000078   Code   RO         1930    x$fpl$dgeqf         fz_wm.l(dgeqf.o)
    0x08007d50   0x08007d50   0x00000078   Code   RO         1932    x$fpl$dleqf         fz_wm.l(dleqf.o)
    0x08007dc8   0x08007dc8   0x00000154   Code   RO         1802    x$fpl$dmul          fz_wm.l(dmul.o)
    0x08007f1c   0x08007f1c   0x0000009c   Code   RO         1934    x$fpl$dnaninf       fz_wm.l(dnaninf.o)
    0x08007fb8   0x08007fb8   0x0000000c   Code   RO         1936    x$fpl$dretinf       fz_wm.l(dretinf.o)
    0x08007fc4   0x08007fc4   0x00000016   Code   RO         1781    x$fpl$drsb          fz_wm.l(daddsub_clz.o)
    0x08007fda   0x08007fda   0x00000002   PAD
    0x08007fdc   0x08007fdc   0x000001dc   Code   RO         1782    x$fpl$dsub          fz_wm.l(daddsub_clz.o)
    0x080081b8   0x080081b8   0x00000056   Code   RO         1804    x$fpl$f2d           fz_wm.l(f2d.o)
    0x0800820e   0x0800820e   0x00000054   Code   RO         1786    x$fpl$fcmp          fz_wm.l(dcmp.o)
    0x08008262   0x08008262   0x0000008c   Code   RO         1938    x$fpl$fnaninf       fz_wm.l(fnaninf.o)
    0x080082ee   0x080082ee   0x0000001a   Code   RO         2058    x$fpl$fpinit        fz_wm.l(fpinit.o)
    0x08008308   0x08008308   0x0000000a   Code   RO         1940    x$fpl$fretinf       fz_wm.l(fretinf.o)
    0x08008312   0x08008312   0x00000004   Code   RO         1806    x$fpl$printf1       fz_wm.l(printf1.o)
    0x08008316   0x08008316   0x00000000   Code   RO         1942    x$fpl$usenofp       fz_wm.l(usenofp.o)
    0x08008316   0x08008316   0x00000011   Data   RO         1756    .constdata          c_w.l(__printf_flags_ss_wp.o)
    0x08008327   0x08008327   0x00000001   PAD
    0x08008328   0x08008328   0x00000030   Data   RO         1944    .constdata          m_wm.l(cos_i.o)
    0x08008358   0x08008358   0x000000cc   Data   RO         1962    .constdata          m_wm.l(rred.o)
    0x08008424   0x08008424   0x00000004   PAD
    0x08008428   0x08008428   0x00000028   Data   RO         1966    .constdata          m_wm.l(sin_i.o)
    0x08008450   0x08008450   0x00000094   Data   RO         2014    .constdata          c_w.l(bigflt0.o)
    0x080084e4   0x080084e4   0x00000010   Data   RO         1294    .rodata.AHBPrescTable  system_stm32f4xx.o
    0x080084f4   0x080084f4   0x00000030   Data   RO         1484    .rodata.KEYPAD_CfgParam  keypad_cfg.o
    0x08008524   0x08008524   0x00001310   Data   RO         1597    .rodata.Microsoft_YaHei_UI  ili9431_user.o
    0x08009834   0x08009834   0x000001d8   Data   RO         1598    .rodata.Microsoft_YaHei_UI_MAP  ili9431_user.o
    0x08009a0c   0x08009a0c   0x000003b0   Data   RO         1388    .rodata.UTF8_table  ili9341_gfx.o
    0x08009dbc   0x08009dbc   0x00025800   Data   RO           41    .rodata.layoutMain  main.o
    0x0802f5bc   0x0802f5bc   0x00000003   Data   RO           40    .rodata.str1.1      main.o
    0x0802f5bf   0x0802f5bf   0x0000000d   Data   RO         1595    .rodata.str1.1      ili9431_user.o
    0x0802f5cc   0x0802f5cc   0x00000020   Data   RO         2175    Region$$Table       anon$$obj.o
    0x0802f5ec   0x0802f5ec   0x0000001c   Data   RO         2040    locale$$data        c_w.l(lc_numeric_c.o)
    0x0802f608   0x0802f608   0x00000110   Data   RO         2085    locale$$data        c_w.l(lc_ctype_c.o)


    Execution Region RW_IRAM1 (Exec base: 0x20000000, Load base: 0x0802f718, Size: 0x00000960, Max: 0x00010000, ABSOLUTE)

    Exec Addr    Load Addr    Size         Type   Attr      Idx    E Section Name        Object

    0x20000000   0x0802f718   0x00000002   Data   RW           44    .data..L_MergedGlobals  main.o
    0x20000002   0x0802f71a   0x00000002   PAD
    0x20000004   0x0802f71c   0x00000008   Data   RW          737    .data..L_MergedGlobals  stm32f4xx_hal.o
    0x2000000c   0x0802f724   0x00000004   Data   RW         1442    .data..L_MergedGlobals  ili9341_stm32_driver.o
    0x20000010   0x0802f728   0x00000004   Data   RW         1599    .data..L_MergedGlobals  ili9431_user.o
    0x20000014   0x0802f72c   0x00000004   Data   RW         1293    .data.SystemCoreClock  system_stm32f4xx.o
    0x20000018   0x0802f730   0x00000020   Data   RW         1594    .data.handleScreen  ili9431_user.o
    0x20000038   0x0802f750   0x00000010   Data   RW         1615    .data.key           keypad_user.o
    0x20000048        -       0x00000060   Zero   RW         1973    .bss                c_w.l(libspace.o)
    0x200000a8        -       0x00000034   Zero   RW         1523    .bss..L_MergedGlobals  button_user.o
    0x200000dc   0x0802f760   0x00000004   PAD
    0x200000e0        -       0x00000042   Zero   RW           45    .bss..L_MergedGlobals.1  main.o
    0x20000122   0x0802f760   0x00000002   PAD
    0x20000124        -       0x00000018   Zero   RW         1600    .bss..L_MergedGlobals.22  ili9431_user.o
    0x2000013c        -       0x0000003c   Zero   RW           39    .bss.dataUserInput  main.o
    0x20000178        -       0x00000004   Zero   RW         1475    .bss.gs_KEYPAD_info  keypad.o
    0x2000017c        -       0x00000060   Zero   RW           83    .bss.hdma_spi1_tx   spi.o
    0x200001dc        -       0x00000058   Zero   RW           82    .bss.hspi1          spi.o
    0x20000234        -       0x00000048   Zero   RW          105    .bss.htim10         tim.o
    0x2000027c        -       0x00000048   Zero   RW          106    .bss.htim11         tim.o
    0x200002c4        -       0x00000048   Zero   RW          104    .bss.htim9          tim.o
    0x2000030c        -       0x00000010   Zero   RW         1634    .bss.inforStep      step_user.o
    0x2000031c        -       0x00000020   Zero   RW          434    .bss.pFlash         stm32f4xx_hal_flash.o
    0x2000033c        -       0x00000001   Zero   RW         1596    .bss.pageInSetup.lastPage  ili9431_user.o
    0x2000033d   0x0802f760   0x00000003   PAD
    0x20000340        -       0x00000008   Zero   RW         1496    .bss.timeReadEncoder  encoder.o
    0x20000348        -       0x00000010   Zero   RW         1616    .bss.u8_KeyStatesArr  keypad_user.o
    0x20000358        -       0x00000002   Zero   RW         1389    .bss.utf8_addr      ili9341_gfx.o
    0x2000035a   0x0802f760   0x00000002   PAD
    0x2000035c        -       0x00000004   Zero   RW          736    .bss.uwTick         stm32f4xx_hal.o
    0x20000360        -       0x00000200   Zero   RW            2    HEAP                startup_stm32f401xc.o
    0x20000560        -       0x00000400   Zero   RW            1    STACK               startup_stm32f401xc.o


==============================================================================

Image component sizes


      Code (inc. data)   RO Data    RW Data    ZI Data      Debug   Object Name

       162          0          0          0          0       2151   button.o
       778         60          0          0         52       3842   button_user.o
        48          0          0          0          0       2990   dma.o
        96          4          0          0          8       1795   encoder.o
       192          8          0          0          0       3011   flash.o
        24          0          0          0          0       1653   flash_user.o
       344         16          0          0          0       3829   gpio.o
      1314         24        944          0          2       9738   ili9341_gfx.o
      1690         80          0          4          0       8864   ili9341_stm32_driver.o
      3322        444       5365         36         25       7937   ili9431_user.o
      1856         40          0          0          4       5214   keypad.o
         0          0         48          0          0       1044   keypad_cfg.o
       238         12          0         16         16       4316   keypad_user.o
      3420        190     153603          2        126      12723   main.o
       224         40          0          0          0       1548   savetoflash.o
       240         24          0          0        184       6543   spi.o
        64         26        404          0       1536        840   startup_stm32f401xc.o
       292         44          0          0         16       4013   step_user.o
       172         12          0          8          4       7001   stm32f4xx_hal.o
       184         24          0          0          0       9904   stm32f4xx_hal_cortex.o
       856         20          0          0          0       9370   stm32f4xx_hal_dma.o
       536         32          0          0         32       5285   stm32f4xx_hal_flash.o
        56          0          0          0          0       6448   stm32f4xx_hal_flash_ex.o
       460         28          0          0          0       5172   stm32f4xx_hal_gpio.o
        56          4          0          0          0       1509   stm32f4xx_hal_msp.o
      1202         40          0          0          0       7637   stm32f4xx_hal_rcc.o
      1506         24          0          0          0      22640   stm32f4xx_hal_spi.o
      1014         48          0          0          0      47274   stm32f4xx_hal_tim.o
         4          0          0          0          0      20081   stm32f4xx_hal_tim_ex.o
        92         20          0          0          0       6366   stm32f4xx_it.o
        16          4         16          4          0       2688   system_stm32f4xx.o
       296         36          0          0        216       7063   tim.o

    ----------------------------------------------------------------------
     20796       1308     160412         72       2232     240489   Object Totals
         0          0         32          0          0          0   (incl. Generated)
        42          4          0          2         11          0   (incl. Padding)

    ----------------------------------------------------------------------

      Code (inc. data)   RO Data    RW Data    ZI Data      Debug   Library Member Name

         8          0          0          0          0         68   __main.o
       392          4         17          0          0         92   __printf_flags_ss_wp.o
        14          0          0          0          0         68   __printf_wp.o
         0          0          0          0          0          0   __rtentry.o
        12          0          0          0          0          0   __rtentry2.o
         6          0          0          0          0          0   __rtentry4.o
        52          8          0          0          0          0   __scatter.o
        26          0          0          0          0          0   __scatter_copy.o
        28          0          0          0          0          0   __scatter_zi.o
        28          0          0          0          0         68   _chval.o
         6          0          0          0          0          0   _printf_c.o
        44          0          0          0          0        108   _printf_char.o
        48          6          0          0          0         96   _printf_char_common.o
         6          0          0          0          0          0   _printf_d.o
       120         16          0          0          0         92   _printf_dec.o
         6          0          0          0          0          0   _printf_f.o
      1052          0          0          0          0        148   _printf_fp_dec.o
       128         16          0          0          0         84   _printf_fp_infnan.o
       178          0          0          0          0         88   _printf_intcommon.o
        10          0          0          0          0          0   _printf_ll.o
         6          0          0          0          0          0   _printf_llu.o
       124         16          0          0          0         92   _printf_longlong_dec.o
        78          0          0          0          0        108   _printf_pad.o
         0          0          0          0          0          0   _printf_percent.o
         4          0          0          0          0          0   _printf_percent_end.o
         6          0          0          0          0          0   _printf_s.o
        82          0          0          0          0         80   _printf_str.o
        22          0          0          0          0        100   _rserrno.o
        10          0          0          0          0         68   _sputc.o
       158          0          0          0          0         92   _strtoul.o
        16          0          0          0          0         68   aeabi_memset4.o
        26          0          0          0          0         80   atoi.o
       228          4        148          0          0         96   bigflt0.o
      1936        128          0          0          0        668   btod.o
        10          0          0          0          0         68   defsig_exit.o
        50          0          0          0          0         88   defsig_general.o
        80         58          0          0          0         76   defsig_rtmem_inner.o
        14          0          0          0          0         80   defsig_rtmem_outer.o
        18          0          0          0          0         80   exit.o
        94          0          0          0          0         80   h1_alloc.o
        52          0          0          0          0         68   h1_extend.o
        78          0          0          0          0         80   h1_free.o
        14          0          0          0          0         84   h1_init.o
         6          0          0          0          0        152   heapauxi.o
         4          0          0          0          0        136   hguard.o
         0          0          0          0          0          0   indicate_semi.o
       138          0          0          0          0        168   init_alloc.o
        44         10        272          0          0         76   lc_ctype_c.o
        44         10         28          0          0         76   lc_numeric_c.o
         2          0          0          0          0          0   libinit.o
        42          0          0          0          0          0   libinit2.o
         2          0          0          0          0          0   libshutdown.o
         2          0          0          0          0          0   libshutdown2.o
         8          4          0          0         96         68   libspace.o
       138          0          0          0          0         80   lludiv10.o
       240          0          0          0          0        100   lludivv7m.o
         0          0          0          0          0          0   maybetermalloc1.o
        88          0          0          0          0         76   memcmp.o
        40          6          0          0          0         84   noretval__2sprintf.o
        16          4          0          0          0         76   rt_ctype_table.o
         8          4          0          0          0         68   rt_errno_addr_intlibspace.o
         8          4          0          0          0         68   rt_heap_descriptor_intlibspace.o
         8          4          0          0          0         68   rt_locale_intlibspace.o
        78          0          0          0          0         80   rt_memclr_w.o
         2          0          0          0          0          0   rtexit.o
        10          0          0          0          0          0   rtexit2.o
       124          0          0          0          0         88   strcmpv7em.o
        72          0          0          0          0         80   strcpy.o
       112          0          0          0          0         88   strtol.o
        12          4          0          0          0         68   sys_exit.o
        74          0          0          0          0         80   sys_stackheap_outer.o
        14          0          0          0          0         76   sys_wrch.o
         2          0          0          0          0         68   use_no_semi.o
        24          0          0          0          0        164   basic.o
        98          4          0          0          0        140   d2f.o
       834         16          0          0          0        516   daddsub_clz.o
        84          0          0          0          0        244   dcmp.o
        24          0          0          0          0        116   dcmpi.o
       692        140          0          0          0        264   ddiv.o
       120          4          0          0          0        140   deqf.o
        94          4          0          0          0        140   dfix.o
        90          4          0          0          0        140   dfixu.o
        84          0          0          0          0        232   dflt_clz.o
       120          4          0          0          0        140   dgeqf.o
       120          4          0          0          0        140   dleqf.o
       340         12          0          0          0        152   dmul.o
       156          4          0          0          0        140   dnaninf.o
        12          0          0          0          0        116   dretinf.o
        86          4          0          0          0        132   f2d.o
       140          4          0          0          0        132   fnaninf.o
        26          0          0          0          0        116   fpinit.o
        10          0          0          0          0        116   fretinf.o
         4          0          0          0          0        116   printf1.o
         0          0          0          0          0          0   usenofp.o
       200         20          0          0          0        164   cos.o
       368         46         48          0          0        200   cos_i.o
        84         16          0          0          0        372   dunder.o
        24          0          0          0          0        124   fabs.o
        48          0          0          0          0        124   fpclassify.o
       248          0          0          0          0        152   poly.o
      1080        142        204          0          0        188   rred.o
       200         20          0          0          0        164   sin.o
       304         24         40          0          0        208   sin_i.o

    ----------------------------------------------------------------------
     12358        782        762          0         96      10084   Library Totals
        36          4          5          0          0          0   (incl. Padding)

    ----------------------------------------------------------------------

      Code (inc. data)   RO Data    RW Data    ZI Data      Debug   Library Name

      6608        306        465          0         96       4992   c_w.l
      3158        204          0          0          0       3396   fz_wm.l
      2556        268        292          0          0       1696   m_wm.l

    ----------------------------------------------------------------------
     12358        782        762          0         96      10084   Library Totals

    ----------------------------------------------------------------------

==============================================================================


      Code (inc. data)   RO Data    RW Data    ZI Data      Debug   

     33154       2090     161174         72       2328     243933   Grand Totals
     33154       2090     161174         72       2328     243933   ELF Image Totals
     33154       2090     161174         72          0          0   ROM Totals

==============================================================================

    Total RO  Size (Code + RO Data)               194328 ( 189.77kB)
    Total RW  Size (RW Data + ZI Data)              2400 (   2.34kB)
    Total ROM Size (Code + RO Data + RW Data)     194400 ( 189.84kB)

==============================================================================

